11-05 13:08:17.000 I/ActivityManager(  422): Start proc com.android.providers.calendar for content provider com.android.providers.calendar/.CalendarProvider2: pid=26755 uid=10006 gids={50006, 3003, 1015, 1028}
11-05 13:08:17.060 E/Trace   (26744): error opening trace file: No such file or directory (2)
11-05 13:08:17.130 D/UsbDeviceManager(  422): enable UsbDeviceManager wakelock wlref = 0
11-05 13:08:17.170 V/UsbDeviceManager(  422): enableDPMLock +++
11-05 13:08:17.240 E/Trace   (26755): error opening trace file: No such file or directory (2)
11-05 13:08:17.350 I/DynamicPManagerService(  422): getCpuScalingMinFreq freq = 60000
11-05 13:08:17.370 I/DynamicPManagerService(  422): setCpuScalingMinFreq freq :1008000
11-05 13:08:17.420 I/DynamicPManagerService(  422): setDramFreqState freq :true
11-05 13:08:17.450 V/audio_hw_primary(  110): start_output_stream, line: 728
11-05 13:08:17.450 V/codec_audio_pad(  110): in normal mode, headset or speaker on,****LINE:81,FUNC:set_normal_path
11-05 13:08:17.490 D/PhoneStatusBar(  649): disable: < expand icons alerts ticker system_info BACK HOME recent* CLOCK search >
11-05 13:08:17.590 V/audio_hw_primary(  110): normal mode , speaker,****LINE:653,FUNC:select_output_device
11-05 13:08:17.590 V/audio_hw_primary(  110): start_output_stream: card:0, port:0, rate:44100
11-05 13:08:17.590 D/alsa_pcm(  110): pcm_open:,sparams.stop_threshold:1540, config->stop_threshold:0
11-05 13:08:17.590 V/audio_hw_primary(  110): do not use out resampler
11-05 13:08:17.590 I/Recovery(26744): Received: Intent { act=com.google.android.gms.recovery.WAKEUP flg=0x14 cmp=com.google.android.gms/.recovery.AccountRecoveryService$Receiver (has extras) }
11-05 13:08:17.610 I/ActivityManager(  422): Start proc com.google.android.gsf.login for service com.google.android.gms/.recovery.AccountRecoveryService: pid=26771 uid=10008 gids={50008, 3003, 1007, 1028, 1015, 2001, 3006}
11-05 13:08:17.710 E/Trace   (26771): error opening trace file: No such file or directory (2)
11-05 13:08:17.720 W/InputMethodManagerService(  422): Window already focused, ignoring focus gain of: com.android.internal.view.IInputMethodClient$Stub$Proxy@41af9408 attribute=android.view.inputmethod.EditorInfo@41dabaa8, token = android.os.BinderProxy@419627e0
11-05 13:08:17.770 D/PhoneStatusBar(  649): disable: < expand icons alerts ticker system_info back* home* recent clock* search >
11-05 13:08:17.920 I/EventLogService(26465): Aggregate from 1383623884040 (log), 1383623884040 (data)
11-05 13:08:17.940 D/PowerManagerService(  422): mHoldBootFastWakeLock = false
11-05 13:08:17.950 W/PowerUI (  649): unknown intent: Intent { act=android.intent.action.ACTION_POWER_CONNECTED flg=0x8000010 }
11-05 13:08:17.980 V/TAG     (  422): bug 7643792: fitSystemWindows([0,25][0,0])
11-05 13:08:18.420 W/ThrottleService(  422): unable to find stats for iface rmnet0
11-05 13:08:18.450 I/Recovery(26744): Received: Intent { act=com.google.android.gms.INITIALIZE flg=0x10 pkg=com.google.android.gms cmp=com.google.android.gms/.recovery.AccountRecoveryService$Receiver }
11-05 13:08:18.470 I/Recovery(26744): Received: Intent { act=com.google.android.gms.INITIALIZE flg=0x10 pkg=com.google.android.gms cmp=com.google.android.gms/.recovery.AccountRecoveryService$Receiver }
11-05 13:08:18.520 I/ActivityManager(  422): Start proc com.google.android.apps.uploader for broadcast com.google.android.apps.uploader/com.google.android.picasasync.BatteryReceiver: pid=26794 uid=10035 gids={50035, 3003, 1015, 1028}
11-05 13:08:18.550 E/Trace   (26794): error opening trace file: No such file or directory (2)
11-05 13:08:18.790 D/dalvikvm(26794): GC_CONCURRENT freed 470K, 19% free 4154K/5112K, paused 3ms+1ms, total 45ms
11-05 13:08:18.790 D/dalvikvm(26794): WAIT_FOR_CONCURRENT_GC blocked 9ms
11-05 13:08:18.800 D/gralloc (  107): use system buffer 
11-05 13:08:18.820 W/BufferQueue(  107): freeAllBuffersLocked called but mQueue is not empty
11-05 13:08:18.820 D/gralloc (  107): use system buffer 
11-05 13:08:18.930 D/PhoneStatusBar(  649): disable: < expand ICONS* alerts TICKER* system_info back home recent CLOCK* search >
11-05 13:08:18.940 D/gralloc (  107): use system buffer 
11-05 13:08:19.030 D/gralloc (  107): use system buffer 
11-05 13:08:19.100 D/UsbDeviceManager(  422): enable UsbDeviceManager wakelock wlref = 1
11-05 13:08:19.520 D/MetricsUtils(26794): [QUERY content://com.google.android.apps.uploader.PicasaUploadProvider/settings query-result:1 time:139]
11-05 13:08:19.520 D/PicasaUploader(26794):    wifiOnlyPhoto changed to true
11-05 13:08:19.520 D/PicasaUploader(26794):    wifiOnlyVideo changed to true
11-05 13:08:19.520 D/PicasaUploader(26794):    syncOnBattery changed to true
11-05 13:08:19.610 D/PicasaUploaderSync(26794): sync account database
11-05 13:08:19.820 D/PicasaUploaderSync(26794): accounts in DB=0
11-05 13:08:19.820 D/PicasaUploaderSyncManager(26794): active network: NetworkInfo: type: WIFI[], state: CONNECTED/CONNECTED, reason: (unspecified), extra: "WIN-3f", roaming: false, failover: false, isAvailable: true
11-05 13:08:19.820 D/PicasaUploaderSyncManager(26794): background data: true
11-05 13:08:19.840 D/PicasaUploaderSyncManager(26794): battery info: true
11-05 13:08:19.880 D/ConnectivityService(  422): Captive portal check NetworkInfo: type: WIFI[], state: CONNECTING/CAPTIVE_PORTAL_CHECK, reason: (unspecified), extra: "WIN-3f", roaming: false, failover: false, isAvailable: true
11-05 13:08:19.880 D/ConnectivityService(  422): Captive portal check NetworkInfo: type: WIFI[], state: CONNECTING/CAPTIVE_PORTAL_CHECK, reason: (unspecified), extra: "WIN-3f", roaming: false, failover: false, isAvailable: true
11-05 13:08:19.890 D/ConnectivityService(  422): ConnectivityChange for WIFI: CONNECTED/CONNECTED
11-05 13:08:19.900 D/ConnectivityService(  422): handleConnectivityChange: address are the same reset per doReset linkProperty[1]: resetMask=0
11-05 13:08:19.900 D/ConnectivityService(  422): renew ip, routesChanged is false.
11-05 13:08:19.900 D/ConnectivityService(  422): renew ip, newLp != null 
11-05 13:08:19.950 D/ConnectivityService(  422): ConnectivityChange for WIFI: CONNECTED/CONNECTED
11-05 13:08:19.950 D/ConnectivityService(  422): handleConnectivityChange: address are the same reset per doReset linkProperty[1]: resetMask=0
11-05 13:08:19.950 D/ConnectivityService(  422): renew ip, routesChanged is false.
11-05 13:08:19.950 D/ConnectivityService(  422): renew ip, newLp != null 
11-05 13:08:20.060 D/dalvikvm(  422): GC_CONCURRENT freed 1799K, 20% free 9511K/11808K, paused 16ms+8ms, total 158ms
11-05 13:08:20.060 D/dalvikvm(  422): WAIT_FOR_CONCURRENT_GC blocked 87ms
11-05 13:08:20.060 D/dalvikvm(  422): WAIT_FOR_CONCURRENT_GC blocked 83ms
11-05 13:08:20.060 D/dalvikvm(  422): WAIT_FOR_CONCURRENT_GC blocked 43ms
11-05 13:08:20.410 I/CalendarProvider2(26755): Sending notification intent: Intent { act=android.intent.action.PROVIDER_CHANGED dat=content://com.android.calendar }
11-05 13:08:20.410 W/ContentResolver(26755): Failed to get type for: content://com.android.calendar (Unknown URL content://com.android.calendar)
11-05 13:08:20.410 D/AlertReceiver(26724): onReceive: a=android.intent.action.PROVIDER_CHANGED Intent { act=android.intent.action.PROVIDER_CHANGED dat=content://com.android.calendar flg=0x10 cmp=com.android.calendar/.alerts.AlertReceiver }
11-05 13:08:20.440 D/AlertService(26724): 0 Action = android.intent.action.PROVIDER_CHANGED
11-05 13:08:20.440 D/AlertService(26724): Beginning updateAlertNotification
11-05 13:08:20.460 D/AlertService(26724): No fired or scheduled alerts
11-05 13:08:20.720 D/audio_hw_primary(  110): out_standby
11-05 13:08:20.840 I/ActivityManager(  422): Process android.process.acore (pid 26600) has died.
11-05 13:08:20.850 I/ActivityManager(  422): Process com.google.android.apps.maps:LocationFriendService (pid 26673) has died.
11-05 13:08:20.890 D/ConnectivityService(  422): NetTransition Wakelock for WifiStateMachine released by timeout
11-05 13:08:22.670 V/audio_hw_primary(  110): start_output_stream, line: 728
11-05 13:08:22.670 V/codec_audio_pad(  110): in normal mode, headset or speaker on,****LINE:81,FUNC:set_normal_path
11-05 13:08:22.680 W/KeyguardViewMediator(  422): verifyUnlock called when not externally disabled
11-05 13:08:22.810 V/audio_hw_primary(  110): normal mode , speaker,****LINE:653,FUNC:select_output_device
11-05 13:08:22.810 V/audio_hw_primary(  110): start_output_stream: card:0, port:0, rate:44100
11-05 13:08:22.810 D/alsa_pcm(  110): pcm_open:,sparams.stop_threshold:1540, config->stop_threshold:0
11-05 13:08:22.810 V/audio_hw_primary(  110): do not use out resampler
11-05 13:08:22.980 D/Tethering(  422): MasterInitialState.processMessage what=3
11-05 13:08:22.990 I/DeviceInfoService(  422): wifi on
11-05 13:08:22.990 I/DeviceInfoService(  422): onReceive BroadcastReceiver
11-05 13:08:22.990 D/OtaService(  422): onreceive action = android.net.conn.CONNECTIVITY_CHANGE
11-05 13:08:22.990 I/OtaService(  422): onReceive BroadcastReceiver
11-05 13:08:23.080 I/ActivityManager(  422): Start proc com.google.android.gcm for broadcast com.google.android.gms/.gcm.ServiceAutoStarter: pid=26861 uid=10008 gids={50008, 3003, 1007, 1028, 1015, 2001, 3006}
11-05 13:08:23.090 D/Tethering(  422): MasterInitialState.processMessage what=3
11-05 13:08:23.100 I/DeviceInfoService(  422): wifi on
11-05 13:08:23.100 I/DeviceInfoService(  422): onReceive BroadcastReceiver
11-05 13:08:23.100 D/OtaService(  422): onreceive action = android.net.conn.CONNECTIVITY_CHANGE
11-05 13:08:23.100 I/OtaService(  422): onReceive BroadcastReceiver
11-05 13:08:23.190 E/Trace   (26861): error opening trace file: No such file or directory (2)
11-05 13:08:23.240 D/PhoneStatusBar(  649): disable: < expand icons* alerts ticker* system_info back home recent clock* search >
11-05 13:08:23.380 D/gralloc (  107): use system buffer 
11-05 13:08:23.390 W/BufferQueue(  107): freeAllBuffersLocked called but mQueue is not empty
11-05 13:08:23.400 D/gralloc (  107): use system buffer 
11-05 13:08:23.410 W/InputMethodManagerService(  422): Window already focused, ignoring focus gain of: com.android.internal.view.IInputMethodClient$Stub$Proxy@4178e500 attribute=null, token = android.os.BinderProxy@419627e0
11-05 13:08:23.440 D/gralloc (  107): use system buffer 
11-05 13:08:23.480 D/gralloc (  107): use system buffer 
11-05 13:08:23.540 D/ConnectivityService(  422): handleInetConditionHoldEnd: net=1, condition=100, published condition=0
11-05 13:08:23.670 I/ActivityManager(  422): Start proc com.softwinner.update for broadcast com.softwinner.update/.LoaderReceiver: pid=26915 uid=10054 gids={50054, 2001, 1015, 1023, 3003, 1028}
11-05 13:08:23.740 E/Trace   (26915): error opening trace file: No such file or directory (2)
11-05 13:08:23.780 D/dalvikvm(26465): GC_CONCURRENT freed 321K, 15% free 4737K/5556K, paused 3ms+7ms, total 151ms
11-05 13:08:23.810 I/ActivityManager(  422): Start proc com.android.browser for broadcast com.android.browser/.OpenDownloadReceiver: pid=26932 uid=10003 gids={50003, 3003, 1015, 1028}
11-05 13:08:23.890 E/Trace   (26932): error opening trace file: No such file or directory (2)
11-05 13:08:24.390 D/PowerManagerService(  422): mHoldBootFastWakeLock = true
11-05 13:08:24.480 I/ActivityManager(  422): Start proc android.process.acore for content provider com.android.providers.contacts/.ContactsProvider2: pid=26962 uid=10000 gids={50000, 3003, 1015, 1028}
11-05 13:08:24.490 I/ActivityManager(  422): START u0 {act=android.intent.action.VIEW_DOWNLOADS flg=0x10000000 cmp=com.android.providers.downloads.ui/.DownloadList} from pid 26932
11-05 13:08:24.500 D/AndroidRuntime(26928): 
11-05 13:08:24.500 D/AndroidRuntime(26928): >>>>>> AndroidRuntime START com.android.internal.os.RuntimeInit <<<<<<
11-05 13:08:24.500 D/AndroidRuntime(26928): CheckJNI is OFF
11-05 13:08:24.620 D/dalvikvm(26928): Trying to load lib libjavacore.so 0x0
11-05 13:08:24.630 D/dalvikvm(26928): Added shared lib libjavacore.so 0x0
11-05 13:08:24.680 D/dalvikvm(26928): Trying to load lib libnativehelper.so 0x0
11-05 13:08:24.680 D/dalvikvm(26928): Added shared lib libnativehelper.so 0x0
11-05 13:08:25.110 D/AndroidRuntime(26928): Calling main entry com.android.commands.am.Am
11-05 13:08:25.110 D/dalvikvm(26928): Note: class Landroid/app/ActivityManagerNative; has 158 unimplemented (abstract) methods
11-05 13:08:25.350 D/dalvikvm(  422): GC_FOR_ALLOC freed 1069K, 21% free 9392K/11808K, paused 737ms, total 739ms
11-05 13:08:25.350 I/dalvikvm-heap(  422): Grow heap (frag case) to 9.771MB for 124216-byte allocation
11-05 13:08:25.470 D/dalvikvm(  422): GC_FOR_ALLOC freed 9K, 21% free 9503K/11932K, paused 71ms, total 72ms
11-05 13:08:25.520 I/ActivityManager(  422): START u0 {flg=0x10000000 cmp=com.ijinshan.ShouJiKong.AndroidDaemon/.ui.WelcomeActivity (has extras)} from pid 26928
11-05 13:08:25.530 D/AndroidRuntime(26928): Shutting down VM
11-05 13:08:25.530 D/dalvikvm(26928): GC_CONCURRENT freed 94K, 17% free 494K/592K, paused 1ms+0ms, total 4ms
11-05 13:08:25.560 E/Trace   (26962): error opening trace file: No such file or directory (2)
11-05 13:08:25.810 W/Smack/Packet(26465): notify conn break (IOEx), close connection
11-05 13:08:25.870 D/audio_hw_primary(  110): out_standby
11-05 13:08:26.090 I/qtaguid (  422): Failed write_ctrl(s 1 10013) res=-1 errno=1
11-05 13:08:26.090 W/NetworkManagementSocketTagger(  422): setKernelCountSet(10013, 1) failed with errno -1
11-05 13:08:26.250 D/libEGL  (26529): loaded /system/lib/egl/libEGL_mali.so
11-05 13:08:26.250 D/dalvikvm(26962): GC_CONCURRENT freed 186K, 14% free 4333K/5008K, paused 3ms+31ms, total 71ms
11-05 13:08:26.260 D/libEGL  (26529): loaded /system/lib/egl/libGLESv1_CM_mali.so
11-05 13:08:26.260 D/libEGL  (26529): loaded /system/lib/egl/libGLESv2_mali.so
11-05 13:08:26.290 D/gralloc (  107): use system buffer 
11-05 13:08:26.560 W/BufferQueue(  107): freeAllBuffersLocked called but mQueue is not empty
11-05 13:08:26.570 D/gralloc (  107): use system buffer 
11-05 13:08:26.570 D/OpenGLRenderer(26529): Enabling debug mode 0
11-05 13:08:26.720 I/Recovery(26744): Received: Intent { act=com.google.android.gms.INITIALIZE flg=0x10 pkg=com.google.android.gms cmp=com.google.android.gms/.recovery.AccountRecoveryService$Receiver }
11-05 13:08:26.730 I/qtaguid (26465): Failed write_ctrl(u 48) res=-1 errno=22
11-05 13:08:26.730 I/qtaguid (26465): Untagging socket 48 failed errno=-22
11-05 13:08:26.730 W/NetworkManagementSocketTagger(26465): untagSocket(48) failed with errno -22
11-05 13:08:26.870 D/dalvikvm(26529): GC_CONCURRENT freed 207K, 14% free 4490K/5188K, paused 10ms+8ms, total 52ms
11-05 13:08:27.040 I/ActivityManager(  422): Displayed com.android.providers.downloads.ui/.DownloadList: +1s511ms
11-05 13:08:27.250 D/gralloc (  107): use system buffer 
11-05 13:08:27.480 I/ActivityManager(  422): Process com.google.android.talk (pid 26486) has died.
11-05 13:08:27.500 D/gralloc (  107): use system buffer 
11-05 13:08:27.620 I/ActivityManager(  422): Process com.android.browser (pid 26932) has died.
11-05 13:08:27.880 D/dalvikvm(  649): GC_CONCURRENT freed 440K, 78% free 6285K/28548K, paused 2ms+13ms, total 48ms
11-05 13:08:29.800 D/ConnectivityService(  422): handleInetConditionHoldEnd: net=1, condition=0, published condition=100
11-05 13:08:32.990 I/GTalkService/c(26465): [AndroidEndpoint@1097834776] connect: acct=1000000, state=CONNECTING
11-05 13:08:34.350 D/dalvikvm(26465): GC_CONCURRENT freed 399K, 16% free 4733K/5624K, paused 3ms+7ms, total 33ms
11-05 13:08:34.860 D/ConnectivityService(  422): handleInetConditionHoldEnd: net=1, condition=100, published condition=0
11-05 13:08:42.120 D/AndroidRuntime(27024): 
11-05 13:08:42.120 D/AndroidRuntime(27024): >>>>>> AndroidRuntime START com.android.internal.os.RuntimeInit <<<<<<
11-05 13:08:42.120 D/AndroidRuntime(27024): CheckJNI is OFF
11-05 13:08:42.140 D/dalvikvm(27024): Trying to load lib libjavacore.so 0x0
11-05 13:08:42.140 D/dalvikvm(27024): Added shared lib libjavacore.so 0x0
11-05 13:08:42.160 D/dalvikvm(27024): Trying to load lib libnativehelper.so 0x0
11-05 13:08:42.160 D/dalvikvm(27024): Added shared lib libnativehelper.so 0x0
11-05 13:08:42.210 D/AndroidRuntime(27027): 
11-05 13:08:42.210 D/AndroidRuntime(27027): >>>>>> AndroidRuntime START com.android.internal.os.RuntimeInit <<<<<<
11-05 13:08:42.210 D/AndroidRuntime(27027): CheckJNI is OFF
11-05 13:08:42.230 D/dalvikvm(27027): Trying to load lib libjavacore.so 0x0
11-05 13:08:42.230 D/dalvikvm(27027): Added shared lib libjavacore.so 0x0
11-05 13:08:42.240 D/dalvikvm(27027): Trying to load lib libnativehelper.so 0x0
11-05 13:08:42.240 D/dalvikvm(27027): Added shared lib libnativehelper.so 0x0
11-05 13:08:42.490 D/AndroidRuntime(27024): Calling main entry com.android.commands.am.Am
11-05 13:08:42.490 D/dalvikvm(27024): Note: class Landroid/app/ActivityManagerNative; has 158 unimplemented (abstract) methods
11-05 13:08:42.510 D/AndroidRuntime(27024): Shutting down VM
11-05 13:08:42.510 W/ActivityManager(  422): Unable to start service Intent { cmp=com.ijinshan.duba/.service.PcConnectService } U=0: not found
11-05 13:08:42.520 D/dalvikvm(27024): GC_CONCURRENT freed 92K, 17% free 493K/588K, paused 0ms+0ms, total 4ms
11-05 13:08:42.580 D/AndroidRuntime(27027): Calling main entry com.android.commands.am.Am
11-05 13:08:42.580 D/dalvikvm(27027): Note: class Landroid/app/ActivityManagerNative; has 158 unimplemented (abstract) methods
11-05 13:08:42.590 D/AndroidRuntime(27027): Shutting down VM
11-05 13:08:42.590 I/ActivityManager(  422): START u0 {flg=0x10000000 cmp=com.ijinshan.ShouJiKong.AndroidDaemon/.ui.WelcomeActivity (has extras)} from pid 27027
11-05 13:08:42.600 D/dalvikvm(27027): GC_CONCURRENT freed 94K, 17% free 494K/592K, paused 1ms+0ms, total 4ms
11-05 13:08:42.960 D/AndroidRuntime(27048): 
11-05 13:08:42.960 D/AndroidRuntime(27048): >>>>>> AndroidRuntime START com.android.internal.os.RuntimeInit <<<<<<
11-05 13:08:42.960 D/AndroidRuntime(27048): CheckJNI is OFF
11-05 13:08:42.970 D/dalvikvm(27048): Trying to load lib libjavacore.so 0x0
11-05 13:08:42.980 D/dalvikvm(27048): Added shared lib libjavacore.so 0x0
11-05 13:08:42.980 D/dalvikvm(27048): Trying to load lib libnativehelper.so 0x0
11-05 13:08:42.980 D/dalvikvm(27048): Added shared lib libnativehelper.so 0x0
11-05 13:08:43.150 D/AndroidRuntime(27048): Calling main entry com.android.commands.am.Am
11-05 13:08:43.160 D/dalvikvm(27048): Note: class Landroid/app/ActivityManagerNative; has 158 unimplemented (abstract) methods
11-05 13:08:43.160 D/AndroidRuntime(27048): Shutting down VM
11-05 13:08:43.160 W/ActivityManager(  422): Unable to start service Intent { cmp=com.ijinshan.duba/.service.PcConnectService } U=0: not found
11-05 13:08:43.170 D/dalvikvm(27048): GC_CONCURRENT freed 92K, 17% free 493K/588K, paused 1ms+0ms, total 4ms
11-05 13:09:00.140 D/dalvikvm(  422): GC_CONCURRENT freed 1452K, 23% free 9290K/11932K, paused 4ms+6ms, total 111ms
11-05 13:09:22.590 I/PowerManagerService(  422): Going to sleep due to screen timeout...
11-05 13:09:23.020 D/SurfaceFlinger(  107): Screen released, type=0 flinger=0x40c87318
11-05 13:09:23.240 V/audio_hw_primary(  110): adev_set_parameters, screen_state=off
11-05 13:09:23.300 I/qtaguid (  422): Failed write_ctrl(s 0 10013) res=-1 errno=1
11-05 13:09:23.310 W/NetworkManagementSocketTagger(  422): setKernelCountSet(10013, 0) failed with errno -1
11-05 13:09:23.350 I/qtaguid (  422): Failed write_ctrl(s 0 10031) res=-1 errno=1
11-05 13:09:23.350 W/NetworkManagementSocketTagger(  422): setKernelCountSet(10031, 0) failed with errno -1
11-05 13:09:23.430 D/dalvikvm(  422): GC_FOR_ALLOC freed 601K, 20% free 9599K/11932K, paused 69ms, total 70ms
11-05 13:09:23.500 D/dalvikvm(  422): GC_FOR_ALLOC freed 151K, 20% free 9642K/11932K, paused 51ms, total 52ms
11-05 13:09:23.560 D/PowerManagerService-JNI(  422): Excessive delay in autosuspend_enable() while turning screen off: 541ms
11-05 13:09:23.590 D/dalvikvm(  422): GC_FOR_ALLOC freed 104K, 19% free 9687K/11932K, paused 80ms, total 81ms
11-05 13:09:23.630 D/PhoneStatusBar(  649): disable: < expand icons alerts ticker system_info back home RECENT* clock search >
11-05 13:09:23.660 V/TAG     (  422): bug 7643792: fitSystemWindows([0,25][0,0])
11-05 13:09:23.660 D/gralloc (  107): use system buffer 
11-05 13:09:23.690 W/BufferQueue(  107): freeAllBuffersLocked called but mQueue is not empty
11-05 13:09:23.690 D/gralloc (  107): use system buffer 
11-05 13:09:23.720 D/PhoneStatusBar(  649): disable: < expand icons alerts ticker system_info BACK* HOME* RECENT CLOCK* search >
11-05 13:09:24.500 D/PowerManagerService(  422): mHoldBootFastWakeLock = true
11-05 13:09:27.960 I/PowerManagerService(  422): Waking up from sleep...
11-05 13:09:27.990 D/SurfaceFlinger(  107): Screen acquired, type=0 flinger=0x40c87318
11-05 13:09:28.040 V/audio_hw_primary(  110): adev_set_parameters, screen_state=on
11-05 13:09:28.080 I/qtaguid (  422): Failed write_ctrl(s 1 10013) res=-1 errno=1
11-05 13:09:28.080 W/NetworkManagementSocketTagger(  422): setKernelCountSet(10013, 1) failed with errno -1
11-05 13:09:28.100 I/qtaguid (  422): Failed write_ctrl(s 1 10031) res=-1 errno=1
11-05 13:09:28.100 W/NetworkManagementSocketTagger(  422): setKernelCountSet(10031, 1) failed with errno -1
11-05 13:09:28.270 I/WindowManager(  422): Lock screen displayed!
11-05 13:09:28.300 D/gralloc (  107): use system buffer 
11-05 13:09:28.380 D/gralloc (  107): use system buffer 
11-05 13:09:28.520 I/ActivityManager(  422): Process com.google.android.apps.maps:FriendService (pid 26660) has died.
11-05 13:09:28.760 D/dalvikvm(  422): GC_FOR_ALLOC freed 814K, 18% free 9831K/11932K, paused 96ms, total 99ms
11-05 13:09:29.240 V/audio_hw_primary(  110): start_output_stream, line: 728
11-05 13:09:29.240 V/codec_audio_pad(  110): in normal mode, headset or speaker on,****LINE:81,FUNC:set_normal_path
11-05 13:09:29.270 D/PhoneStatusBar(  649): disable: < expand icons alerts ticker system_info BACK HOME recent* CLOCK search >
11-05 13:09:29.380 V/audio_hw_primary(  110): normal mode , speaker,****LINE:653,FUNC:select_output_device
11-05 13:09:29.380 V/audio_hw_primary(  110): start_output_stream: card:0, port:0, rate:44100
11-05 13:09:29.380 D/alsa_pcm(  110): pcm_open:,sparams.stop_threshold:1540, config->stop_threshold:0
11-05 13:09:29.380 V/audio_hw_primary(  110): do not use out resampler
11-05 13:09:29.550 D/PhoneStatusBar(  649): disable: < expand icons alerts ticker system_info back* home* recent clock* search >
11-05 13:09:29.610 D/dalvikvm(26529): GC_CONCURRENT freed 240K, 14% free 4653K/5384K, paused 3ms+30ms, total 119ms
11-05 13:09:29.720 W/InputMethodManagerService(  422): Window already focused, ignoring focus gain of: com.android.internal.view.IInputMethodClient$Stub$Proxy@41c932b8 attribute=android.view.inputmethod.EditorInfo@41af33e0, token = android.os.BinderProxy@41affae0
11-05 13:09:29.760 V/TAG     (  422): bug 7643792: fitSystemWindows([0,25][0,0])
11-05 13:09:32.510 D/audio_hw_primary(  110): out_standby
11-05 13:09:33.470 V/audio_hw_primary(  110): start_output_stream, line: 728
11-05 13:09:33.470 V/codec_audio_pad(  110): in normal mode, headset or speaker on,****LINE:81,FUNC:set_normal_path
11-05 13:09:33.600 D/dalvikvm(26529): GC_CONCURRENT freed 406K, 17% free 4644K/5540K, paused 3ms+11ms, total 45ms
11-05 13:09:33.620 V/audio_hw_primary(  110): normal mode , speaker,****LINE:653,FUNC:select_output_device
11-05 13:09:33.620 V/audio_hw_primary(  110): start_output_stream: card:0, port:0, rate:44100
11-05 13:09:33.620 D/alsa_pcm(  110): pcm_open:,sparams.stop_threshold:1540, config->stop_threshold:0
11-05 13:09:33.620 V/audio_hw_primary(  110): do not use out resampler
11-05 13:09:34.520 D/PowerManagerService(  422): mHoldBootFastWakeLock = true
11-05 13:09:35.650 D/dalvikvm(26529): GC_CONCURRENT freed 314K, 15% free 4729K/5540K, paused 2ms+13ms, total 40ms
11-05 13:09:38.570 D/audio_hw_primary(  110): out_standby
11-05 13:10:09.510 D/dalvikvm(  422): GC_FOR_ALLOC freed 1443K, 22% free 9416K/11932K, paused 67ms, total 68ms
11-05 13:10:34.630 D/PowerManagerService(  422): mHoldBootFastWakeLock = true
11-05 13:10:35.340 I/PowerManagerService(  422): Going to sleep due to screen timeout...
11-05 13:10:35.780 D/SurfaceFlinger(  107): Screen released, type=0 flinger=0x40c87318
11-05 13:10:35.990 V/audio_hw_primary(  110): adev_set_parameters, screen_state=off
11-05 13:10:36.050 I/qtaguid (  422): Failed write_ctrl(s 0 10013) res=-1 errno=1
11-05 13:10:36.050 W/NetworkManagementSocketTagger(  422): setKernelCountSet(10013, 0) failed with errno -1
11-05 13:10:36.090 I/qtaguid (  422): Failed write_ctrl(s 0 10031) res=-1 errno=1
11-05 13:10:36.090 W/NetworkManagementSocketTagger(  422): setKernelCountSet(10031, 0) failed with errno -1
11-05 13:10:36.150 D/PhoneStatusBar(  649): disable: < expand icons alerts ticker system_info back home RECENT* clock search >
11-05 13:10:36.170 V/TAG     (  422): bug 7643792: fitSystemWindows([0,25][0,0])
11-05 13:10:36.170 D/gralloc (  107): use system buffer 
11-05 13:10:36.190 W/BufferQueue(  107): freeAllBuffersLocked called but mQueue is not empty
11-05 13:10:36.190 D/gralloc (  107): use system buffer 
11-05 13:10:36.220 D/PhoneStatusBar(  649): disable: < expand icons alerts ticker system_info BACK* HOME* RECENT CLOCK* search >
11-05 13:10:36.310 D/PowerManagerService-JNI(  422): Excessive delay in autosuspend_enable() while turning screen off: 522ms
11-05 13:10:39.950 I/PowerManagerService(  422): Waking up from sleep...
11-05 13:10:39.970 D/SurfaceFlinger(  107): Screen acquired, type=0 flinger=0x40c87318
11-05 13:10:40.060 V/audio_hw_primary(  110): adev_set_parameters, screen_state=on
11-05 13:10:40.070 I/qtaguid (  422): Failed write_ctrl(s 1 10013) res=-1 errno=1
11-05 13:10:40.070 W/NetworkManagementSocketTagger(  422): setKernelCountSet(10013, 1) failed with errno -1
11-05 13:10:40.090 I/qtaguid (  422): Failed write_ctrl(s 1 10031) res=-1 errno=1
11-05 13:10:40.090 W/NetworkManagementSocketTagger(  422): setKernelCountSet(10031, 1) failed with errno -1
11-05 13:10:40.240 I/WindowManager(  422): Lock screen displayed!
11-05 13:10:40.260 D/gralloc (  107): use system buffer 
11-05 13:10:40.350 D/gralloc (  107): use system buffer 
11-05 13:10:40.680 D/dalvikvm(  649): GC_CONCURRENT freed 728K, 79% free 6209K/28548K, paused 5ms+98ms, total 295ms
11-05 13:10:40.760 D/dalvikvm(  422): GC_CONCURRENT freed 1166K, 20% free 9581K/11932K, paused 5ms+8ms, total 225ms
11-05 13:10:40.760 D/dalvikvm(  422): WAIT_FOR_CONCURRENT_GC blocked 139ms
11-05 13:10:40.760 D/dalvikvm(  422): WAIT_FOR_CONCURRENT_GC blocked 43ms
11-05 13:10:40.900 I/ActivityManager(  422): Process com.android.providers.calendar (pid 26755) has died.
11-05 13:10:41.100 V/audio_hw_primary(  110): start_output_stream, line: 728
11-05 13:10:41.100 V/codec_audio_pad(  110): in normal mode, headset or speaker on,****LINE:81,FUNC:set_normal_path
11-05 13:10:41.130 D/PhoneStatusBar(  649): disable: < expand icons alerts ticker system_info BACK HOME recent* CLOCK search >
11-05 13:10:41.240 V/audio_hw_primary(  110): normal mode , speaker,****LINE:653,FUNC:select_output_device
11-05 13:10:41.240 V/audio_hw_primary(  110): start_output_stream: card:0, port:0, rate:44100
11-05 13:10:41.240 D/alsa_pcm(  110): pcm_open:,sparams.stop_threshold:1540, config->stop_threshold:0
11-05 13:10:41.240 V/audio_hw_primary(  110): do not use out resampler
11-05 13:10:41.340 D/PhoneStatusBar(  649): disable: < expand icons alerts ticker system_info back* home* recent clock* search >
11-05 13:10:41.560 W/InputMethodManagerService(  422): Window already focused, ignoring focus gain of: com.android.internal.view.IInputMethodClient$Stub$Proxy@41b3ccf0 attribute=android.view.inputmethod.EditorInfo@41b263d0, token = android.os.BinderProxy@41affae0
11-05 13:10:41.620 V/TAG     (  422): bug 7643792: fitSystemWindows([0,25][0,0])
11-05 13:10:41.760 D/dalvikvm(26529): GC_CONCURRENT freed 323K, 15% free 4813K/5628K, paused 4ms+16ms, total 60ms
11-05 13:10:44.380 D/audio_hw_primary(  110): out_standby
11-05 13:10:44.650 D/PowerManagerService(  422): mHoldBootFastWakeLock = true
11-05 13:11:41.060 I/PowerManagerService(  422): Going to sleep due to screen timeout...
11-05 13:11:41.500 D/SurfaceFlinger(  107): Screen released, type=0 flinger=0x40c87318
11-05 13:11:41.720 V/audio_hw_primary(  110): adev_set_parameters, screen_state=off
11-05 13:11:41.790 I/qtaguid (  422): Failed write_ctrl(s 0 10013) res=-1 errno=1
11-05 13:11:41.790 W/NetworkManagementSocketTagger(  422): setKernelCountSet(10013, 0) failed with errno -1
11-05 13:11:41.810 I/qtaguid (  422): Failed write_ctrl(s 0 10031) res=-1 errno=1
11-05 13:11:41.820 W/NetworkManagementSocketTagger(  422): setKernelCountSet(10031, 0) failed with errno -1
11-05 13:11:41.870 D/dalvikvm(  422): GC_CONCURRENT freed 1407K, 21% free 9475K/11932K, paused 11ms+20ms, total 178ms
11-05 13:11:41.870 D/dalvikvm(  422): WAIT_FOR_CONCURRENT_GC blocked 152ms
11-05 13:11:41.920 D/dalvikvm(  422): GC_FOR_ALLOC freed 77K, 21% free 9499K/11932K, paused 51ms, total 51ms
11-05 13:11:42.010 D/dalvikvm(  422): GC_FOR_ALLOC freed 117K, 21% free 9523K/11932K, paused 57ms, total 58ms
11-05 13:11:42.010 I/dalvikvm-heap(  422): Grow heap (frag case) to 9.908MB for 133972-byte allocation
11-05 13:11:42.060 D/PowerManagerService-JNI(  422): Excessive delay in autosuspend_enable() while turning screen off: 543ms
11-05 13:11:42.090 D/dalvikvm(  422): GC_FOR_ALLOC freed 3K, 21% free 9649K/12064K, paused 82ms, total 82ms
11-05 13:11:42.140 D/dalvikvm(  422): GC_FOR_ALLOC freed 131K, 21% free 9577K/12064K, paused 52ms, total 53ms
11-05 13:11:42.210 D/dalvikvm(  422): GC_FOR_ALLOC freed 238K, 20% free 9682K/12064K, paused 51ms, total 51ms
11-05 13:11:42.260 D/PhoneStatusBar(  649): disable: < expand icons alerts ticker system_info back home RECENT* clock search >
11-05 13:11:42.280 V/TAG     (  422): bug 7643792: fitSystemWindows([0,25][0,0])
11-05 13:11:42.280 D/gralloc (  107): use system buffer 
11-05 13:11:42.310 W/BufferQueue(  107): freeAllBuffersLocked called but mQueue is not empty
11-05 13:11:42.310 D/gralloc (  107): use system buffer 
11-05 13:11:42.340 D/PhoneStatusBar(  649): disable: < expand icons alerts ticker system_info BACK* HOME* RECENT CLOCK* search >
11-05 13:11:44.770 D/PowerManagerService(  422): mHoldBootFastWakeLock = true
11-05 13:12:24.860 D/PowerManagerService(  422): mHoldBootFastWakeLock = true
11-05 13:12:32.820 D/dalvikvm(  422): GC_FOR_ALLOC freed 1061K, 19% free 9847K/12052K, paused 70ms, total 74ms
11-05 13:13:35.550 D/AndroidRuntime(27171): 
11-05 13:13:35.550 D/AndroidRuntime(27171): >>>>>> AndroidRuntime START com.android.internal.os.RuntimeInit <<<<<<
11-05 13:13:35.550 D/AndroidRuntime(27171): CheckJNI is OFF
11-05 13:13:35.570 D/dalvikvm(27171): Trying to load lib libjavacore.so 0x0
11-05 13:13:35.600 D/dalvikvm(27171): Added shared lib libjavacore.so 0x0
11-05 13:13:35.600 D/dalvikvm(27171): Trying to load lib libnativehelper.so 0x0
11-05 13:13:35.600 D/dalvikvm(27171): Added shared lib libnativehelper.so 0x0
11-05 13:13:35.650 D/AndroidRuntime(27174): 
11-05 13:13:35.650 D/AndroidRuntime(27174): >>>>>> AndroidRuntime START com.android.internal.os.RuntimeInit <<<<<<
11-05 13:13:35.650 D/AndroidRuntime(27174): CheckJNI is OFF
11-05 13:13:35.670 D/dalvikvm(27174): Trying to load lib libjavacore.so 0x0
11-05 13:13:35.670 D/dalvikvm(27174): Added shared lib libjavacore.so 0x0
11-05 13:13:35.680 D/dalvikvm(27174): Trying to load lib libnativehelper.so 0x0
11-05 13:13:35.680 D/dalvikvm(27174): Added shared lib libnativehelper.so 0x0
11-05 13:13:35.930 D/AndroidRuntime(27171): Calling main entry com.android.commands.am.Am
11-05 13:13:35.930 D/dalvikvm(27171): Note: class Landroid/app/ActivityManagerNative; has 158 unimplemented (abstract) methods
11-05 13:13:35.950 D/AndroidRuntime(27171): Shutting down VM
11-05 13:13:35.950 W/ActivityManager(  422): Unable to start service Intent { cmp=com.ijinshan.duba/.service.PcConnectService } U=0: not found
11-05 13:13:35.960 D/dalvikvm(27171): GC_CONCURRENT freed 92K, 17% free 493K/588K, paused 0ms+1ms, total 5ms
11-05 13:13:36.010 D/AndroidRuntime(27174): Calling main entry com.android.commands.am.Am
11-05 13:13:36.010 D/dalvikvm(27174): Note: class Landroid/app/ActivityManagerNative; has 158 unimplemented (abstract) methods
11-05 13:13:36.020 D/AndroidRuntime(27174): Shutting down VM
11-05 13:13:36.020 D/dalvikvm(27174): GC_CONCURRENT freed 94K, 17% free 494K/592K, paused 0ms+0ms, total 3ms
11-05 13:13:36.020 I/ActivityManager(  422): START u0 {flg=0x10000000 cmp=com.ijinshan.ShouJiKong.AndroidDaemon/.ui.WelcomeActivity (has extras)} from pid 27174
11-05 13:13:36.360 D/AndroidRuntime(27195): 
11-05 13:13:36.360 D/AndroidRuntime(27195): >>>>>> AndroidRuntime START com.android.internal.os.RuntimeInit <<<<<<
11-05 13:13:36.360 D/AndroidRuntime(27195): CheckJNI is OFF
11-05 13:13:36.370 D/dalvikvm(27195): Trying to load lib libjavacore.so 0x0
11-05 13:13:36.380 D/dalvikvm(27195): Added shared lib libjavacore.so 0x0
11-05 13:13:36.380 D/dalvikvm(27195): Trying to load lib libnativehelper.so 0x0
11-05 13:13:36.380 D/dalvikvm(27195): Added shared lib libnativehelper.so 0x0
11-05 13:13:36.550 D/AndroidRuntime(27195): Calling main entry com.android.commands.am.Am
11-05 13:13:36.550 D/dalvikvm(27195): Note: class Landroid/app/ActivityManagerNative; has 158 unimplemented (abstract) methods
11-05 13:13:36.560 D/AndroidRuntime(27195): Shutting down VM
11-05 13:13:36.560 D/dalvikvm(27195): GC_CONCURRENT freed 92K, 17% free 493K/588K, paused 0ms+1ms, total 4ms
11-05 13:13:36.560 W/ActivityManager(  422): Unable to start service Intent { cmp=com.ijinshan.duba/.service.PcConnectService } U=0: not found
11-05 13:14:23.590 D/dalvikvm(  422): GC_FOR_ALLOC freed 1249K, 22% free 9516K/12052K, paused 67ms, total 67ms
11-05 13:15:15.200 D/PowerManagerService(  422): mHoldBootFastWakeLock = true
11-05 13:16:54.620 D/dalvikvm(  422): GC_CONCURRENT freed 1118K, 20% free 9645K/12052K, paused 4ms+5ms, total 74ms
11-05 13:18:18.420 W/ThrottleService(  422): unable to find stats for iface rmnet0
11-05 13:19:25.590 D/dalvikvm(  422): GC_FOR_ALLOC freed 1165K, 20% free 9700K/12044K, paused 67ms, total 68ms
11-05 13:20:15.800 D/PowerManagerService(  422): mHoldBootFastWakeLock = true
11-05 13:22:01.630 D/dalvikvm(  422): GC_FOR_ALLOC freed 1168K, 20% free 9702K/12044K, paused 67ms, total 68ms
11-05 13:22:58.310 I/PowerManagerService(  422): Waking up from sleep...
11-05 13:22:58.330 D/SurfaceFlinger(  107): Screen acquired, type=0 flinger=0x40c87318
11-05 13:22:58.410 V/audio_hw_primary(  110): adev_set_parameters, screen_state=on
11-05 13:22:58.430 I/qtaguid (  422): Failed write_ctrl(s 1 10013) res=-1 errno=1
11-05 13:22:58.430 W/NetworkManagementSocketTagger(  422): setKernelCountSet(10013, 1) failed with errno -1
11-05 13:22:58.450 I/qtaguid (  422): Failed write_ctrl(s 1 10031) res=-1 errno=1
11-05 13:22:58.450 W/NetworkManagementSocketTagger(  422): setKernelCountSet(10031, 1) failed with errno -1
11-05 13:22:58.620 I/WindowManager(  422): Lock screen displayed!
11-05 13:22:58.690 D/gralloc (  107): use system buffer 
11-05 13:22:58.760 D/gralloc (  107): use system buffer 
11-05 13:22:58.980 D/dalvikvm(  649): GC_CONCURRENT freed 518K, 78% free 6302K/28548K, paused 6ms+39ms, total 183ms
11-05 13:22:59.290 I/ActivityManager(  422): Process com.android.calendar (pid 26724) has died.
11-05 13:22:59.960 V/audio_hw_primary(  110): start_output_stream, line: 728
11-05 13:22:59.960 V/codec_audio_pad(  110): in normal mode, headset or speaker on,****LINE:81,FUNC:set_normal_path
11-05 13:23:00.030 D/PhoneStatusBar(  649): disable: < expand icons alerts ticker system_info BACK HOME recent* CLOCK search >
11-05 13:23:00.110 V/audio_hw_primary(  110): normal mode , speaker,****LINE:653,FUNC:select_output_device
11-05 13:23:00.110 V/audio_hw_primary(  110): start_output_stream: card:0, port:0, rate:44100
11-05 13:23:00.110 D/alsa_pcm(  110): pcm_open:,sparams.stop_threshold:1540, config->stop_threshold:0
11-05 13:23:00.110 V/audio_hw_primary(  110): do not use out resampler
11-05 13:23:00.280 D/PhoneStatusBar(  649): disable: < expand icons alerts ticker system_info back* home* recent clock* search >
11-05 13:23:00.470 V/TAG     (  422): bug 7643792: fitSystemWindows([0,25][0,0])
11-05 13:23:00.500 W/InputMethodManagerService(  422): Window already focused, ignoring focus gain of: com.android.internal.view.IInputMethodClient$Stub$Proxy@418a1a38 attribute=android.view.inputmethod.EditorInfo@419faa70, token = android.os.BinderProxy@41affae0
11-05 13:23:00.680 D/dalvikvm(26529): GC_CONCURRENT freed 430K, 17% free 4810K/5732K, paused 3ms+22ms, total 104ms
11-05 13:23:00.780 D/dalvikvm(  422): GC_FOR_ALLOC freed 1517K, 22% free 9400K/12044K, paused 76ms, total 77ms
11-05 13:23:00.790 D/gralloc (  107): use system buffer 
11-05 13:23:00.790 W/BufferQueue(  107): freeAllBuffersLocked called but mQueue is not empty
11-05 13:23:00.790 D/gralloc (  107): use system buffer 
11-05 13:23:00.900 D/gralloc (  107): use system buffer 
11-05 13:23:00.950 D/PhoneStatusBar(  649): disable: < expand ICONS* alerts TICKER* system_info back home recent CLOCK* search >
11-05 13:23:00.980 D/gralloc (  107): use system buffer 
11-05 13:23:01.200 I/ActivityManager(  422): Process com.google.android.inputmethod.latin.dictionarypack (pid 26593) has died.
11-05 13:23:02.300 D/PhoneStatusBar(  649): disable: < expand icons* alerts ticker* system_info back home recent clock* search >
11-05 13:23:02.360 W/InputMethodManagerService(  422): Window already focused, ignoring focus gain of: com.android.internal.view.IInputMethodClient$Stub$Proxy@41992bd8 attribute=null, token = android.os.BinderProxy@41affae0
11-05 13:23:02.380 D/gralloc (  107): use system buffer 
11-05 13:23:02.380 W/BufferQueue(  107): freeAllBuffersLocked called but mQueue is not empty
11-05 13:23:02.380 D/gralloc (  107): use system buffer 
11-05 13:23:02.390 D/gralloc (  107): use system buffer 
11-05 13:23:02.410 D/gralloc (  107): use system buffer 
11-05 13:23:03.240 D/audio_hw_primary(  110): out_standby
11-05 13:23:03.400 V/audio_hw_primary(  110): start_output_stream, line: 728
11-05 13:23:03.400 V/codec_audio_pad(  110): in normal mode, headset or speaker on,****LINE:81,FUNC:set_normal_path
11-05 13:23:03.430 D/gralloc (  107): use system buffer 
11-05 13:23:03.430 W/BufferQueue(  107): freeAllBuffersLocked called but mQueue is not empty
11-05 13:23:03.430 D/gralloc (  107): use system buffer 
11-05 13:23:03.540 V/audio_hw_primary(  110): normal mode , speaker,****LINE:653,FUNC:select_output_device
11-05 13:23:03.540 V/audio_hw_primary(  110): start_output_stream: card:0, port:0, rate:44100
11-05 13:23:03.540 D/alsa_pcm(  110): pcm_open:,sparams.stop_threshold:1540, config->stop_threshold:0
11-05 13:23:03.540 V/audio_hw_primary(  110): do not use out resampler
11-05 13:23:04.570 D/gralloc (  107): use system buffer 
11-05 13:23:04.580 D/gralloc (  107): use system buffer 
11-05 13:23:06.140 D/PowerManagerService(  422): mHoldBootFastWakeLock = true
11-05 13:23:06.610 D/audio_hw_primary(  110): out_standby
11-05 13:23:12.220 V/audio_hw_primary(  110): start_output_stream, line: 728
11-05 13:23:12.220 V/codec_audio_pad(  110): in normal mode, headset or speaker on,****LINE:81,FUNC:set_normal_path
11-05 13:23:12.230 W/InputMethodManagerService(  422): Window already focused, ignoring focus gain of: com.android.internal.view.IInputMethodClient$Stub$Proxy@41bf7108 attribute=null, token = android.os.BinderProxy@41affae0
11-05 13:23:12.370 V/audio_hw_primary(  110): normal mode , speaker,****LINE:653,FUNC:select_output_device
11-05 13:23:12.370 V/audio_hw_primary(  110): start_output_stream: card:0, port:0, rate:44100
11-05 13:23:12.370 D/alsa_pcm(  110): pcm_open:,sparams.stop_threshold:1540, config->stop_threshold:0
11-05 13:23:12.370 V/audio_hw_primary(  110): do not use out resampler
11-05 13:23:15.440 D/audio_hw_primary(  110): out_standby
11-05 13:23:16.600 D/dalvikvm(26529): GC_CONCURRENT freed 320K, 15% free 4896K/5756K, paused 3ms+16ms, total 38ms
11-05 13:23:16.720 D/gralloc (  107): use system buffer 
11-05 13:23:16.720 W/BufferQueue(  107): freeAllBuffersLocked called but mQueue is not empty
11-05 13:23:16.730 D/gralloc (  107): use system buffer 
11-05 13:23:16.800 D/gralloc (  107): use system buffer 
11-05 13:23:16.820 D/gralloc (  107): use system buffer 
11-05 13:23:19.730 V/audio_hw_primary(  110): start_output_stream, line: 728
11-05 13:23:19.730 V/codec_audio_pad(  110): in normal mode, headset or speaker on,****LINE:81,FUNC:set_normal_path
11-05 13:23:19.880 V/audio_hw_primary(  110): normal mode , speaker,****LINE:653,FUNC:select_output_device
11-05 13:23:19.880 V/audio_hw_primary(  110): start_output_stream: card:0, port:0, rate:44100
11-05 13:23:19.880 D/alsa_pcm(  110): pcm_open:,sparams.stop_threshold:1540, config->stop_threshold:0
11-05 13:23:19.880 V/audio_hw_primary(  110): do not use out resampler
11-05 13:23:22.950 D/audio_hw_primary(  110): out_standby
11-05 13:23:23.910 V/audio_hw_primary(  110): start_output_stream, line: 728
11-05 13:23:23.910 V/codec_audio_pad(  110): in normal mode, headset or speaker on,****LINE:81,FUNC:set_normal_path
11-05 13:23:24.010 D/dalvikvm(26529): GC_CONCURRENT freed 459K, 17% free 4856K/5804K, paused 8ms+18ms, total 78ms
11-05 13:23:24.050 V/audio_hw_primary(  110): normal mode , speaker,****LINE:653,FUNC:select_output_device
11-05 13:23:24.050 V/audio_hw_primary(  110): start_output_stream: card:0, port:0, rate:44100
11-05 13:23:24.050 D/alsa_pcm(  110): pcm_open:,sparams.stop_threshold:1540, config->stop_threshold:0
11-05 13:23:24.050 V/audio_hw_primary(  110): do not use out resampler
11-05 13:23:25.270 D/dalvikvm(  422): GC_CONCURRENT freed 1336K, 23% free 9392K/12044K, paused 3ms+6ms, total 164ms
11-05 13:23:25.270 D/dalvikvm(  422): WAIT_FOR_CONCURRENT_GC blocked 21ms
11-05 13:23:25.390 I/qtaguid (  422): Failed write_ctrl(s 0 10013) res=-1 errno=1
11-05 13:23:25.390 W/NetworkManagementSocketTagger(  422): setKernelCountSet(10013, 0) failed with errno -1
11-05 13:23:27.690 I/PowerManagerService(  422): Going to sleep by user request...
11-05 13:23:28.140 D/SurfaceFlinger(  107): Screen released, type=0 flinger=0x40c87318
11-05 13:23:28.220 D/audio_hw_primary(  110): out_standby
11-05 13:23:28.410 V/audio_hw_primary(  110): adev_set_parameters, screen_state=off
11-05 13:23:28.430 I/qtaguid (  422): Failed write_ctrl(s 0 10031) res=-1 errno=1
11-05 13:23:28.430 W/NetworkManagementSocketTagger(  422): setKernelCountSet(10031, 0) failed with errno -1
11-05 13:23:28.430 D/PhoneStatusBar(  649): disable: < expand icons alerts ticker system_info back home RECENT* clock search >
11-05 13:23:28.490 V/audio_hw_primary(  110): start_output_stream, line: 728
11-05 13:23:28.490 V/codec_audio_pad(  110): in normal mode, headset or speaker on,****LINE:81,FUNC:set_normal_path
11-05 13:23:28.510 V/TAG     (  422): bug 7643792: fitSystemWindows([0,25][0,0])
11-05 13:23:28.520 D/gralloc (  107): use system buffer 
11-05 13:23:28.540 W/BufferQueue(  107): freeAllBuffersLocked called but mQueue is not empty
11-05 13:23:28.540 D/gralloc (  107): use system buffer 
11-05 13:23:28.560 D/PhoneStatusBar(  649): disable: < expand icons alerts ticker system_info BACK* HOME* RECENT CLOCK* search >
11-05 13:23:28.660 V/audio_hw_primary(  110): normal mode , speaker,****LINE:653,FUNC:select_output_device
11-05 13:23:28.660 V/audio_hw_primary(  110): start_output_stream: card:0, port:0, rate:44100
11-05 13:23:28.660 D/alsa_pcm(  110): pcm_open:,sparams.stop_threshold:1540, config->stop_threshold:0
11-05 13:23:28.660 V/audio_hw_primary(  110): do not use out resampler
11-05 13:23:28.660 D/PowerManagerService-JNI(  422): Excessive delay in autosuspend_enable() while turning screen off: 519ms
11-05 13:23:31.790 D/audio_hw_primary(  110): out_standby
11-05 13:23:32.320 D/dalvikvm(  422): GC_CONCURRENT freed 1072K, 21% free 9536K/11964K, paused 4ms+7ms, total 77ms
11-05 13:23:36.190 D/PowerManagerService(  422): mHoldBootFastWakeLock = true
11-05 13:25:16.390 D/PowerManagerService(  422): mHoldBootFastWakeLock = true
11-05 13:25:48.200 D/dalvikvm(  422): GC_CONCURRENT freed 1281K, 21% free 9494K/11868K, paused 4ms+4ms, total 74ms
11-05 13:27:54.030 D/dalvikvm(  422): GC_FOR_ALLOC freed 1042K, 20% free 9577K/11856K, paused 69ms, total 70ms
11-05 13:28:18.430 W/ThrottleService(  422): unable to find stats for iface rmnet0
11-05 13:28:26.780 D/PowerManagerService(  422): mHoldBootFastWakeLock = true
11-05 13:29:44.820 D/dalvikvm(  422): GC_FOR_ALLOC freed 882K, 19% free 9679K/11856K, paused 67ms, total 68ms
11-05 13:31:30.580 D/dalvikvm(  422): GC_FOR_ALLOC freed 878K, 19% free 9680K/11856K, paused 65ms, total 66ms
11-05 13:31:57.200 D/PowerManagerService(  422): mHoldBootFastWakeLock = true
11-05 13:33:21.350 D/dalvikvm(  422): GC_FOR_ALLOC freed 832K, 19% free 9681K/11856K, paused 64ms, total 65ms
11-05 13:35:12.110 D/dalvikvm(  422): GC_FOR_ALLOC freed 811K, 19% free 9680K/11856K, paused 67ms, total 67ms
11-05 13:35:27.620 D/PowerManagerService(  422): mHoldBootFastWakeLock = true
11-05 13:37:07.930 D/dalvikvm(  422): GC_FOR_ALLOC freed 860K, 19% free 9683K/11856K, paused 69ms, total 69ms
11-05 13:38:18.430 W/ThrottleService(  422): unable to find stats for iface rmnet0
11-05 13:38:19.680 I/EventLogService(26465): Aggregate from 1383628097934 (log), 1383628097934 (data)
11-05 13:38:34.620 I/ActivityManager(  422): No longer want com.softwinner.update (pid 26915): empty for 1807s
11-05 13:38:34.620 I/ActivityManager(  422): No longer want com.google.android.apps.uploader (pid 26794): empty for 1807s
11-05 13:38:34.620 I/ActivityManager(  422): No longer want android.process.acore (pid 26962): empty for 1809s
11-05 13:38:34.620 I/ActivityManager(  422): No longer want com.google.android.gcm (pid 26861): empty for 1808s
11-05 13:38:48.630 D/dalvikvm(  422): GC_FOR_ALLOC freed 912K, 19% free 9676K/11856K, paused 66ms, total 68ms
11-05 13:40:32.950 D/MDnsDS  (  104): MDnsSdListener::Monitor poll timed out
11-05 13:40:32.950 D/MDnsDS  (  104): Going to poll with pollCount 1
11-05 13:40:39.410 D/dalvikvm(  422): GC_FOR_ALLOC freed 817K, 19% free 9666K/11856K, paused 66ms, total 67ms
11-05 13:42:35.200 D/dalvikvm(  422): GC_FOR_ALLOC freed 861K, 19% free 9668K/11856K, paused 64ms, total 65ms
11-05 13:44:30.980 D/dalvikvm(  422): GC_FOR_ALLOC freed 844K, 19% free 9669K/11856K, paused 65ms, total 66ms
11-05 13:46:26.760 D/dalvikvm(  422): GC_FOR_ALLOC freed 872K, 19% free 9673K/11856K, paused 69ms, total 70ms
11-05 13:48:18.440 W/ThrottleService(  422): unable to find stats for iface rmnet0
11-05 13:48:22.560 D/dalvikvm(  422): GC_FOR_ALLOC freed 880K, 19% free 9674K/11856K, paused 66ms, total 67ms
11-05 13:50:18.350 D/dalvikvm(  422): GC_FOR_ALLOC freed 846K, 19% free 9674K/11856K, paused 68ms, total 69ms
11-05 13:52:14.160 D/dalvikvm(  422): GC_FOR_ALLOC freed 837K, 19% free 9675K/11856K, paused 65ms, total 66ms
11-05 13:54:09.950 D/dalvikvm(  422): GC_FOR_ALLOC freed 923K, 19% free 9678K/11856K, paused 69ms, total 69ms
11-05 13:56:05.730 D/dalvikvm(  422): GC_FOR_ALLOC freed 840K, 19% free 9675K/11856K, paused 65ms, total 65ms
11-05 13:58:01.520 D/dalvikvm(  422): GC_FOR_ALLOC freed 966K, 19% free 9679K/11856K, paused 66ms, total 66ms
11-05 13:58:18.440 W/ThrottleService(  422): unable to find stats for iface rmnet0
11-05 13:59:57.310 D/dalvikvm(  422): GC_FOR_ALLOC freed 895K, 19% free 9681K/11856K, paused 64ms, total 65ms
11-05 14:01:48.080 D/dalvikvm(  422): GC_FOR_ALLOC freed 905K, 19% free 9683K/11856K, paused 66ms, total 67ms
11-05 14:02:21.970 D/PowerManagerService(  422): mHoldBootFastWakeLock = true
11-05 14:02:30.860 D/PowerManagerService(  422): mHoldBootFastWakeLock = true
11-05 14:03:43.870 D/dalvikvm(  422): JIT code cache reset in 4 ms (1048560 bytes 8/0)
11-05 14:03:43.880 D/dalvikvm(  422): GC_FOR_ALLOC freed 882K, 19% free 9684K/11856K, paused 72ms, total 74ms
11-05 14:05:39.710 D/dalvikvm(  422): GC_FOR_ALLOC freed 839K, 19% free 9683K/11856K, paused 66ms, total 67ms
11-05 14:07:35.510 D/dalvikvm(  422): GC_FOR_ALLOC freed 836K, 19% free 9684K/11856K, paused 67ms, total 68ms
11-05 14:08:18.440 W/ThrottleService(  422): unable to find stats for iface rmnet0
11-05 14:08:19.740 I/EventLogService(26465): Aggregate from 1383629899690 (log), 1383629899690 (data)
11-05 14:09:16.200 D/dalvikvm(  422): GC_FOR_ALLOC freed 948K, 19% free 9692K/11856K, paused 66ms, total 67ms
11-05 14:11:06.970 D/dalvikvm(  422): GC_FOR_ALLOC freed 811K, 19% free 9687K/11856K, paused 64ms, total 65ms
11-05 14:13:02.770 D/dalvikvm(  422): GC_FOR_ALLOC freed 855K, 19% free 9689K/11856K, paused 67ms, total 67ms
11-05 14:14:58.580 D/dalvikvm(  422): GC_FOR_ALLOC freed 788K, 19% free 9688K/11856K, paused 65ms, total 66ms
11-05 14:15:02.030 D/dalvikvm(26429): GC_CONCURRENT freed 275K, 16% free 4228K/4996K, paused 15ms+1ms, total 45ms
11-05 14:15:11.780 I/ActivityManager(  422): Start proc com.android.providers.calendar for broadcast com.android.providers.calendar/.CalendarReceiver: pid=27999 uid=10006 gids={50006, 3003, 1015, 1028}
11-05 14:15:11.800 E/Trace   (27999): error opening trace file: No such file or directory (2)
11-05 14:15:11.870 I/ActivityManager(  422): No longer want com.google.android.gsf.login (pid 26771): empty for 4005s
11-05 14:15:12.910 I/CalendarProvider2(27999): Sending notification intent: Intent { act=android.intent.action.PROVIDER_CHANGED dat=content://com.android.calendar }
11-05 14:15:12.910 W/ContentResolver(27999): Failed to get type for: content://com.android.calendar (Unknown URL content://com.android.calendar)
11-05 14:15:12.930 I/ActivityManager(  422): Start proc com.android.calendar for broadcast com.android.calendar/.alerts.AlertReceiver: pid=28014 uid=10005 gids={50005, 3003, 1028}
