11-05 16:08:45.020 W/ActivityManager(  422): Killing ProcessRecord{41cb1108 26452:com.google.android.apps.maps/u0a10026} (adj 5): unmount media
11-05 16:08:45.310 D/dalvikvm(  422): GC_EXPLICIT freed 684K, 19% free 11879K/14560K, paused 3ms+9ms, total 114ms
11-05 16:08:45.320 I/PackageManager(  422): Updating external media status from unmounted to unmounted
11-05 16:08:45.320 D/Vold    (  103): Volume sdcard state changing 4 (Mounted) -> 5 (Unmounting)
11-05 16:08:45.320 D/MountService(  422): sendStorageIntent Intent { act=android.intent.action.MEDIA_EJECT dat=file:///mnt/sdcard (has extras) } to UserHandle{-1}
11-05 16:08:45.410 W/ActivityManager(  422): Scheduling restart of crashed service com.google.android.apps.maps/com.google.googlenav.prefetch.android.PrefetcherService in 5000ms
11-05 16:08:46.320 D/Vold    (  103): Unmounting {/mnt/secure/asec}, force = 1
11-05 16:08:46.320 I/Vold    (  103): /mnt/secure/asec sucessfully unmounted
11-05 16:08:46.320 D/Vold    (  103): Unmounting {/mnt/sdcard/.android_secure}, force = 1
11-05 16:08:46.340 I/Vold    (  103): /mnt/sdcard/.android_secure sucessfully unmounted
11-05 16:08:46.340 E/Vold    (  103): mPartIdx = -1, mMountedPartNum = 1
11-05 16:08:46.340 D/Vold    (  103): Unmounting {/mnt/sdcard}, force = 1
11-05 16:08:46.360 I/PackageManager(  422): Updating external media status from unmounted to unmounted
11-05 16:08:46.360 I/Vold    (  103): /mnt/sdcard sucessfully unmounted
11-05 16:08:46.360 I/Vold    (  103): /mnt/sdcard unmounted sucessfully
11-05 16:08:46.360 D/Vold    (  103): Volume sdcard state changing 5 (Unmounting) -> 1 (Idle-Unmounted)
11-05 16:08:46.360 D/MountService(  422): volume state changed for /mnt/sdcard (mounted -> unmounted)
11-05 16:08:46.360 E/VoldConnector(  422): NDC Command {12 volume unmount /mnt/sdcard force} took too long (1040ms)
11-05 16:08:46.360 W/Vold    (  103): Volume::shareVol, lun=0
11-05 16:08:46.360 I/Vold    (  103): shareVol: /dev/block/vold/93:72; umslun: /sys/class/android_usb/android0/f_mass_storage/lun/file
11-05 16:08:46.380 D/Vold    (  103): Volume sdcard state changing 1 (Idle-Unmounted) -> 7 (Shared-Unmounted)
11-05 16:08:46.380 I/Vold    (  103): shareVol: share = 1
11-05 16:08:46.380 I/Vold    (  103): shareVolume: mlun = 1
11-05 16:08:46.380 D/MountService(  422): sendStorageIntent Intent { act=android.intent.action.MEDIA_UNMOUNTED dat=file:///mnt/sdcard (has extras) } to UserHandle{-1}
11-05 16:08:46.380 W/MountService(  422): Duplicate state transition (unmounted -> unmounted) for /mnt/sdcard
11-05 16:08:46.380 D/MountService(  422): sendStorageIntent Intent { act=android.intent.action.MEDIA_UNMOUNTED dat=file:///mnt/sdcard (has extras) } to UserHandle{-1}
11-05 16:08:46.380 D/MountService(  422): volume state changed for /mnt/sdcard (unmounted -> shared)
11-05 16:08:46.390 D/MountService(  422): sendStorageIntent Intent { act=android.intent.action.MEDIA_SHARED dat=file:///mnt/sdcard (has extras) } to UserHandle{-1}
11-05 16:08:46.440 D/MediaScannerReceiver(29098): action: android.intent.action.MEDIA_UNMOUNTED path: /mnt/sdcard
11-05 16:08:46.480 D/MediaScannerReceiver(29098): action: android.intent.action.MEDIA_UNMOUNTED path: /mnt/sdcard
11-05 16:08:47.270 D/audio_hw_primary(  110): out_standby
11-05 16:08:49.320 I/ActivityManager(  422): START u0 {act=android.intent.action.MAIN cat=[android.intent.category.HOME] flg=0x10200000 cmp=com.android.launcher/com.android.launcher2.Launcher} from pid 422
11-05 16:08:49.350 V/audio_hw_primary(  110): start_output_stream, line: 728
11-05 16:08:49.350 V/codec_audio_pad(  110): in normal mode, headset or speaker on,****LINE:81,FUNC:set_normal_path
11-05 16:08:49.490 V/audio_hw_primary(  110): normal mode , speaker,****LINE:653,FUNC:select_output_device
11-05 16:08:49.490 V/audio_hw_primary(  110): start_output_stream: card:0, port:0, rate:44100
11-05 16:08:49.490 D/alsa_pcm(  110): pcm_open:,sparams.stop_threshold:1540, config->stop_threshold:0
11-05 16:08:49.490 V/audio_hw_primary(  110): do not use out resampler
11-05 16:08:49.520 D/gralloc (  107): use system buffer 
11-05 16:08:49.530 I/qtaguid (  422): Failed write_ctrl(s 1 10031) res=-1 errno=1
11-05 16:08:49.530 W/NetworkManagementSocketTagger(  422): setKernelCountSet(10031, 1) failed with errno -1
11-05 16:08:49.550 W/BufferQueue(  107): freeAllBuffersLocked called but mQueue is not empty
11-05 16:08:49.550 D/gralloc (  107): use system buffer 
11-05 16:08:49.700 D/dalvikvm(26405): GC_CONCURRENT freed 2278K, 45% free 5455K/9816K, paused 3ms+32ms, total 139ms
11-05 16:08:50.060 D/gralloc (  107): use system buffer 
11-05 16:08:50.150 D/gralloc (  107): use system buffer 
11-05 16:08:50.420 I/ActivityManager(  422): Start proc com.google.android.apps.maps for service com.google.android.apps.maps/com.google.googlenav.prefetch.android.PrefetcherService: pid=29653 uid=10026 gids={50026, 3003, 1015, 1028}
11-05 16:08:50.490 E/Trace   (29653): error opening trace file: No such file or directory (2)
11-05 16:08:50.740 D/dalvikvm(29653): GC_CONCURRENT freed 233K, 15% free 4390K/5112K, paused 4ms+2ms, total 49ms
11-05 16:08:50.740 D/dalvikvm(29653): WAIT_FOR_CONCURRENT_GC blocked 8ms
11-05 16:08:51.990 D/dalvikvm(26405): GC_FOR_ALLOC freed 241K, 44% free 5589K/9816K, paused 28ms, total 28ms
11-05 16:08:52.140 D/dalvikvm(26405): GC_FOR_ALLOC freed 327K, 43% free 5627K/9816K, paused 18ms, total 21ms
11-05 16:08:52.140 I/dalvikvm-heap(26405): Grow heap (frag case) to 7.197MB for 1286224-byte allocation
11-05 16:08:52.170 D/dalvikvm(26405): GC_FOR_ALLOC freed 1K, 38% free 6882K/11076K, paused 25ms, total 25ms
11-05 16:08:52.210 D/dalvikvm(26405): GC_CONCURRENT freed 1K, 37% free 7009K/11076K, paused 2ms+3ms, total 45ms
11-05 16:08:52.390 D/dalvikvm(26405): GC_CONCURRENT freed 548K, 34% free 7419K/11076K, paused 7ms+13ms, total 64ms
11-05 16:08:52.390 D/dalvikvm(26405): WAIT_FOR_CONCURRENT_GC blocked 9ms
11-05 16:08:52.470 D/dalvikvm(26405): GC_FOR_ALLOC freed 1887K, 45% free 6154K/11076K, paused 56ms, total 56ms
11-05 16:08:52.480 I/dalvikvm-heap(26405): Grow heap (frag case) to 8.025MB for 1614608-byte allocation
11-05 16:08:52.500 D/dalvikvm(26405): GC_FOR_ALLOC freed 1K, 39% free 7728K/12656K, paused 23ms, total 23ms
11-05 16:08:52.570 D/dalvikvm(26405): GC_CONCURRENT freed 3K, 37% free 8026K/12656K, paused 3ms+14ms, total 72ms
11-05 16:08:52.690 D/dalvikvm(26405): GC_FOR_ALLOC freed 819K, 37% free 8059K/12656K, paused 37ms, total 40ms
11-05 16:08:52.700 I/dalvikvm-heap(26405): Grow heap (frag case) to 10.417MB for 2172688-byte allocation
11-05 16:08:52.740 D/dalvikvm(26405): GC_FOR_ALLOC freed 1K, 32% free 10179K/14780K, paused 37ms, total 37ms
11-05 16:08:52.800 D/dalvikvm(26405): GC_CONCURRENT freed 192K, 30% free 10419K/14780K, paused 4ms+8ms, total 62ms
11-05 16:08:52.970 D/dalvikvm(26405): GC_FOR_ALLOC freed 2529K, 19% free 9274K/11392K, paused 25ms, total 41ms
11-05 16:08:52.970 I/dalvikvm-heap(26405): Grow heap (frag case) to 10.308MB for 813840-byte allocation
11-05 16:08:53.010 D/dalvikvm(26405): GC_FOR_ALLOC freed 1K, 18% free 10068K/12188K, paused 40ms, total 40ms
11-05 16:08:53.100 D/dalvikvm(26405): GC_FOR_ALLOC freed 3688K, 30% free 6917K/9816K, paused 24ms, total 26ms
11-05 16:08:54.100 D/audio_hw_primary(  110): out_standby
11-05 16:09:50.890 I/PowerManagerService(  422): Going to sleep due to screen timeout...
11-05 16:09:51.340 D/SurfaceFlinger(  107): Screen released, type=0 flinger=0x40c87318
11-05 16:09:51.550 D/dalvikvm(  422): GC_FOR_ALLOC freed 3197K, 34% free 9630K/14508K, paused 79ms, total 81ms
11-05 16:09:51.660 V/audio_hw_primary(  110): adev_set_parameters, screen_state=off
11-05 16:09:51.730 I/qtaguid (  422): Failed write_ctrl(s 0 10031) res=-1 errno=1
11-05 16:09:51.730 W/NetworkManagementSocketTagger(  422): setKernelCountSet(10031, 0) failed with errno -1
11-05 16:09:51.780 D/PhoneStatusBar(  649): disable: < expand icons alerts ticker system_info back home RECENT* clock search >
11-05 16:09:51.810 V/TAG     (  422): bug 7643792: fitSystemWindows([0,25][0,0])
11-05 16:09:51.810 D/gralloc (  107): use system buffer 
11-05 16:09:51.820 W/BufferQueue(  107): freeAllBuffersLocked called but mQueue is not empty
11-05 16:09:51.820 D/gralloc (  107): use system buffer 
11-05 16:09:51.850 D/PhoneStatusBar(  649): disable: < expand icons alerts ticker system_info BACK* HOME* RECENT CLOCK* search >
11-05 16:09:51.880 D/PowerManagerService-JNI(  422): Excessive delay in autosuspend_enable() while turning screen off: 538ms
11-05 16:09:56.120 D/PowerManagerService(  422): mHoldBootFastWakeLock = true
11-05 16:11:16.510 D/dalvikvm(  422): GC_CONCURRENT freed 1102K, 20% free 9786K/12204K, paused 3ms+7ms, total 77ms
11-05 16:14:08.480 I/ActivityManager(  422): Start proc com.softwinner.update for service com.softwinner.update/.UpdateService: pid=29755 uid=10054 gids={50054, 2001, 1015, 1023, 3003, 1028}
11-05 16:14:08.500 D/dalvikvm(  108): GC_EXPLICIT freed 39K, 12% free 4111K/4640K, paused 3ms+3ms, total 46ms
11-05 16:14:08.520 E/Trace   (29755): error opening trace file: No such file or directory (2)
11-05 16:14:08.530 D/dalvikvm(  108): GC_EXPLICIT freed <1K, 12% free 4111K/4640K, paused 2ms+3ms, total 32ms
11-05 16:14:08.570 V/UpdateService(29755): UpdateService onCreate
11-05 16:14:08.570 D/dalvikvm(  108): GC_EXPLICIT freed <1K, 12% free 4111K/4640K, paused 4ms+7ms, total 40ms
11-05 16:14:08.590 V/UpdateService(29755): status=0
11-05 16:14:08.600 V/CheckingTask(29755): send post to server
11-05 16:14:11.010 I/CheckingTask(29755): response status:  200
11-05 16:14:11.050 V/CheckingTask(29755): ErrorCode=0
11-05 16:14:11.050 V/CheckingTask(29755): Discover new version
11-05 16:14:11.150 D/dalvikvm(  649): GC_CONCURRENT freed 1058K, 70% free 8750K/28548K, paused 3ms+11ms, total 60ms
11-05 16:14:11.160 D/dalvikvm(29755): GC_CONCURRENT freed 277K, 16% free 4264K/5040K, paused 3ms+59ms, total 102ms
11-05 16:14:12.620 D/dalvikvm(  422): GC_CONCURRENT freed 1464K, 22% free 9634K/12204K, paused 3ms+6ms, total 76ms
11-05 16:17:01.300 D/dalvikvm(  422): GC_CONCURRENT freed 1286K, 22% free 9611K/12204K, paused 4ms+8ms, total 70ms
11-05 16:18:18.490 W/ThrottleService(  422): unable to find stats for iface rmnet0
11-05 16:19:54.770 D/dalvikvm(  422): GC_CONCURRENT freed 1252K, 22% free 9633K/12204K, paused 3ms+4ms, total 76ms
11-05 16:22:36.980 I/PowerManagerService(  422): Waking up from sleep...
11-05 16:22:37.030 D/SurfaceFlinger(  107): Screen acquired, type=0 flinger=0x40c87318
11-05 16:22:37.090 V/audio_hw_primary(  110): adev_set_parameters, screen_state=on
11-05 16:22:37.110 I/qtaguid (  422): Failed write_ctrl(s 1 10031) res=-1 errno=1
11-05 16:22:37.110 W/NetworkManagementSocketTagger(  422): setKernelCountSet(10031, 1) failed with errno -1
11-05 16:22:37.290 I/WindowManager(  422): Lock screen displayed!
11-05 16:22:37.320 D/gralloc (  107): use system buffer 
11-05 16:22:37.640 D/PowerManagerService(  422): mHoldBootFastWakeLock = true
11-05 16:22:37.800 D/dalvikvm(  422): GC_CONCURRENT freed 1297K, 22% free 9620K/12204K, paused 4ms+28ms, total 246ms
11-05 16:22:37.900 D/gralloc (  107): use system buffer 
11-05 16:22:38.860 V/audio_hw_primary(  110): start_output_stream, line: 728
11-05 16:22:38.860 V/codec_audio_pad(  110): in normal mode, headset or speaker on,****LINE:81,FUNC:set_normal_path
11-05 16:22:38.880 D/PhoneStatusBar(  649): disable: < expand icons alerts ticker system_info BACK HOME recent* CLOCK search >
11-05 16:22:38.950 D/dalvikvm(26405): GC_CONCURRENT freed 692K, 29% free 7042K/9816K, paused 6ms+3ms, total 43ms
11-05 16:22:38.980 W/InputMethodManagerService(  422): Window already focused, ignoring focus gain of: com.android.internal.view.IInputMethodClient$Stub$Proxy@41803f58 attribute=android.view.inputmethod.EditorInfo@41804a38, token = android.os.BinderProxy@419627e0
11-05 16:22:39.000 V/audio_hw_primary(  110): normal mode , speaker,****LINE:653,FUNC:select_output_device
11-05 16:22:39.000 V/audio_hw_primary(  110): start_output_stream: card:0, port:0, rate:44100
11-05 16:22:39.000 D/alsa_pcm(  110): pcm_open:,sparams.stop_threshold:1540, config->stop_threshold:0
11-05 16:22:39.000 V/audio_hw_primary(  110): do not use out resampler
11-05 16:22:39.000 D/PhoneStatusBar(  649): disable: < expand icons alerts ticker system_info back* home* recent clock* search >
11-05 16:22:39.380 V/TAG     (  422): bug 7643792: fitSystemWindows([0,25][0,0])
11-05 16:22:40.030 D/gralloc (  107): use system buffer 
11-05 16:22:40.040 W/BufferQueue(  107): freeAllBuffersLocked called but mQueue is not empty
11-05 16:22:40.040 D/gralloc (  107): use system buffer 
11-05 16:22:40.120 D/PhoneStatusBar(  649): disable: < expand ICONS* alerts TICKER* system_info back home recent CLOCK* search >
11-05 16:22:40.140 D/gralloc (  107): use system buffer 
11-05 16:22:40.230 D/gralloc (  107): use system buffer 
11-05 16:22:42.140 D/audio_hw_primary(  110): out_standby
11-05 16:22:47.870 V/audio_hw_primary(  110): start_output_stream, line: 728
11-05 16:22:47.870 V/codec_audio_pad(  110): in normal mode, headset or speaker on,****LINE:81,FUNC:set_normal_path
11-05 16:22:47.880 W/KeyguardViewMediator(  422): verifyUnlock called when not externally disabled
11-05 16:22:48.010 V/audio_hw_primary(  110): normal mode , speaker,****LINE:653,FUNC:select_output_device
11-05 16:22:48.010 V/audio_hw_primary(  110): start_output_stream: card:0, port:0, rate:44100
11-05 16:22:48.010 D/alsa_pcm(  110): pcm_open:,sparams.stop_threshold:1540, config->stop_threshold:0
11-05 16:22:48.010 V/audio_hw_primary(  110): do not use out resampler
11-05 16:22:48.020 I/ActivityManager(  422): Start proc com.android.browser for broadcast com.android.browser/.OpenDownloadReceiver: pid=29880 uid=10003 gids={50003, 3003, 1015, 1028}
11-05 16:22:48.100 E/Trace   (29880): error opening trace file: No such file or directory (2)
11-05 16:22:48.200 D/PhoneStatusBar(  649): disable: < expand icons* alerts ticker* system_info back home recent clock* search >
11-05 16:22:48.310 D/gralloc (  107): use system buffer 
11-05 16:22:48.310 W/InputMethodManagerService(  422): Window already focused, ignoring focus gain of: com.android.internal.view.IInputMethodClient$Stub$Proxy@417b33f8 attribute=null, token = android.os.BinderProxy@419627e0
11-05 16:22:48.320 W/BufferQueue(  107): freeAllBuffersLocked called but mQueue is not empty
11-05 16:22:48.320 D/gralloc (  107): use system buffer 
11-05 16:22:48.340 D/gralloc (  107): use system buffer 
11-05 16:22:48.340 W/ContextImpl(29880): Unable to create external files directory
11-05 16:22:48.370 D/gralloc (  107): use system buffer 
11-05 16:22:48.460 I/ActivityManager(  422): Start proc android.process.acore for content provider com.android.providers.contacts/.ContactsProvider2: pid=29901 uid=10000 gids={50000, 3003, 1015, 1028}
11-05 16:22:48.490 I/ActivityManager(  422): START u0 {act=android.intent.action.VIEW_DOWNLOADS flg=0x10000000 cmp=com.android.providers.downloads.ui/.DownloadList} from pid 29880
11-05 16:22:48.640 D/dalvikvm(  422): GC_FOR_ALLOC freed 410K, 22% free 9616K/12204K, paused 65ms, total 66ms
11-05 16:22:48.640 I/dalvikvm-heap(  422): Grow heap (frag case) to 9.990MB for 124216-byte allocation
11-05 16:22:48.700 D/dalvikvm(  422): GC_FOR_ALLOC freed 2K, 22% free 9734K/12328K, paused 66ms, total 66ms
11-05 16:22:48.780 E/Trace   (29901): error opening trace file: No such file or directory (2)
11-05 16:22:48.780 I/qtaguid (  422): Failed write_ctrl(s 1 10013) res=-1 errno=1
11-05 16:22:48.780 W/NetworkManagementSocketTagger(  422): setKernelCountSet(10013, 1) failed with errno -1
11-05 16:22:49.110 D/libEGL  (29098): loaded /system/lib/egl/libEGL_mali.so
11-05 16:22:49.120 D/libEGL  (29098): loaded /system/lib/egl/libGLESv1_CM_mali.so
11-05 16:22:49.120 D/libEGL  (29098): loaded /system/lib/egl/libGLESv2_mali.so
11-05 16:22:49.150 D/gralloc (  107): use system buffer 
11-05 16:22:49.160 W/BufferQueue(  107): freeAllBuffersLocked called but mQueue is not empty
11-05 16:22:49.160 D/gralloc (  107): use system buffer 
11-05 16:22:49.160 D/OpenGLRenderer(29098): Enabling debug mode 0
11-05 16:22:49.250 D/dalvikvm(29901): GC_CONCURRENT freed 195K, 14% free 4323K/5008K, paused 4ms+12ms, total 43ms
11-05 16:22:49.480 D/dalvikvm(29098): GC_CONCURRENT freed 182K, 14% free 4502K/5176K, paused 10ms+10ms, total 47ms
11-05 16:22:49.590 I/ActivityManager(  422): Displayed com.android.providers.downloads.ui/.DownloadList: +882ms
11-05 16:22:49.790 D/gralloc (  107): use system buffer 
11-05 16:22:50.240 D/gralloc (  107): use system buffer 
11-05 16:22:51.070 D/audio_hw_primary(  110): out_standby
11-05 16:22:51.630 V/audio_hw_primary(  110): start_output_stream, line: 728
11-05 16:22:51.630 V/codec_audio_pad(  110): in normal mode, headset or speaker on,****LINE:81,FUNC:set_normal_path
11-05 16:22:51.730 D/gralloc (  107): use system buffer 
11-05 16:22:51.730 W/BufferQueue(  107): freeAllBuffersLocked called but mQueue is not empty
11-05 16:22:51.730 D/gralloc (  107): use system buffer 
11-05 16:22:51.770 V/audio_hw_primary(  110): normal mode , speaker,****LINE:653,FUNC:select_output_device
11-05 16:22:51.770 V/audio_hw_primary(  110): start_output_stream: card:0, port:0, rate:44100
11-05 16:22:51.770 D/alsa_pcm(  110): pcm_open:,sparams.stop_threshold:1540, config->stop_threshold:0
11-05 16:22:51.770 V/audio_hw_primary(  110): do not use out resampler
11-05 16:22:52.890 D/gralloc (  107): use system buffer 
11-05 16:22:52.910 D/gralloc (  107): use system buffer 
11-05 16:22:54.830 D/audio_hw_primary(  110): out_standby
11-05 16:22:55.100 V/audio_hw_primary(  110): start_output_stream, line: 728
11-05 16:22:55.100 V/codec_audio_pad(  110): in normal mode, headset or speaker on,****LINE:81,FUNC:set_normal_path
11-05 16:22:55.130 D/gralloc (  107): use system buffer 
11-05 16:22:55.240 V/audio_hw_primary(  110): normal mode , speaker,****LINE:653,FUNC:select_output_device
11-05 16:22:55.240 V/audio_hw_primary(  110): start_output_stream: card:0, port:0, rate:44100
11-05 16:22:55.240 D/alsa_pcm(  110): pcm_open:,sparams.stop_threshold:1540, config->stop_threshold:0
11-05 16:22:55.240 V/audio_hw_primary(  110): do not use out resampler
11-05 16:22:55.390 D/dalvikvm(29098): GC_CONCURRENT freed 222K, 14% free 4703K/5416K, paused 8ms+19ms, total 71ms
11-05 16:22:55.470 W/InputMethodManagerService(  422): Window already focused, ignoring focus gain of: com.android.internal.view.IInputMethodClient$Stub$Proxy@418af128 attribute=null, token = android.os.BinderProxy@41b03590
11-05 16:22:55.870 I/DownloadManager(29098): Initiating request for download 16
11-05 16:22:55.930 D/dalvikvm(29098): GC_CONCURRENT freed 436K, 17% free 4655K/5588K, paused 3ms+3ms, total 25ms
11-05 16:22:56.150 I/qtaguid (29098): Failed write_ctrl(t 62 18446742978492891136 10003) res=-1 errno=1
11-05 16:22:56.150 I/qtaguid (29098): Tagging socket 62 with tag ffffff0100000000(-255) for uid 10003 failed errno=-1
11-05 16:22:56.150 I/NetworkManagementSocketTagger(29098): tagSocketFd(62, -255, 10003) failed with errno-1
11-05 16:22:56.350 I/qtaguid (29098): Failed write_ctrl(u 62) res=-1 errno=22
11-05 16:22:56.350 I/qtaguid (29098): Untagging socket 62 failed errno=-22
11-05 16:22:56.350 W/NetworkManagementSocketTagger(29098): untagSocket(62) failed with errno -22
11-05 16:22:56.350 W/DownloadManager(29098): Aborting request for download 16: external media not mounted
11-05 16:22:58.030 D/dalvikvm(29098): GC_CONCURRENT freed 403K, 17% free 4658K/5612K, paused 3ms+9ms, total 57ms
11-05 16:22:58.060 D/gralloc (  107): use system buffer 
11-05 16:22:58.060 W/BufferQueue(  107): freeAllBuffersLocked called but mQueue is not empty
11-05 16:22:58.060 D/gralloc (  107): use system buffer 
11-05 16:22:59.230 D/gralloc (  107): use system buffer 
11-05 16:22:59.240 D/gralloc (  107): use system buffer 
11-05 16:22:59.440 D/gralloc (  107): use system buffer 
11-05 16:22:59.680 W/InputMethodManagerService(  422): Window already focused, ignoring focus gain of: com.android.internal.view.IInputMethodClient$Stub$Proxy@41d0ae48 attribute=null, token = android.os.BinderProxy@41b03590
11-05 16:22:59.870 D/dalvikvm(29098): GC_CONCURRENT freed 312K, 16% free 4765K/5612K, paused 3ms+13ms, total 47ms
11-05 16:23:00.060 I/DownloadManager(29098): Initiating request for download 16
11-05 16:23:00.140 I/qtaguid (29098): Failed write_ctrl(t 70 18446742978492891136 10003) res=-1 errno=1
11-05 16:23:00.140 I/qtaguid (29098): Tagging socket 70 with tag ffffff0100000000(-255) for uid 10003 failed errno=-1
11-05 16:23:00.140 I/NetworkManagementSocketTagger(29098): tagSocketFd(70, -255, 10003) failed with errno-1
11-05 16:23:00.320 I/qtaguid (29098): Failed write_ctrl(u 70) res=-1 errno=22
11-05 16:23:00.320 I/qtaguid (29098): Untagging socket 70 failed errno=-22
11-05 16:23:00.320 W/NetworkManagementSocketTagger(29098): untagSocket(70) failed with errno -22
11-05 16:23:00.320 W/DownloadManager(29098): Aborting request for download 16: external media not mounted
11-05 16:23:00.490 D/dalvikvm(29098): GC_CONCURRENT freed 403K, 16% free 4777K/5652K, paused 3ms+3ms, total 42ms
11-05 16:23:02.510 D/audio_hw_primary(  110): out_standby
11-05 16:23:47.090 V/audio_hw_primary(  110): start_output_stream, line: 728
11-05 16:23:47.090 V/codec_audio_pad(  110): in normal mode, headset or speaker on,****LINE:81,FUNC:set_normal_path
11-05 16:23:47.150 D/gralloc (  107): use system buffer 
11-05 16:23:47.150 W/BufferQueue(  107): freeAllBuffersLocked called but mQueue is not empty
11-05 16:23:47.150 D/gralloc (  107): use system buffer 
11-05 16:23:47.240 V/audio_hw_primary(  110): normal mode , speaker,****LINE:653,FUNC:select_output_device
11-05 16:23:47.240 V/audio_hw_primary(  110): start_output_stream: card:0, port:0, rate:44100
11-05 16:23:47.240 D/alsa_pcm(  110): pcm_open:,sparams.stop_threshold:1540, config->stop_threshold:0
11-05 16:23:47.240 V/audio_hw_primary(  110): do not use out resampler
11-05 16:23:48.330 D/gralloc (  107): use system buffer 
11-05 16:23:48.350 D/gralloc (  107): use system buffer 
11-05 16:23:50.310 D/audio_hw_primary(  110): out_standby
11-05 16:24:06.360 D/dalvikvm(  422): GC_CONCURRENT freed 1476K, 23% free 9563K/12328K, paused 4ms+8ms, total 82ms
11-05 16:24:28.030 V/audio_hw_primary(  110): start_output_stream, line: 728
11-05 16:24:28.030 V/codec_audio_pad(  110): in normal mode, headset or speaker on,****LINE:81,FUNC:set_normal_path
11-05 16:24:28.060 D/gralloc (  107): use system buffer 
11-05 16:24:28.180 V/audio_hw_primary(  110): normal mode , speaker,****LINE:653,FUNC:select_output_device
11-05 16:24:28.180 V/audio_hw_primary(  110): start_output_stream: card:0, port:0, rate:44100
11-05 16:24:28.180 D/alsa_pcm(  110): pcm_open:,sparams.stop_threshold:1540, config->stop_threshold:0
11-05 16:24:28.180 V/audio_hw_primary(  110): do not use out resampler
11-05 16:24:28.360 W/InputMethodManagerService(  422): Window already focused, ignoring focus gain of: com.android.internal.view.IInputMethodClient$Stub$Proxy@4183b578 attribute=null, token = android.os.BinderProxy@41b03590
11-05 16:24:28.460 D/dalvikvm(29098): GC_CONCURRENT freed 446K, 17% free 4751K/5684K, paused 3ms+13ms, total 67ms
11-05 16:24:28.650 I/DownloadManager(29098): Initiating request for download 16
11-05 16:24:28.840 I/qtaguid (29098): Failed write_ctrl(t 65 18446742978492891136 10003) res=-1 errno=1
11-05 16:24:28.840 I/qtaguid (29098): Tagging socket 65 with tag ffffff0100000000(-255) for uid 10003 failed errno=-1
11-05 16:24:28.840 I/NetworkManagementSocketTagger(29098): tagSocketFd(65, -255, 10003) failed with errno-1
11-05 16:24:29.010 I/qtaguid (29098): Failed write_ctrl(u 65) res=-1 errno=22
11-05 16:24:29.010 I/qtaguid (29098): Untagging socket 65 failed errno=-22
11-05 16:24:29.010 W/NetworkManagementSocketTagger(29098): untagSocket(65) failed with errno -22
11-05 16:24:29.010 W/DownloadManager(29098): Aborting request for download 16: external media not mounted
11-05 16:24:29.160 D/dalvikvm(29098): GC_CONCURRENT freed 452K, 18% free 4728K/5716K, paused 3ms+13ms, total 54ms
11-05 16:24:31.240 D/audio_hw_primary(  110): out_standby
11-05 16:24:33.300 V/audio_hw_primary(  110): start_output_stream, line: 728
11-05 16:24:33.300 V/codec_audio_pad(  110): in normal mode, headset or speaker on,****LINE:81,FUNC:set_normal_path
11-05 16:24:33.370 D/gralloc (  107): use system buffer 
11-05 16:24:33.380 W/BufferQueue(  107): freeAllBuffersLocked called but mQueue is not empty
11-05 16:24:33.380 D/gralloc (  107): use system buffer 
11-05 16:24:33.440 V/audio_hw_primary(  110): normal mode , speaker,****LINE:653,FUNC:select_output_device
11-05 16:24:33.440 V/audio_hw_primary(  110): start_output_stream: card:0, port:0, rate:44100
11-05 16:24:33.440 D/alsa_pcm(  110): pcm_open:,sparams.stop_threshold:1540, config->stop_threshold:0
11-05 16:24:33.440 V/audio_hw_primary(  110): do not use out resampler
11-05 16:24:34.100 D/gralloc (  107): use system buffer 
11-05 16:24:34.170 D/gralloc (  107): use system buffer 
11-05 16:24:34.450 D/dalvikvm(29098): GC_CONCURRENT freed 337K, 16% free 4810K/5684K, paused 3ms+11ms, total 72ms
11-05 16:24:34.510 W/InputMethodManagerService(  422): Window already focused, ignoring focus gain of: com.android.internal.view.IInputMethodClient$Stub$Proxy@41786a90 attribute=null, token = android.os.BinderProxy@41b03590
11-05 16:24:34.650 I/DownloadManager(29098): Initiating request for download 14
11-05 16:24:34.850 I/qtaguid (29098): Failed write_ctrl(t 70 18446742978492891136 10003) res=-1 errno=1
11-05 16:24:34.850 I/qtaguid (29098): Tagging socket 70 with tag ffffff0100000000(-255) for uid 10003 failed errno=-1
11-05 16:24:34.850 I/NetworkManagementSocketTagger(29098): tagSocketFd(70, -255, 10003) failed with errno-1
11-05 16:24:35.140 I/qtaguid (29098): Failed write_ctrl(u 70) res=-1 errno=22
11-05 16:24:35.140 I/qtaguid (29098): Untagging socket 70 failed errno=-22
11-05 16:24:35.140 W/NetworkManagementSocketTagger(29098): untagSocket(70) failed with errno -22
11-05 16:24:35.140 W/DownloadManager(29098): Aborting request for download 14: external media not mounted
11-05 16:24:35.230 D/dalvikvm(29098): GC_CONCURRENT freed 516K, 18% free 4717K/5724K, paused 6ms+12ms, total 51ms
11-05 16:24:35.840 D/gralloc (  107): use system buffer 
11-05 16:24:35.860 W/BufferQueue(  107): freeAllBuffersLocked called but mQueue is not empty
11-05 16:24:35.860 D/gralloc (  107): use system buffer 
11-05 16:24:37.030 D/gralloc (  107): use system buffer 
11-05 16:24:37.050 D/gralloc (  107): use system buffer 
11-05 16:24:37.180 D/gralloc (  107): use system buffer 
11-05 16:24:37.400 D/dalvikvm(29098): GC_CONCURRENT freed 367K, 17% free 4772K/5724K, paused 4ms+17ms, total 70ms
11-05 16:24:37.490 W/InputMethodManagerService(  422): Window already focused, ignoring focus gain of: com.android.internal.view.IInputMethodClient$Stub$Proxy@419c3c70 attribute=null, token = android.os.BinderProxy@41b03590
11-05 16:24:37.730 I/DownloadManager(29098): Initiating request for download 13
11-05 16:24:37.770 I/qtaguid (29098): Failed write_ctrl(t 70 18446742978492891136 10003) res=-1 errno=1
11-05 16:24:37.770 I/qtaguid (29098): Tagging socket 70 with tag ffffff0100000000(-255) for uid 10003 failed errno=-1
11-05 16:24:37.770 I/NetworkManagementSocketTagger(29098): tagSocketFd(70, -255, 10003) failed with errno-1
11-05 16:24:38.560 I/ActivityManager(  422): START u0 {act=android.intent.action.MAIN cat=[android.intent.category.HOME] flg=0x10200000 cmp=com.android.launcher/com.android.launcher2.Launcher} from pid 422
11-05 16:24:38.940 I/qtaguid (  422): Failed write_ctrl(s 0 10013) res=-1 errno=1
11-05 16:24:38.940 W/NetworkManagementSocketTagger(  422): setKernelCountSet(10013, 0) failed with errno -1
11-05 16:24:39.670 D/dalvikvm(29098): GC_CONCURRENT freed 471K, 18% free 4710K/5724K, paused 4ms+13ms, total 86ms
11-05 16:24:39.880 I/ActivityManager(  422): START u0 {act=android.intent.action.MAIN cat=[android.intent.category.LAUNCHER] flg=0x10200000 cmp=com.android.settings/.Settings bnds=[440,900][510,970]} from pid 26405
11-05 16:24:40.090 D/BluetoothAdapter(29124): 1098092752: getState() :  mService = null. Returning STATE_OFF
11-05 16:24:40.120 I/qtaguid (29098): Failed write_ctrl(u 70) res=-1 errno=22
11-05 16:24:40.120 I/qtaguid (29098): Untagging socket 70 failed errno=-22
11-05 16:24:40.120 W/NetworkManagementSocketTagger(29098): untagSocket(70) failed with errno -22
11-05 16:24:40.120 W/DownloadManager(29098): Aborting request for download 13: external media not mounted
11-05 16:24:40.200 D/gralloc (  107): use system buffer 
11-05 16:24:40.250 W/BufferQueue(  107): freeAllBuffersLocked called but mQueue is not empty
11-05 16:24:40.250 D/gralloc (  107): use system buffer 
11-05 16:24:40.480 D/dalvikvm(29124): GC_CONCURRENT freed 777K, 14% free 8104K/9372K, paused 3ms+13ms, total 59ms
11-05 16:24:41.120 D/gralloc (  107): use system buffer 
11-05 16:24:41.260 I/qtaguid (  422): Failed write_ctrl(s 0 10031) res=-1 errno=1
11-05 16:24:41.260 W/NetworkManagementSocketTagger(  422): setKernelCountSet(10031, 0) failed with errno -1
11-05 16:24:41.350 D/gralloc (  107): use system buffer 
11-05 16:24:42.150 I/WindowState(  422): WIN DEATH: Window{4181acb8 u0 com.softwinner.explore/com.softwinner.explore.Main}
11-05 16:24:42.150 I/ActivityManager(  422): Process com.softwinner.explore (pid 29622) has died.
11-05 16:24:42.160 W/InputDispatcher(  422): channel '4181acb8 com.softwinner.explore/com.softwinner.explore.Main (server)' ~ Consumer closed input channel or an error occurred.  events=0x9
11-05 16:24:42.160 E/InputDispatcher(  422): channel '4181acb8 com.softwinner.explore/com.softwinner.explore.Main (server)' ~ Channel is unrecoverably broken and will be disposed!
11-05 16:24:42.160 W/InputDispatcher(  422): Attempted to unregister already unregistered input channel '4181acb8 com.softwinner.explore/com.softwinner.explore.Main (server)'
11-05 16:24:42.160 I/ActivityManager(  422): Process com.android.defcontainer (pid 29166) has died.
11-05 16:24:42.170 I/ActivityManager(  422): Process com.android.deskclock (pid 26429) has died.
11-05 16:24:42.180 I/ActivityManager(  422): Process com.android.browser (pid 29880) has died.
11-05 16:24:42.190 I/ActivityManager(  422): Process android.process.acore (pid 29901) has died.
11-05 16:24:43.010 D/dalvikvm(  422): GC_FOR_ALLOC freed 1091K, 22% free 9666K/12328K, paused 95ms, total 100ms
11-05 16:24:43.170 I/qtaguid (  422): Failed write_ctrl(s 1 10031) res=-1 errno=1
11-05 16:24:43.170 W/NetworkManagementSocketTagger(  422): setKernelCountSet(10031, 1) failed with errno -1
11-05 16:24:43.180 D/gralloc (  107): use system buffer 
11-05 16:24:43.190 W/BufferQueue(  107): freeAllBuffersLocked called but mQueue is not empty
11-05 16:24:43.190 D/gralloc (  107): use system buffer 
11-05 16:24:43.710 D/gralloc (  107): use system buffer 
11-05 16:24:44.030 D/gralloc (  107): use system buffer 
11-05 16:24:44.130 I/ActivityManager(  422): START u0 {act=android.intent.action.MAIN cat=[android.intent.category.LAUNCHER] flg=0x10200000 cmp=com.android.browser/.BrowserActivity bnds=[272,900][342,970]} from pid 26405
11-05 16:24:44.340 D/dalvikvm(  422): GC_FOR_ALLOC freed 307K, 22% free 9729K/12328K, paused 108ms, total 109ms
11-05 16:24:44.380 D/gralloc (  107): use system buffer 
11-05 16:24:44.380 I/ActivityManager(  422): Start proc com.android.browser for activity com.android.browser/.BrowserActivity: pid=30003 uid=10003 gids={50003, 3003, 1015, 1028}
11-05 16:24:44.530 E/Trace   (30003): error opening trace file: No such file or directory (2)
11-05 16:24:44.560 I/qtaguid (  422): Failed write_ctrl(s 1 10003) res=-1 errno=1
11-05 16:24:44.560 W/NetworkManagementSocketTagger(  422): setKernelCountSet(10003, 1) failed with errno -1
11-05 16:24:44.620 W/ContextImpl(30003): Unable to create external files directory
11-05 16:24:44.730 I/ActivityManager(  422): Start proc android.process.acore for content provider com.android.providers.contacts/.ContactsProvider2: pid=30023 uid=10000 gids={50000, 3003, 1015, 1028}
11-05 16:24:44.910 E/Trace   (30023): error opening trace file: No such file or directory (2)
11-05 16:24:44.960 D/dalvikvm(30003): GC_CONCURRENT freed 248K, 15% free 4368K/5100K, paused 3ms+3ms, total 83ms
11-05 16:24:45.170 D/dalvikvm(30003): GC_FOR_ALLOC freed 188K, 14% free 4514K/5204K, paused 21ms, total 22ms
11-05 16:24:45.170 I/dalvikvm-heap(30003): Grow heap (frag case) to 5.411MB for 552976-byte allocation
11-05 16:24:45.200 D/dalvikvm(30003): GC_FOR_ALLOC freed <1K, 13% free 5054K/5748K, paused 34ms, total 34ms
11-05 16:24:45.230 D/dalvikvm(30003): GC_CONCURRENT freed 3K, 13% free 5050K/5748K, paused 2ms+2ms, total 27ms
11-05 16:24:45.370 D/dalvikvm(30003): GC_CONCURRENT freed 637K, 20% free 4807K/5992K, paused 4ms+2ms, total 41ms
11-05 16:24:45.520 D/TilesManager(30003): Starting TG #0, 0x53be9770
11-05 16:24:45.900 D/dalvikvm(30023): GC_CONCURRENT freed 196K, 14% free 4305K/4992K, paused 3ms+2ms, total 69ms
11-05 16:24:45.980 D/WebViewTimersControl(30003): onBrowserActivityResume
11-05 16:24:45.980 D/WebViewTimersControl(30003): Resuming webview timers, view=com.android.browser.BrowserWebView{4173a920 VFEDHVCL .F....I. 0,0-0,0}
11-05 16:24:46.000 V/NFC     (30003): this device does not have NFC support
11-05 16:24:46.260 D/libEGL  (30003): loaded /system/lib/egl/libEGL_mali.so
11-05 16:24:46.270 D/libEGL  (30003): loaded /system/lib/egl/libGLESv1_CM_mali.so
11-05 16:24:46.270 D/libEGL  (30003): loaded /system/lib/egl/libGLESv2_mali.so
11-05 16:24:46.330 D/gralloc (  107): use system buffer 
11-05 16:24:46.330 W/BufferQueue(  107): freeAllBuffersLocked called but mQueue is not empty
11-05 16:24:46.340 D/gralloc (  107): use system buffer 
11-05 16:24:46.340 D/OpenGLRenderer(30003): Enabling debug mode 0
11-05 16:24:46.520 D/dalvikvm(30003): GC_CONCURRENT freed 195K, 17% free 5020K/5992K, paused 77ms+10ms, total 136ms
11-05 16:24:46.520 D/dalvikvm(30003): WAIT_FOR_CONCURRENT_GC blocked 3ms
11-05 16:24:46.560 D/dalvikvm(30003): GC_FOR_ALLOC freed 2K, 15% free 5149K/5992K, paused 28ms, total 32ms
11-05 16:24:46.560 I/ActivityManager(  422): Applications Memory Usage (kB):
11-05 16:24:46.560 I/ActivityManager(  422): Uptime: 69869889 Realtime: 87146083
11-05 16:24:46.560 I/ActivityManager(  422): Total PSS by OOM adjustment:
11-05 16:24:46.560 I/ActivityManager(  422):     28746 kB: System
11-05 16:24:46.560 I/ActivityManager(  422):                28746 kB: system (pid 422)
11-05 16:24:46.560 I/ActivityManager(  422):     28431 kB: Persistent
11-05 16:24:46.560 I/ActivityManager(  422):                22213 kB: com.android.systemui (pid 649)
11-05 16:24:46.560 I/ActivityManager(  422):                 6218 kB: com.android.phone (pid 729)
11-05 16:24:46.560 I/ActivityManager(  422):     19466 kB: Foreground
11-05 16:24:46.560 I/ActivityManager(  422):                19466 kB: com.android.settings (pid 29124)
11-05 16:24:46.560 I/ActivityManager(  422):     23112 kB: Visible
11-05 16:24:46.560 I/ActivityManager(  422):                 9784 kB: com.google.process.gapps (pid 26465)
11-05 16:24:46.560 I/ActivityManager(  422):                 6170 kB: com.google.process.location (pid 26636)
11-05 16:24:46.560 I/ActivityManager(  422):                 3931 kB: com.android.bluetooth (pid 26557)
11-05 16:24:46.560 I/ActivityManager(  422):                 3227 kB: com.android.smspush (pid 26357)
11-05 16:24:46.560 I/ActivityManager(  422):      8664 kB: Perceptible
11-05 16:24:46.560 I/ActivityManager(  422):                 5651 kB: com.google.android.inputmethod.latin (pid 26578)
11-05 16:24:46.560 I/ActivityManager(  422):                 3013 kB: com.android.location.fused (pid 26697)
11-05 16:24:46.560 I/ActivityManager(  422):      4313 kB: A Services
11-05 16:24:46.560 I/ActivityManager(  422):                 4313 kB: com.softwinner.update (pid 29755)
11-05 16:24:46.560 I/ActivityManager(  422):     15778 kB: Home
11-05 16:24:46.560 I/ActivityManager(  422):                15778 kB: com.android.launcher (pid 26405)
11-05 16:24:46.560 I/ActivityManager(  422):     11596 kB: Previous
11-05 16:24:46.560 I/ActivityManager(  422):                11596 kB: android.process.media (pid 29098)
11-05 16:24:46.560 I/ActivityManager(  422):      8125 kB: B Services
11-05 16:24:46.560 I/ActivityManager(  422):                 8125 kB: com.google.android.apps.maps (pid 29653)
11-05 16:24:46.560 I/ActivityManager(  422): 
11-05 16:24:46.560 I/ActivityManager(  422): Total PSS: 148231 kB
11-05 16:24:46.560 I/ActivityManager(  422):       KSM: 0 kB saved from shared 0 kB
11-05 16:24:46.560 I/ActivityManager(  422):            0 kB unshared; 0 kB volatile
11-05 16:24:46.560 I/ActivityManager(  422):   PID      Vss      Rss      Pss      Uss  cmdline
11-05 16:24:46.560 I/ActivityManager(  422):   422   61664K   44744K   28842K   26504K  system_server
11-05 16:24:46.560 I/ActivityManager(  422):   649   63544K   38600K   22354K   20168K  com.android.systemui
11-05 16:24:46.560 I/ActivityManager(  422): 29124   58728K   39380K   18657K   15436K  com.android.settings
11-05 16:24:46.560 I/ActivityManager(  422): 26405   71612K   36388K   16522K   13556K  com.android.launcher
11-05 16:24:46.560 I/ActivityManager(  422): 29098   31160K   31112K   10857K    8096K  android.process.media
11-05 16:24:46.560 I/ActivityManager(  422): 26465   26396K   26316K    9670K    7944K  com.google.process.gapps
11-05 16:24:46.560 I/ActivityManager(  422): 29653   24476K   24404K    8027K    6384K  com.google.android.apps.maps
11-05 16:24:46.560 I/ActivityManager(  422):   729   18164K   18096K    6287K    5336K  com.android.phone
11-05 16:24:46.560 I/ActivityManager(  422): 26636   22140K   22068K    6087K    4540K  com.google.process.location
11-05 16:24:46.560 I/ActivityManager(  422): 26578   22824K   22768K    5520K    3844K  com.google.android.inputmethod.latin
11-05 16:24:46.560 I/ActivityManager(  422):   107   73536K    5228K    4346K    4140K  /system/bin/surfaceflinger
11-05 16:24:46.560 I/ActivityManager(  422): 29755   19760K   19688K    4238K    2696K  com.softwinner.update
11-05 16:24:46.560 I/ActivityManager(  422): 26557   18840K   18760K    3860K    2584K  com.android.bluetooth
11-05 16:24:46.560 I/ActivityManager(  422):   108   15752K   15636K    3350K    2256K  zygote
11-05 16:24:46.560 I/ActivityManager(  422): 26357   17344K   17264K    3297K    1812K  com.android.smspush
11-05 16:24:46.560 I/ActivityManager(  422): 26697   17700K   17620K    2956K    1688K  com.android.location.fused
11-05 16:24:46.560 I/ActivityManager(  422):   110    2660K    2660K    2151K    2024K  /system/bin/mediaserver
11-05 16:24:46.560 I/ActivityManager(  422): 26972    1960K    1960K    1299K    1136K  screencap
11-05 16:24:46.560 I/ActivityManager(  422):   106    1432K    1432K     995K     964K  /system/bin/updatesoftwinner
11-05 16:24:46.560 I/ActivityManager(  422):   104    1068K    1068K     825K     800K  /system/bin/netd
11-05 16:24:46.560 I/ActivityManager(  422): 30000     976K     976K     746K     724K  procrank
11-05 16:24:46.560 I/ActivityManager(  422):   109    1016K    1016K     699K     684K  /system/bin/drmserver
11-05 16:24:46.560 I/ActivityManager(  422):  1806     856K     856K     653K     628K  /system/bin/wpa_supplicant
11-05 16:24:46.560 I/ActivityManager(  422):     1     432K     432K     361K     312K  /init
11-05 16:24:46.560 I/ActivityManager(  422):   103     532K     532K     337K     324K  /system/bin/vold
11-05 16:24:46.560 I/ActivityManager(  422):   114     328K     328K     312K     312K  /sbin/adbd
11-05 16:24:46.560 I/ActivityManager(  422):  1071     572K     572K     311K     300K  /system/bin/rild
11-05 16:24:46.560 I/ActivityManager(  422):   112     440K     440K     262K     256K  /system/bin/keystore
11-05 16:24:46.560 I/ActivityManager(  422):  7976     368K     368K     236K     232K  sh
11-05 16:24:46.560 I/ActivityManager(  422): 25664     412K     412K     225K     216K  /system/bin/dhcpcd
11-05 16:24:46.560 I/ActivityManager(  422):   111     368K     368K     186K     180K  /system/bin/installd
11-05 16:24:46.560 I/ActivityManager(  422):  1072     308K     308K     137K     132K  /system/bin/u3gmonitor
11-05 16:24:46.560 I/ActivityManager(  422):   105     268K     268K     117K     112K  /system/bin/debuggerd
11-05 16:24:46.560 I/ActivityManager(  422):    63     168K     168K     116K      68K  /sbin/ueventd
11-05 16:24:46.560 I/ActivityManager(  422):   102     256K     256K     112K     108K  /system/bin/servicemanager
11-05 16:24:46.560 I/ActivityManager(  422):   113     240K     240K     112K     108K  /system/bin/sh
11-05 16:24:46.560 I/ActivityManager(  422):                           ------   ------  ------
11-05 16:24:46.560 I/ActivityManager(  422):                          165077K  136604K  TOTAL
11-05 16:24:46.560 I/ActivityManager(  422): RAM: 428652K total, 41512K free, 336K buffers, 64288K cached, 3396K shmem, 41536K slab
11-05 16:24:46.670 I/ActivityManager(  422): Displayed com.android.browser/.BrowserActivity: +2s315ms
11-05 16:24:46.830 D/gralloc (  107): use system buffer 
11-05 16:24:47.130 D/gralloc (  107): use system buffer 
11-05 16:24:47.240 D/audio_hw_primary(  110): out_standby
11-05 16:24:47.530 I/browser (30003): Console: ----------------------------------------------------------------------- http://v.qq.com/cover/s/so3o7oso695y4ra/c00134ldvap.html:28
11-05 16:24:47.530 I/browser (30003): Console: 
11-05 16:24:47.530 I/browser (30003):  http://v.qq.com/cover/s/so3o7oso695y4ra/c00134ldvap.html:28
11-05 16:24:47.530 I/browser (30003): Console:   flash komahu#tencent.com   http://v.qq.com/cover/s/so3o7oso695y4ra/c00134ldvap.html:28
11-05 16:24:47.530 I/browser (30003): Console: 
11-05 16:24:47.530 I/browser (30003):  http://v.qq.com/cover/s/so3o7oso695y4ra/c00134ldvap.html:28
11-05 16:24:47.530 I/browser (30003): Console: ----------------------------------------------------------------------- http://v.qq.com/cover/s/so3o7oso695y4ra/c00134ldvap.html:28
11-05 16:24:47.760 I/qtaguid (  422): Failed write_ctrl(s 0 10031) res=-1 errno=1
11-05 16:24:47.760 W/NetworkManagementSocketTagger(  422): setKernelCountSet(10031, 0) failed with errno -1
11-05 16:24:47.880 D/dalvikvm(30003): GC_CONCURRENT freed 198K, 13% free 5339K/6128K, paused 17ms+7ms, total 43ms
11-05 16:24:48.310 I/ActivityManager(  422): No longer want com.android.settings (pid 29124): empty #2
11-05 16:24:52.520 D/dalvikvm(30003): GC_CONCURRENT freed 345K, 14% free 5380K/6220K, paused 2ms+3ms, total 39ms
11-05 16:24:52.710 D/dalvikvm(  729): GC_EXPLICIT freed 114K, 18% free 4412K/5380K, paused 2ms+4ms, total 57ms
11-05 16:24:57.680 D/dalvikvm(26357): GC_EXPLICIT freed 61K, 12% free 4122K/4672K, paused 3ms+3ms, total 33ms
11-05 16:24:59.200 D/TilesManager(30003): new EGLContext from framework: 58136be8 
11-05 16:24:59.200 D/GLWebViewState(30003): Reinit shader
11-05 16:24:59.290 D/GLWebViewState(30003): Reinit transferQueue
11-05 16:24:59.370 D/gralloc (  107): use system buffer 
11-05 16:24:59.380 D/gralloc (  107): use system buffer 
11-05 16:24:59.400 D/gralloc (  107): use system buffer 
11-05 16:24:59.440 D/gralloc (  107): use system buffer 
11-05 16:24:59.450 D/gralloc (  107): use system buffer 
11-05 16:24:59.460 D/gralloc (  107): use system buffer 
11-05 16:24:59.480 D/gralloc (  107): use system buffer 
11-05 16:25:06.310 D/dalvikvm(26557): GC_EXPLICIT freed 73K, 12% free 4148K/4712K, paused 3ms+3ms, total 37ms
11-05 16:25:11.380 D/dalvikvm(  422): GC_EXPLICIT freed 1169K, 23% free 9602K/12328K, paused 5ms+11ms, total 97ms
11-05 16:25:14.680 E/browser (30003): Console: Uncaught TypeError: Cannot read property '1' of null http://qzs.qq.com/tencentvideo_v1/js/badjs.min.js?v=20130820&max_age=2592000:7
11-05 16:25:14.680 E/browser (30003): Console: Uncaught TypeError: Cannot read property '1' of null http://qzs.qq.com/tencentvideo_v1/js/badjs.min.js?v=20130820&max_age=2592000:7
11-05 16:25:14.990 E/browser (30003): Console: Unsafe JavaScript attempt to access frame with URL http://beacon.sina.com.cn/ckctl.html from frame with URL http://www.sina.com.cn/. Domains, protocols and ports must match.
11-05 16:25:14.990 E/browser (30003):  null:1
11-05 16:25:14.990 E/browser (30003): Console: Unsafe JavaScript attempt to access frame with URL http://beacon.sina.com.cn/ckctl.html from frame with URL http://www.sina.com.cn/. Domains, protocols and ports must match.
11-05 16:25:14.990 E/browser (30003):  null:1
11-05 16:25:16.320 D/dalvikvm(26697): GC_EXPLICIT freed 87K, 13% free 4141K/4720K, paused 4ms+3ms, total 36ms
11-05 16:25:19.930 V/audio_hw_primary(  110): start_output_stream, line: 728
11-05 16:25:19.930 V/codec_audio_pad(  110): in normal mode, headset or speaker on,****LINE:81,FUNC:set_normal_path
11-05 16:25:20.080 V/audio_hw_primary(  110): normal mode , speaker,****LINE:653,FUNC:select_output_device
11-05 16:25:20.080 V/audio_hw_primary(  110): start_output_stream: card:0, port:0, rate:44100
11-05 16:25:20.080 D/alsa_pcm(  110): pcm_open:,sparams.stop_threshold:1540, config->stop_threshold:0
11-05 16:25:20.080 V/audio_hw_primary(  110): do not use out resampler
11-05 16:25:20.190 I/browser (30003): Console: ----------------------------------------------------------------------- http://v.qq.com/cover/s/so3o7oso695y4ra.html:28
11-05 16:25:20.210 I/browser (30003): Console: 
11-05 16:25:20.210 I/browser (30003):  http://v.qq.com/cover/s/so3o7oso695y4ra.html:28
11-05 16:25:20.210 I/browser (30003): Console:   flash komahu#tencent.com   http://v.qq.com/cover/s/so3o7oso695y4ra.html:28
11-05 16:25:20.210 I/browser (30003): Console: 
11-05 16:25:20.210 I/browser (30003):  http://v.qq.com/cover/s/so3o7oso695y4ra.html:28
11-05 16:25:20.210 I/browser (30003): Console: ----------------------------------------------------------------------- http://v.qq.com/cover/s/so3o7oso695y4ra.html:28
11-05 16:25:21.900 I/OMXClient(30003): Using client-side OMX mux.
11-05 16:25:21.930 D/osal_linux(  110): use ion_alloc_open
11-05 16:25:21.930 D/osal_linux(  110): init hw ref count:1
11-05 16:25:21.940 W/omx_vdec(  110): pParamProfileLevel->nProfileIndex[0x33] error!
11-05 16:25:21.940 D/omx_vdec(  110):  stop command.
11-05 16:25:21.940 D/osal_linux(  110): exit hw ref count:0
11-05 16:25:21.940 D/omx_vdec(  110): ~omx_dec done!
11-05 16:25:21.940 D/aw_omx_core(  110):  Unloading the dynamic library for OMX.allwinner.video.decoder.avc
11-05 16:25:21.980 E/browser (30003): Console: Unsafe JavaScript attempt to access frame with URL http://beacon.sina.com.cn/ckctl.html from frame with URL http://www.sina.com.cn/. Domains, protocols and ports must match.
11-05 16:25:21.980 E/browser (30003):  null:1
11-05 16:25:21.980 E/browser (30003): Console: Unsafe JavaScript attempt to access frame with URL http://beacon.sina.com.cn/ckctl.html from frame with URL http://www.sina.com.cn/. Domains, protocols and ports must match.
11-05 16:25:21.980 E/browser (30003):  null:1
11-05 16:25:22.620 E/browser (30003): Console: Uncaught TypeError: Cannot read property '1' of null http://qzs.qq.com/tencentvideo_v1/js/badjs.min.js?v=20130820&max_age=2592000:7
11-05 16:25:22.620 E/browser (30003): Console: Uncaught TypeError: Cannot read property '1' of null http://qzs.qq.com/tencentvideo_v1/js/badjs.min.js?v=20130820&max_age=2592000:7
11-05 16:25:23.140 D/audio_hw_primary(  110): out_standby
11-05 16:25:23.840 D/dalvikvm(30003): GC_CONCURRENT freed 312K, 13% free 5559K/6364K, paused 3ms+13ms, total 60ms
11-05 16:25:24.970 D/dalvikvm(26636): GC_EXPLICIT freed 186K, 21% free 4545K/5752K, paused 2ms+93ms, total 663ms
11-05 16:25:25.300 V/audio_hw_primary(  110): start_output_stream, line: 728
11-05 16:25:25.300 V/codec_audio_pad(  110): in normal mode, headset or speaker on,****LINE:81,FUNC:set_normal_path
11-05 16:25:25.440 V/audio_hw_primary(  110): normal mode , speaker,****LINE:653,FUNC:select_output_device
11-05 16:25:25.440 V/audio_hw_primary(  110): start_output_stream: card:0, port:0, rate:44100
11-05 16:25:25.440 D/alsa_pcm(  110): pcm_open:,sparams.stop_threshold:1540, config->stop_threshold:0
11-05 16:25:25.440 V/audio_hw_primary(  110): do not use out resampler
11-05 16:25:28.500 D/audio_hw_primary(  110): out_standby
11-05 16:25:29.680 D/dalvikvm(30003): GC_CONCURRENT freed 386K, 14% free 5583K/6460K, paused 2ms+14ms, total 46ms
11-05 16:25:32.190 D/dalvikvm(26465): GC_EXPLICIT freed 231K, 17% free 4671K/5620K, paused 2ms+59ms, total 734ms
11-05 16:25:36.620 D/dalvikvm(  649): GC_EXPLICIT freed 1089K, 70% free 8841K/28548K, paused 4ms+32ms, total 155ms
11-05 16:25:41.500 D/dalvikvm(26578): GC_EXPLICIT freed 150K, 15% free 4300K/5004K, paused 2ms+3ms, total 33ms
11-05 16:25:46.570 D/dalvikvm(26405): GC_EXPLICIT freed 1862K, 45% free 5474K/9816K, paused 11ms+7ms, total 85ms
11-05 16:25:51.520 D/dalvikvm(29098): GC_EXPLICIT freed 158K, 20% free 4588K/5724K, paused 4ms+5ms, total 45ms
11-05 16:25:56.520 D/dalvikvm(29653): GC_EXPLICIT freed 85K, 13% free 4451K/5112K, paused 3ms+3ms, total 41ms
11-05 16:26:05.110 D/dalvikvm(29755): GC_EXPLICIT freed 91K, 18% free 4174K/5032K, paused 4ms+4ms, total 34ms
11-05 16:26:09.100 I/ActivityManager(  422): START u0 {act=android.intent.action.MAIN cat=[android.intent.category.HOME] flg=0x10200000 cmp=com.android.launcher/com.android.launcher2.Launcher} from pid 422
11-05 16:26:09.130 V/audio_hw_primary(  110): start_output_stream, line: 728
11-05 16:26:09.130 V/codec_audio_pad(  110): in normal mode, headset or speaker on,****LINE:81,FUNC:set_normal_path
11-05 16:26:09.200 D/WebViewTimersControl(30003): onBrowserActivityPause
11-05 16:26:09.200 D/WebViewTimersControl(30003): Pausing webview timers, view=com.android.browser.BrowserWebView{417444e8 VFEDHVCL .F....ID 0,0-768,847}
11-05 16:26:09.270 V/audio_hw_primary(  110): normal mode , speaker,****LINE:653,FUNC:select_output_device
