11-05 11:15:51.830 W/InputMethodManagerService(  422): 	at android.os.BinderProxy.transact(Native Method)
11-05 11:15:51.830 W/InputMethodManagerService(  422): 	at com.android.internal.view.IInputMethodSession$Stub$Proxy.finishSession(IInputMethodSession.java:403)
11-05 11:15:51.830 W/InputMethodManagerService(  422): 	at com.android.server.InputMethodManagerService.finishSession(InputMethodManagerService.java:1343)
11-05 11:15:51.830 W/InputMethodManagerService(  422): 	at com.android.server.InputMethodManagerService.clearCurMethodLocked(InputMethodManagerService.java:1359)
11-05 11:15:51.830 W/InputMethodManagerService(  422): 	at com.android.server.InputMethodManagerService.onServiceDisconnected(InputMethodManagerService.java:1375)
11-05 11:15:51.830 W/InputMethodManagerService(  422): 	at android.app.LoadedApk$ServiceDispatcher.doDeath(LoadedApk.java:1106)
11-05 11:15:51.830 W/InputMethodManagerService(  422): 	at android.app.LoadedApk$ServiceDispatcher$RunConnection.run(LoadedApk.java:1120)
11-05 11:15:51.830 W/InputMethodManagerService(  422): 	at android.os.Handler.handleCallback(Handler.java:725)
11-05 11:15:51.830 W/InputMethodManagerService(  422): 	at android.os.Handler.dispatchMessage(Handler.java:92)
11-05 11:15:51.830 W/InputMethodManagerService(  422): 	at android.os.Looper.loop(Looper.java:137)
11-05 11:15:51.830 W/InputMethodManagerService(  422): 	at com.android.server.ServerThread.run(SystemServer.java:1020)
11-05 11:15:52.690 D/audio_hw_primary(  110): out_standby
11-05 11:15:55.370 D/gralloc (  107): use system buffer 
11-05 11:15:55.430 D/gralloc (  107): use system buffer 
11-05 11:15:55.820 D/gralloc (  107): use system buffer 
11-05 11:15:55.890 D/gralloc (  107): use system buffer 
11-05 11:15:56.770 I/ActivityManager(  422): Start proc android.process.media for service com.android.providers.downloads/.DownloadService: pid=26294 uid=10013 gids={50013, 1015, 1023, 1024, 1028, 2001, 3003, 3007}
11-05 11:15:56.870 I/ActivityManager(  422): Process com.android.location.fused (pid 25589) has died.
11-05 11:15:56.870 W/ActivityManager(  422): Scheduling restart of crashed service com.android.location.fused/.FusedLocationService in 19719ms
11-05 11:15:57.660 D/dalvikvm(25785): GC_CONCURRENT freed 455K, 17% free 5516K/6624K, paused 68ms+15ms, total 241ms
11-05 11:15:57.680 E/Trace   (26294): error opening trace file: No such file or directory (2)
11-05 11:15:58.370 I/Choreographer(25785): Skipped 30 frames!  The application may be doing too much work on its main thread.
11-05 11:15:58.870 I/dalvikvm(  649): Jit: resizing JitTable from 8192 to 16384
11-05 11:15:59.770 I/DownloadManager(26294): in removeSpuriousFiles
11-05 11:15:59.940 D/gralloc (  107): use system buffer 
11-05 11:16:00.020 W/BufferQueue(  107): freeAllBuffersLocked called but mQueue is not empty
11-05 11:16:00.020 D/gralloc (  107): use system buffer 
11-05 11:16:00.370 I/Choreographer(  649): Skipped 100 frames!  The application may be doing too much work on its main thread.
11-05 11:16:00.500 I/ActivityManager(  422): Process android.process.media (pid 26294) has died.
11-05 11:16:00.500 W/ActivityManager(  422): Scheduling restart of crashed service com.android.providers.downloads/.DownloadService in 45269ms
11-05 11:16:00.730 D/PhoneStatusBar(  649): disable: < expand ICONS* alerts TICKER* system_info back home recent CLOCK* search >
11-05 11:16:00.870 D/gralloc (  107): use system buffer 
11-05 11:16:01.000 D/gralloc (  107): use system buffer 
11-05 11:16:01.120 D/PhoneStatusBar(  649): disable: < expand icons* alerts ticker* system_info back home recent clock* search >
11-05 11:16:01.220 D/gralloc (  107): use system buffer 
11-05 11:16:01.220 W/BufferQueue(  107): freeAllBuffersLocked called but mQueue is not empty
11-05 11:16:01.220 D/gralloc (  107): use system buffer 
11-05 11:16:01.270 D/gralloc (  107): use system buffer 
11-05 11:16:01.280 D/gralloc (  107): use system buffer 
11-05 11:16:01.320 W/InputMethodManagerService(  422): Window already focused, ignoring focus gain of: com.android.internal.view.IInputMethodClient$Stub$Proxy@419f20c8 attribute=null, token = android.os.BinderProxy@41cba120
11-05 11:16:01.780 D/gralloc (  107): use system buffer 
11-05 11:16:01.840 W/BufferQueue(  107): freeAllBuffersLocked called but mQueue is not empty
11-05 11:16:01.840 D/gralloc (  107): use system buffer 
11-05 11:16:01.940 D/gralloc (  107): use system buffer 
11-05 11:16:02.010 D/PhoneStatusBar(  649): disable: < expand ICONS* alerts TICKER* system_info back home recent CLOCK* search >
11-05 11:16:02.020 D/gralloc (  107): use system buffer 
11-05 11:16:03.350 D/PhoneStatusBar(  649): disable: < expand icons* alerts ticker* system_info back home recent clock* search >
11-05 11:16:03.430 D/gralloc (  107): use system buffer 
11-05 11:16:03.430 W/BufferQueue(  107): freeAllBuffersLocked called but mQueue is not empty
11-05 11:16:03.430 D/gralloc (  107): use system buffer 
11-05 11:16:03.440 W/InputMethodManagerService(  422): Window already focused, ignoring focus gain of: com.android.internal.view.IInputMethodClient$Stub$Proxy@419d7478 attribute=null, token = android.os.BinderProxy@41cba120
11-05 11:16:03.460 D/gralloc (  107): use system buffer 
11-05 11:16:03.470 D/gralloc (  107): use system buffer 
11-05 11:16:05.120 D/gralloc (  107): use system buffer 
11-05 11:16:05.270 W/BufferQueue(  107): freeAllBuffersLocked called but mQueue is not empty
11-05 11:16:05.270 D/gralloc (  107): use system buffer 
11-05 11:16:05.390 D/gralloc (  107): use system buffer 
11-05 11:16:05.500 D/PhoneStatusBar(  649): disable: < expand ICONS* alerts TICKER* system_info back home recent CLOCK* search >
11-05 11:16:05.550 D/gralloc (  107): use system buffer 
11-05 11:16:05.760 D/dalvikvm(  649): GC_CONCURRENT freed 608K, 80% free 5851K/28548K, paused 27ms+52ms, total 291ms
11-05 11:16:06.640 I/ActivityManager(  422): Start proc com.google.android.inputmethod.latin for service com.google.android.inputmethod.latin/com.android.inputmethod.latin.LatinIME: pid=26313 uid=10030 gids={50030, 1028}
11-05 11:16:06.790 D/InputEventConsistencyVerifier(  649): TouchEvent: ACTION_DOWN but pointers are already down.  Probably missing ACTION_UP from previous gesture.
11-05 11:16:06.790 D/InputEventConsistencyVerifier(  649):   in android.view.ScaleGestureDetector@41c68590
11-05 11:16:06.790 D/InputEventConsistencyVerifier(  649):   0: sent at 57920802883000, MotionEvent { action=ACTION_DOWN, id[0]=0, x[0]=349.54486, y[0]=395.61365, toolType[0]=TOOL_TYPE_FINGER, buttonState=0, metaState=0, flags=0x0, edgeFlags=0x0, pointerCount=1, historySize=0, eventTime=57920802, downTime=57920802, deviceId=1, source=0x1002 }
11-05 11:16:06.790 D/InputEventConsistencyVerifier(  649):   -- recent events --
11-05 11:16:06.790 D/InputEventConsistencyVerifier(  649):   1: sent at 57917152887000, MotionEvent { action=ACTION_DOWN, id[0]=0, x[0]=351.54227, y[0]=444.56586, toolType[0]=TOOL_TYPE_FINGER, buttonState=0, metaState=0, flags=0x0, edgeFlags=0x0, pointerCount=1, historySize=0, eventTime=57917152, downTime=57917152, deviceId=1, source=0x1002 }
11-05 11:16:07.140 D/PhoneStatusBar(  649): disable: < expand icons* alerts ticker* system_info back home recent clock* search >
11-05 11:16:07.200 E/Trace   (26313): error opening trace file: No such file or directory (2)
11-05 11:16:07.280 D/gralloc (  107): use system buffer 
11-05 11:16:07.280 W/BufferQueue(  107): freeAllBuffersLocked called but mQueue is not empty
11-05 11:16:07.280 D/gralloc (  107): use system buffer 
11-05 11:16:07.320 D/gralloc (  107): use system buffer 
11-05 11:16:07.320 W/InputMethodManagerService(  422): Window already focused, ignoring focus gain of: com.android.internal.view.IInputMethodClient$Stub$Proxy@41d01c98 attribute=null, token = android.os.BinderProxy@41cba120
11-05 11:16:07.350 D/gralloc (  107): use system buffer 
11-05 11:16:07.660 I/LatinIME(26313): Hardware accelerated drawing: true
11-05 11:16:08.340 W/TabControl(25785): Free 1 tabs in the browser
11-05 11:16:08.480 D/webviewglue(25785): nativeDestroy view: 0x53c39910
11-05 11:16:08.550 W/InputAttributes(26313): No editor info for this field. Bug?
11-05 11:16:08.650 D/dalvikvm(26313): GC_CONCURRENT freed 263K, 16% free 4246K/5000K, paused 15ms+4ms, total 88ms
11-05 11:16:08.680 D/dalvikvm(25785): GC_EXPLICIT freed 82K, 18% free 5441K/6624K, paused 6ms+9ms, total 152ms
11-05 11:16:08.750 I/ActivityManager(  422): Start proc com.google.android.inputmethod.latin.dictionarypack for content provider com.google.android.inputmethod.latin.dictionarypack/.DictionaryProvider: pid=26329 uid=10029 gids={50029, 3003, 1015, 1028}
11-05 11:16:08.810 I/ActivityManager(  422): Start proc android.process.acore for content provider com.android.providers.userdictionary/.UserDictionaryProvider: pid=26336 uid=10000 gids={50000, 3003, 1015, 1028}
11-05 11:16:08.920 E/Trace   (26329): error opening trace file: No such file or directory (2)
11-05 11:16:08.980 W/InputMethodManagerService(  422): Found no subtypes in a system IME: com.android.inputmethod.pinyin
11-05 11:16:09.020 E/Trace   (26336): error opening trace file: No such file or directory (2)
11-05 11:16:09.620 D/BluetoothHeadset(  729): Proxy object disconnected
11-05 11:16:09.620 D/BluetoothHeadset(  422): Proxy object disconnected
11-05 11:16:09.630 D/BluetoothHeadset(  729): Proxy object disconnected
11-05 11:16:09.640 D/BluetoothA2dp(  422): Proxy object disconnected
11-05 11:16:09.690 I/ActivityManager(  422): Process com.android.bluetooth (pid 1083) has died.
11-05 11:16:09.710 D/BluetoothPan(  422): BluetoothPAN Proxy object disconnected
11-05 11:16:09.730 W/ActivityManager(  422): Scheduling restart of crashed service com.android.bluetooth/.pan.PanService in 46039ms
11-05 11:16:09.740 W/ActivityManager(  422): Scheduling restart of crashed service com.android.bluetooth/.hdp.HealthService in 56039ms
11-05 11:16:09.740 W/ActivityManager(  422): Scheduling restart of crashed service com.android.bluetooth/.hid.HidService in 56038ms
11-05 11:16:09.740 W/ActivityManager(  422): Scheduling restart of crashed service com.android.bluetooth/.a2dp.A2dpService in 66038ms
11-05 11:16:09.740 W/ActivityManager(  422): Scheduling restart of crashed service com.android.bluetooth/.hfp.HeadsetService in 76038ms
11-05 11:16:09.880 I/ActivityManager(  422): Process com.android.smspush (pid 912) has died.
11-05 11:16:09.890 W/ActivityManager(  422): Scheduling restart of crashed service com.android.smspush/.WapPushManager in 85890ms
11-05 11:16:09.890 I/ActivityManager(  422): Process com.google.process.location (pid 875) has died.
11-05 11:16:09.890 W/ActivityManager(  422): Scheduling restart of crashed service com.google.android.location/.GeocodeService in 95888ms
11-05 11:16:09.890 W/ActivityManager(  422): Scheduling restart of crashed service com.google.android.location/.NetworkLocationService in 105888ms
11-05 11:16:09.890 I/ActivityManager(  422): Process com.google.process.gapps (pid 949) has died.
11-05 11:16:09.890 W/ActivityManager(  422): Scheduling restart of crashed service com.google.android.gsf/.gtalkservice.service.GTalkServiceProxy in 115885ms
11-05 11:16:09.890 W/ActivityManager(  422): Scheduling restart of crashed service com.google.android.gsf/.gtalkservice.service.GTalkService in 125885ms
11-05 11:16:10.270 I/ActivityManager(  422): Start proc com.android.smspush for service com.android.smspush/.WapPushManager: pid=26357 uid=10059 gids={50059, 1028}
11-05 11:16:10.660 E/Trace   (26357): error opening trace file: No such file or directory (2)
11-05 11:16:10.910 I/Choreographer(25785): Skipped 133 frames!  The application may be doing too much work on its main thread.
11-05 11:16:12.080 V/audio_hw_primary(  110): start_output_stream, line: 728
11-05 11:16:12.100 V/codec_audio_pad(  110): in normal mode, headset or speaker on,****LINE:81,FUNC:set_normal_path
11-05 11:16:12.250 V/audio_hw_primary(  110): normal mode , speaker,****LINE:653,FUNC:select_output_device
11-05 11:16:12.250 V/audio_hw_primary(  110): start_output_stream: card:0, port:0, rate:44100
11-05 11:16:12.270 D/alsa_pcm(  110): pcm_open:,sparams.stop_threshold:1540, config->stop_threshold:0
11-05 11:16:12.270 V/audio_hw_primary(  110): do not use out resampler
11-05 11:16:13.040 I/Choreographer(25785): Skipped 86 frames!  The application may be doing too much work on its main thread.
11-05 11:16:13.270 D/dalvikvm(26336): GC_CONCURRENT freed 173K, 14% free 4337K/5000K, paused 49ms+131ms, total 427ms
11-05 11:16:13.400 D/dalvikvm(  422): GC_CONCURRENT freed 1066K, 20% free 9283K/11580K, paused 51ms+24ms, total 558ms
11-05 11:16:13.420 I/LatinIME(26313): Hardware accelerated drawing: true
11-05 11:16:13.710 W/InputAttributes(26313): No editor info for this field. Bug?
11-05 11:16:13.970 W/InputMethodManagerService(  422): Found no subtypes in a system IME: com.android.inputmethod.pinyin
11-05 11:16:14.000 D/dalvikvm(26313): GC_CONCURRENT freed 266K, 15% free 4392K/5148K, paused 84ms+89ms, total 220ms
11-05 11:16:14.050 I/ActivityManager(  422): No longer want android.process.acore (pid 26336): empty #2
11-05 11:16:15.310 D/audio_hw_primary(  110): out_standby
11-05 11:16:16.700 I/ActivityManager(  422): Start proc com.android.location.fused for service com.android.location.fused/.FusedLocationService: pid=26386 uid=10018 gids={50018, 1028}
11-05 11:16:16.770 E/Trace   (26386): error opening trace file: No such file or directory (2)
11-05 11:16:16.790 I/ActivityManager(  422): Process com.google.android.inputmethod.latin.dictionarypack (pid 26329) has died.
11-05 11:16:16.900 I/FusedLocation(26386): engine started (com.android.location.fused)
11-05 11:16:19.390 V/audio_hw_primary(  110): start_output_stream, line: 728
11-05 11:16:19.390 V/codec_audio_pad(  110): in normal mode, headset or speaker on,****LINE:81,FUNC:set_normal_path
11-05 11:16:19.530 V/audio_hw_primary(  110): normal mode , speaker,****LINE:653,FUNC:select_output_device
11-05 11:16:19.530 V/audio_hw_primary(  110): start_output_stream: card:0, port:0, rate:44100
11-05 11:16:19.530 D/alsa_pcm(  110): pcm_open:,sparams.stop_threshold:1540, config->stop_threshold:0
11-05 11:16:19.530 V/audio_hw_primary(  110): do not use out resampler
11-05 11:16:21.960 D/dalvikvm(  422): GC_EXPLICIT freed 305K, 21% free 9204K/11580K, paused 14ms+10ms, total 166ms
11-05 11:16:22.600 D/audio_hw_primary(  110): out_standby
11-05 11:16:23.050 V/audio_hw_primary(  110): start_output_stream, line: 728
11-05 11:16:23.060 V/codec_audio_pad(  110): in normal mode, headset or speaker on,****LINE:81,FUNC:set_normal_path
11-05 11:16:23.110 I/ActivityManager(  422): START u0 {act=android.intent.action.MAIN cat=[android.intent.category.HOME] flg=0x10200000 cmp=com.android.launcher/com.android.launcher2.Launcher} from pid 422
11-05 11:16:23.200 V/audio_hw_primary(  110): normal mode , speaker,****LINE:653,FUNC:select_output_device
11-05 11:16:23.200 V/audio_hw_primary(  110): start_output_stream: card:0, port:0, rate:44100
11-05 11:16:23.200 D/alsa_pcm(  110): pcm_open:,sparams.stop_threshold:1540, config->stop_threshold:0
11-05 11:16:23.200 V/audio_hw_primary(  110): do not use out resampler
11-05 11:16:23.370 I/ActivityManager(  422): Start proc com.android.launcher for activity com.android.launcher/com.android.launcher2.Launcher: pid=26405 uid=10031 gids={50031, 1028}
11-05 11:16:23.380 D/WebViewTimersControl(25785): onBrowserActivityPause
11-05 11:16:23.380 D/WebViewTimersControl(25785): Pausing webview timers, view=com.android.browser.BrowserWebView{4172fdc0 VFEDHVCL .F...... 0,0-768,847}
11-05 11:16:23.550 E/Trace   (26405): error opening trace file: No such file or directory (2)
11-05 11:16:23.950 I/ActivityManager(  422): Process com.android.location.fused (pid 26386) has died.
11-05 11:16:23.950 W/ActivityManager(  422): Scheduling restart of crashed service com.android.location.fused/.FusedLocationService in 121823ms
11-05 11:16:24.000 I/qtaguid (  422): Failed write_ctrl(s 1 10031) res=-1 errno=1
11-05 11:16:24.000 W/NetworkManagementSocketTagger(  422): setKernelCountSet(10031, 1) failed with errno -1
11-05 11:16:24.120 I/ActivityManager(  422): Process com.google.android.inputmethod.latin (pid 26313) has died.
11-05 11:16:24.120 W/ActivityManager(  422): Scheduling restart of crashed service com.google.android.inputmethod.latin/com.android.inputmethod.latin.LatinIME in 71660ms
11-05 11:16:24.330 W/InputMethodManagerService(  422): Session failed to close due to remote exception
11-05 11:16:24.330 W/InputMethodManagerService(  422): android.os.DeadObjectException
11-05 11:16:24.330 W/InputMethodManagerService(  422): 	at android.os.BinderProxy.transact(Native Method)
11-05 11:16:24.330 W/InputMethodManagerService(  422): 	at com.android.internal.view.IInputMethodSession$Stub$Proxy.finishSession(IInputMethodSession.java:403)
11-05 11:16:24.330 W/InputMethodManagerService(  422): 	at com.android.server.InputMethodManagerService.finishSession(InputMethodManagerService.java:1343)
11-05 11:16:24.330 W/InputMethodManagerService(  422): 	at com.android.server.InputMethodManagerService.clearCurMethodLocked(InputMethodManagerService.java:1355)
11-05 11:16:24.330 W/InputMethodManagerService(  422): 	at com.android.server.InputMethodManagerService.onServiceDisconnected(InputMethodManagerService.java:1375)
11-05 11:16:24.330 W/InputMethodManagerService(  422): 	at android.app.LoadedApk$ServiceDispatcher.doDeath(LoadedApk.java:1106)
11-05 11:16:24.330 W/InputMethodManagerService(  422): 	at android.app.LoadedApk$ServiceDispatcher$RunConnection.run(LoadedApk.java:1120)
11-05 11:16:24.330 W/InputMethodManagerService(  422): 	at android.os.Handler.handleCallback(Handler.java:725)
11-05 11:16:24.330 W/InputMethodManagerService(  422): 	at android.os.Handler.dispatchMessage(Handler.java:92)
11-05 11:16:24.330 W/InputMethodManagerService(  422): 	at android.os.Looper.loop(Looper.java:137)
11-05 11:16:24.330 W/InputMethodManagerService(  422): 	at com.android.server.ServerThread.run(SystemServer.java:1020)
11-05 11:16:24.340 W/InputMethodManagerService(  422): Session failed to close due to remote exception
11-05 11:16:24.340 W/InputMethodManagerService(  422): android.os.DeadObjectException
11-05 11:16:24.340 W/InputMethodManagerService(  422): 	at android.os.BinderProxy.transact(Native Method)
11-05 11:16:24.340 W/InputMethodManagerService(  422): 	at com.android.internal.view.IInputMethodSession$Stub$Proxy.finishSession(IInputMethodSession.java:403)
11-05 11:16:24.340 W/InputMethodManagerService(  422): 	at com.android.server.InputMethodManagerService.finishSession(InputMethodManagerService.java:1343)
11-05 11:16:24.340 W/InputMethodManagerService(  422): 	at com.android.server.InputMethodManagerService.clearCurMethodLocked(InputMethodManagerService.java:1359)
11-05 11:16:24.340 W/InputMethodManagerService(  422): 	at com.android.server.InputMethodManagerService.onServiceDisconnected(InputMethodManagerService.java:1375)
11-05 11:16:24.340 W/InputMethodManagerService(  422): 	at android.app.LoadedApk$ServiceDispatcher.doDeath(LoadedApk.java:1106)
11-05 11:16:24.340 W/InputMethodManagerService(  422): 	at android.app.LoadedApk$ServiceDispatcher$RunConnection.run(LoadedApk.java:1120)
11-05 11:16:24.340 W/InputMethodManagerService(  422): 	at android.os.Handler.handleCallback(Handler.java:725)
11-05 11:16:24.340 W/InputMethodManagerService(  422): 	at android.os.Handler.dispatchMessage(Handler.java:92)
11-05 11:16:24.340 W/InputMethodManagerService(  422): 	at android.os.Looper.loop(Looper.java:137)
11-05 11:16:24.340 W/InputMethodManagerService(  422): 	at com.android.server.ServerThread.run(SystemServer.java:1020)
11-05 11:16:24.370 E/JavaBinder(  422): !!! FAILED BINDER TRANSACTION !!!
11-05 11:16:24.640 I/ActivityManager(  422): Process com.android.browser (pid 25785) has died.
11-05 11:16:24.650 I/WindowState(  422): WIN DEATH: Window{417d1b28 u0 com.android.browser/com.android.browser.BrowserActivity}
11-05 11:16:24.680 W/ActivityManager(  422): Force removing ActivityRecord{41756e20 u0 com.android.browser/.BrowserActivity}: app died, no saved state
11-05 11:16:24.700 I/qtaguid (  422): Failed write_ctrl(s 0 10003) res=-1 errno=1
11-05 11:16:24.700 W/NetworkManagementSocketTagger(  422): setKernelCountSet(10003, 0) failed with errno -1
11-05 11:16:24.740 D/dalvikvm(26405): GC_CONCURRENT freed 233K, 15% free 4358K/5084K, paused 64ms+4ms, total 97ms
11-05 11:16:24.890 D/dalvikvm(26405): GC_CONCURRENT freed 257K, 15% free 4499K/5248K, paused 2ms+2ms, total 27ms
11-05 11:16:26.040 D/dalvikvm(26405): GC_CONCURRENT freed 215K, 12% free 4827K/5468K, paused 4ms+9ms, total 76ms
11-05 11:16:26.150 D/libEGL  (26405): loaded /system/lib/egl/libEGL_mali.so
11-05 11:16:26.160 D/libEGL  (26405): loaded /system/lib/egl/libGLESv1_CM_mali.so
11-05 11:16:26.170 D/libEGL  (26405): loaded /system/lib/egl/libGLESv2_mali.so
11-05 11:16:26.190 D/gralloc (  107): use system buffer 
11-05 11:16:26.260 D/audio_hw_primary(  110): out_standby
11-05 11:16:26.280 D/gralloc (  107): use system buffer 
11-05 11:16:26.330 D/OpenGLRenderer(26405): Enabling debug mode 0
11-05 11:16:26.340 W/InputMethodManagerService(  422): Got RemoteException sending setActive(false) notification to pid 25785 uid 10003
11-05 11:16:26.570 I/ActivityManager(  422): Start proc com.android.deskclock for service com.android.deskclock/com.android.alarmclock.DigitalAppWidgetService: pid=26429 uid=10011 gids={50011, 1028}
11-05 11:16:26.620 E/Trace   (26429): error opening trace file: No such file or directory (2)
11-05 11:16:26.920 I/ActivityManager(  422): Displayed com.android.launcher/com.android.launcher2.Launcher: +3s613ms
11-05 11:16:27.340 D/gralloc (  107): use system buffer 
11-05 11:16:27.380 D/gralloc (  107): use system buffer 
11-05 11:16:27.520 D/dalvikvm(26405): GC_CONCURRENT freed 212K, 13% free 5014K/5724K, paused 7ms+9ms, total 50ms
11-05 11:16:27.700 D/dalvikvm(26405): GC_CONCURRENT freed 247K, 14% free 5171K/6012K, paused 2ms+2ms, total 22ms
11-05 11:16:27.800 D/dalvikvm(26405): GC_FOR_ALLOC freed 208K, 14% free 5338K/6156K, paused 14ms, total 14ms
11-05 11:16:28.440 D/gralloc (  107): use system buffer 
11-05 11:16:28.450 W/BufferQueue(  107): freeAllBuffersLocked called but mQueue is not empty
11-05 11:16:28.450 D/gralloc (  107): use system buffer 
11-05 11:16:28.490 D/gralloc (  107): use system buffer 
11-05 11:16:28.580 D/PhoneStatusBar(  649): disable: < expand ICONS* alerts TICKER* system_info back home recent CLOCK* search >
11-05 11:16:28.590 D/gralloc (  107): use system buffer 
11-05 11:16:29.790 D/PhoneStatusBar(  649): disable: < expand icons* alerts ticker* system_info back home recent clock* search >
11-05 11:16:29.870 D/gralloc (  107): use system buffer 
11-05 11:16:29.870 W/BufferQueue(  107): freeAllBuffersLocked called but mQueue is not empty
11-05 11:16:29.870 W/InputMethodManagerService(  422): Window already focused, ignoring focus gain of: com.android.internal.view.IInputMethodClient$Stub$Proxy@41798be8 attribute=null, token = android.os.BinderProxy@419627e0
11-05 11:16:29.880 D/gralloc (  107): use system buffer 
11-05 11:16:29.890 D/gralloc (  107): use system buffer 
11-05 11:16:29.910 D/gralloc (  107): use system buffer 
11-05 11:16:30.630 V/audio_hw_primary(  110): start_output_stream, line: 728
11-05 11:16:30.630 V/codec_audio_pad(  110): in normal mode, headset or speaker on,****LINE:81,FUNC:set_normal_path
11-05 11:16:30.710 D/dalvikvm(26405): GC_CONCURRENT freed 408K, 16% free 5333K/6316K, paused 3ms+7ms, total 43ms
11-05 11:16:30.770 V/audio_hw_primary(  110): normal mode , speaker,****LINE:653,FUNC:select_output_device
11-05 11:16:30.770 V/audio_hw_primary(  110): start_output_stream: card:0, port:0, rate:44100
11-05 11:16:30.770 D/alsa_pcm(  110): pcm_open:,sparams.stop_threshold:1540, config->stop_threshold:0
11-05 11:16:30.770 V/audio_hw_primary(  110): do not use out resampler
11-05 11:16:31.820 D/dalvikvm(26405): GC_FOR_ALLOC freed 143K, 12% free 5565K/6316K, paused 19ms, total 20ms
11-05 11:16:31.820 I/dalvikvm-heap(26405): Grow heap (frag case) to 6.208MB for 313360-byte allocation
11-05 11:16:31.860 D/dalvikvm(26405): GC_FOR_ALLOC freed <1K, 12% free 5870K/6624K, paused 33ms, total 33ms
11-05 11:16:31.920 D/dalvikvm(26405): GC_FOR_ALLOC freed 323K, 16% free 5593K/6624K, paused 19ms, total 22ms
11-05 11:16:31.920 I/dalvikvm-heap(26405): Grow heap (frag case) to 7.164MB for 1286224-byte allocation
11-05 11:16:31.950 D/dalvikvm(26405): GC_FOR_ALLOC freed <1K, 14% free 6848K/7884K, paused 30ms, total 30ms
11-05 11:16:32.020 D/dalvikvm(26405): GC_CONCURRENT freed <1K, 13% free 6862K/7884K, paused 4ms+3ms, total 72ms
11-05 11:16:32.030 I/Choreographer(26405): Skipped 32 frames!  The application may be doing too much work on its main thread.
11-05 11:16:32.110 D/dalvikvm(26405): GC_FOR_ALLOC freed 136K, 12% free 6964K/7884K, paused 40ms, total 41ms
11-05 11:16:32.170 D/dalvikvm(26405): GC_FOR_ALLOC freed 519K, 17% free 7009K/8400K, paused 16ms, total 29ms
11-05 11:16:32.260 D/dalvikvm(26405): GC_FOR_ALLOC freed 1539K, 27% free 6212K/8400K, paused 19ms, total 21ms
11-05 11:16:32.340 D/dalvikvm(26405): GC_CONCURRENT freed 488K, 24% free 6400K/8400K, paused 3ms+4ms, total 34ms
11-05 11:16:32.340 D/dalvikvm(26405): WAIT_FOR_CONCURRENT_GC blocked 19ms
11-05 11:16:32.350 D/dalvikvm(26405): WAIT_FOR_CONCURRENT_GC blocked 14ms
11-05 11:16:32.410 D/dalvikvm(26405): GC_CONCURRENT freed 315K, 19% free 6826K/8400K, paused 3ms+4ms, total 34ms
11-05 11:16:32.410 D/dalvikvm(26405): WAIT_FOR_CONCURRENT_GC blocked 22ms
11-05 11:16:32.420 D/dalvikvm(26405): WAIT_FOR_CONCURRENT_GC blocked 21ms
11-05 11:16:32.420 I/dalvikvm-heap(26405): Grow heap (frag case) to 8.784MB for 1614608-byte allocation
11-05 11:16:32.420 D/dalvikvm(26405): WAIT_FOR_CONCURRENT_GC blocked 20ms
11-05 11:16:32.430 I/dalvikvm-heap(26405): Grow heap (frag case) to 10.856MB for 2172688-byte allocation
11-05 11:16:32.460 D/dalvikvm(26405): GC_FOR_ALLOC freed 478K, 17% free 10151K/12104K, paused 28ms, total 28ms
11-05 11:16:32.570 D/dalvikvm(26405): GC_FOR_ALLOC freed 326K, 15% free 10319K/12104K, paused 21ms, total 36ms
11-05 11:16:32.570 I/dalvikvm-heap(26405): Grow heap (frag case) to 11.434MB for 925072-byte allocation
11-05 11:16:32.610 D/dalvikvm(26405): GC_FOR_ALLOC freed <1K, 14% free 11222K/13008K, paused 37ms, total 37ms
11-05 11:16:32.800 D/dalvikvm(26405): GC_FOR_ALLOC freed 5285K, 18% free 6856K/8332K, paused 24ms, total 26ms
11-05 11:16:32.820 D/dalvikvm(26405): GC_FOR_ALLOC freed 2K, 13% free 7284K/8332K, paused 25ms, total 26ms
11-05 11:16:32.830 I/dalvikvm-heap(26405): Grow heap (frag case) to 8.365MB for 813840-byte allocation
11-05 11:16:32.880 D/dalvikvm(26405): GC_FOR_ALLOC freed 0K, 12% free 8079K/9128K, paused 48ms, total 48ms
11-05 11:16:33.830 D/audio_hw_primary(  110): out_standby
11-05 11:16:34.700 D/dalvikvm(  649): GC_EXPLICIT freed 325K, 80% free 5812K/28548K, paused 6ms+8ms, total 63ms
11-05 11:16:35.870 I/ActivityManager(  422): Start proc com.google.android.apps.maps for service com.google.android.apps.maps/com.google.googlenav.prefetch.android.PrefetcherService: pid=26452 uid=10026 gids={50026, 3003, 1015, 1028}
11-05 11:16:35.930 D/dalvikvm(  108): GC_EXPLICIT freed 38K, 12% free 4111K/4640K, paused 4ms+12ms, total 71ms
11-05 11:16:35.980 D/dalvikvm(  108): GC_EXPLICIT freed <1K, 12% free 4111K/4640K, paused 2ms+9ms, total 50ms
11-05 11:16:36.020 E/Trace   (26452): error opening trace file: No such file or directory (2)
11-05 11:16:36.030 D/dalvikvm(  108): GC_EXPLICIT freed <1K, 12% free 4111K/4640K, paused 3ms+13ms, total 44ms
11-05 11:16:36.350 I/ActivityManager(  422): Start proc com.google.process.gapps for content provider com.google.android.gsf/.settings.GoogleSettingsProvider: pid=26465 uid=10008 gids={50008, 3003, 1007, 1028, 1015, 2001, 3006}
11-05 11:16:36.370 E/Trace   (26465): error opening trace file: No such file or directory (2)
11-05 11:16:36.660 I/GservicesProvider(26465): Gservices pushing to system: true; secure/global: true
11-05 11:16:36.930 D/dalvikvm(26465): GC_CONCURRENT freed 166K, 14% free 4343K/4996K, paused 16ms+12ms, total 96ms
11-05 11:16:37.060 D/dalvikvm(26452): GC_CONCURRENT freed 217K, 14% free 4392K/5100K, paused 3ms+7ms, total 48ms
11-05 11:16:37.110 I/ActivityManager(  422): Start proc com.google.android.talk for broadcast com.google.android.talk/.McsConnectionStartedReceiver: pid=26486 uid=10052 gids={50052, 3003, 1015, 1006, 1028, 3002}
11-05 11:16:37.240 E/Trace   (26486): error opening trace file: No such file or directory (2)
11-05 11:16:37.260 I/GTalkService/c(26465): [AndroidEndpoint@1097834776] connect: acct=1000000, state=CONNECTING
11-05 11:16:37.260 D/dalvikvm(26452): GC_FOR_ALLOC freed 107K, 13% free 4636K/5316K, paused 71ms, total 72ms
11-05 11:16:37.360 D/dalvikvm(26452): GC_CONCURRENT freed 145K, 13% free 4926K/5628K, paused 3ms+3ms, total 48ms
11-05 11:16:37.360 D/dalvikvm(26452): WAIT_FOR_CONCURRENT_GC blocked 29ms
11-05 11:16:37.370 D/dalvikvm(26452): WAIT_FOR_CONCURRENT_GC blocked 15ms
11-05 11:16:37.410 D/dalvikvm(26452): GC_FOR_ALLOC freed 16K, 13% free 5127K/5832K, paused 34ms, total 35ms
11-05 11:16:37.410 D/dalvikvm(26452): WAIT_FOR_CONCURRENT_GC blocked 49ms
11-05 11:16:37.500 D/vclib:CallStateClient(26486): startListening
11-05 11:16:37.530 D/dalvikvm(26486): GC_CONCURRENT freed 244K, 15% free 4261K/4996K, paused 3ms+2ms, total 23ms
11-05 11:16:37.550 I/talk    (26486): onMcsConnectionStarted
11-05 11:16:37.650 I/ActivityManager(  422): Start proc android.process.media for content provider com.android.providers.media/.MediaProvider: pid=26529 uid=10013 gids={50013, 1015, 1023, 1024, 1028, 2001, 3003, 3007}
11-05 11:16:37.670 E/Trace   (26529): error opening trace file: No such file or directory (2)
11-05 11:16:37.910 I/DownloadManager(26529): in removeSpuriousFiles
11-05 11:16:38.080 D/dalvikvm(26465): GC_CONCURRENT freed 222K, 14% free 4510K/5224K, paused 2ms+3ms, total 24ms
11-05 11:16:38.260 I/DownloadManager(26529): Initiating request for download 16
11-05 11:16:38.310 D/dalvikvm(26529): GC_CONCURRENT freed 216K, 15% free 4286K/4996K, paused 4ms+4ms, total 34ms
11-05 11:16:38.380 W/DownloadManager(26529): Aborting request for download 16: Trying to resume a download that can't be resumed
11-05 11:16:38.560 W/ThrottleService(  422): unable to find stats for iface rmnet0
11-05 11:16:38.980 D/dalvikvm(  422): GC_EXPLICIT freed 794K, 20% free 9276K/11580K, paused 5ms+7ms, total 102ms
11-05 11:16:39.800 D/ConnectivityService(  422): handleInetConditionHoldEnd: net=1, condition=100, published condition=100
11-05 11:16:45.000 D/dalvikvm(  729): GC_EXPLICIT freed 8K, 19% free 4404K/5380K, paused 13ms+4ms, total 68ms
11-05 11:16:55.860 I/ActivityManager(  422): Start proc com.android.bluetooth for service com.android.bluetooth/.pan.PanService: pid=26557 uid=1002 gids={41002, 3003, 3002, 3001, 1015, 3005, 1016, 3008, 1028}
11-05 11:16:55.890 E/Trace   (26557): error opening trace file: No such file or directory (2)
11-05 11:16:56.010 D/AdapterServiceConfig(26557): Adding HeadsetService
11-05 11:16:56.010 D/AdapterServiceConfig(26557): Adding A2dpService
11-05 11:16:56.010 D/AdapterServiceConfig(26557): Adding HidService
11-05 11:16:56.010 D/AdapterServiceConfig(26557): Adding HealthService
11-05 11:16:56.010 D/AdapterServiceConfig(26557): Adding PanService
11-05 11:16:56.010 I/BluetoothPanServiceJni(26557): classInitNative(L105): succeeds
11-05 11:16:56.010 D/BluetoothManagerService(  422): Message: 20
11-05 11:16:56.010 D/BluetoothManagerService(  422): Added callback: android.bluetooth.IBluetoothManagerCallback$Stub$Proxy@418ebb10:true
11-05 11:16:56.010 D/BluetoothPan(  422): BluetoothPAN Proxy object connected
11-05 11:16:56.020 I/BluetoothHidServiceJni(26557): classInitNative: succeeds
11-05 11:16:56.020 D/BluetoothA2dp(  422): Proxy object connected
11-05 11:16:56.020 D/BluetoothAdapter(  422): 1103229120: getState() :  mService = null. Returning STATE_OFF
11-05 11:16:56.020 D/BluetoothHeadset(  422): Proxy object connected
11-05 11:16:56.020 D/BluetoothAdapter(  422): 1103229120: getState() :  mService = null. Returning STATE_OFF
11-05 11:16:56.020 D/BluetoothHeadset(  729): Proxy object connected
11-05 11:16:56.030 D/BluetoothHeadset(  729): Proxy object connected
11-05 11:17:30.570 I/PowerManagerService(  422): Going to sleep due to screen timeout...
11-05 11:17:31.080 D/SurfaceFlinger(  107): Screen released, type=0 flinger=0x40c87318
11-05 11:17:31.360 I/ActivityManager(  422): Start proc com.google.android.inputmethod.latin for service com.google.android.inputmethod.latin/com.android.inputmethod.latin.LatinIME: pid=26578 uid=10030 gids={50030, 1028}
11-05 11:17:31.420 V/audio_hw_primary(  110): adev_set_parameters, screen_state=off
11-05 11:17:31.470 I/qtaguid (  422): Failed write_ctrl(s 0 10031) res=-1 errno=1
11-05 11:17:31.470 W/NetworkManagementSocketTagger(  422): setKernelCountSet(10031, 0) failed with errno -1
11-05 11:17:31.550 E/Trace   (26578): error opening trace file: No such file or directory (2)
11-05 11:17:31.640 D/PowerManagerService-JNI(  422): Excessive delay in autosuspend_enable() while turning screen off: 564ms
11-05 11:17:31.670 D/dalvikvm(  422): GC_FOR_ALLOC freed 986K, 19% free 9395K/11580K, paused 95ms, total 96ms
11-05 11:17:31.670 I/dalvikvm-heap(  422): Grow heap (frag case) to 9.784MB for 133972-byte allocation
11-05 11:17:31.730 D/dalvikvm(  422): GC_FOR_ALLOC freed 8K, 19% free 9518K/11712K, paused 57ms, total 57ms
11-05 11:17:31.800 D/dalvikvm(  422): GC_FOR_ALLOC freed 159K, 20% free 9420K/11712K, paused 54ms, total 54ms
11-05 11:17:31.810 I/LatinIME(26578): Hardware accelerated drawing: true
11-05 11:17:31.890 D/dalvikvm(  422): GC_FOR_ALLOC freed 140K, 19% free 9585K/11712K, paused 54ms, total 55ms
11-05 11:17:31.960 D/dalvikvm(  422): GC_FOR_ALLOC freed 124K, 19% free 9527K/11712K, paused 51ms, total 51ms
11-05 11:17:31.990 W/InputAttributes(26578): No editor info for this field. Bug?
11-05 11:17:32.030 D/dalvikvm(26578): GC_CONCURRENT freed 266K, 16% free 4247K/5004K, paused 3ms+1ms, total 39ms
11-05 11:17:32.090 I/ActivityManager(  422): Start proc com.google.android.inputmethod.latin.dictionarypack for content provider com.google.android.inputmethod.latin.dictionarypack/.DictionaryProvider: pid=26593 uid=10029 gids={50029, 3003, 1015, 1028}
11-05 11:17:32.110 I/ActivityManager(  422): Start proc android.process.acore for content provider com.android.providers.userdictionary/.UserDictionaryProvider: pid=26600 uid=10000 gids={50000, 3003, 1015, 1028}
11-05 11:17:32.130 D/PhoneStatusBar(  649): disable: < expand icons alerts ticker system_info back home RECENT* clock search >
11-05 11:17:32.170 W/InputMethodManagerService(  422): Found no subtypes in a system IME: com.android.inputmethod.pinyin
11-05 11:17:36.550 D/Tethering(  422): InitialState.processMessage what=4
11-05 11:17:36.550 D/Tethering(  422): sendTetherStateChangedBroadcast 0, 0, 0
11-05 11:17:36.640 E/Trace   (26593): error opening trace file: No such file or directory (2)
11-05 11:17:36.650 E/Trace   (26600): error opening trace file: No such file or directory (2)
11-05 11:17:36.690 V/TAG     (  422): bug 7643792: fitSystemWindows([0,25][0,0])
11-05 11:17:36.690 D/gralloc (  107): use system buffer 
11-05 11:17:36.720 W/BufferQueue(  107): freeAllBuffersLocked called but mQueue is not empty
11-05 11:17:36.720 D/gralloc (  107): use system buffer 
11-05 11:17:37.000 I/PowerManagerService(  422): Waking up from sleep...
11-05 11:17:37.030 D/SurfaceFlinger(  107): Screen acquired, type=0 flinger=0x40c87318
11-05 11:17:37.030 D/PhoneStatusBar(  649): disable: < expand icons alerts ticker system_info BACK* HOME* RECENT CLOCK* search >
11-05 11:17:37.340 V/audio_hw_primary(  110): adev_set_parameters, screen_state=on
11-05 11:17:37.420 I/qtaguid (  422): Failed write_ctrl(s 1 10031) res=-1 errno=1
11-05 11:17:37.420 W/NetworkManagementSocketTagger(  422): setKernelCountSet(10031, 1) failed with errno -1
11-05 11:17:37.440 D/gralloc (  107): use system buffer 
11-05 11:17:37.490 I/WindowManager(  422): Lock screen displayed!
11-05 11:17:37.510 D/gralloc (  107): use system buffer 
11-05 11:17:37.770 D/dalvikvm(  649): GC_CONCURRENT freed 285K, 79% free 6074K/28548K, paused 9ms+193ms, total 427ms
11-05 11:17:37.880 D/Tethering(  422): sendTetherStateChangedBroadcast 1, 0, 0
11-05 11:17:37.900 W/NetworkStats(  422): found non-monotonic values; saving to dropbox
11-05 11:17:38.020 D/dalvikvm(26600): GC_CONCURRENT freed 179K, 14% free 4332K/5004K, paused 3ms+46ms, total 182ms
11-05 11:17:38.120 I/PowerManagerService(  422): Going to sleep by user request...
11-05 11:17:38.610 V/audio_hw_primary(  110): adev_set_parameters, screen_state=off
11-05 11:17:38.630 I/qtaguid (  422): Failed write_ctrl(s 0 10031) res=-1 errno=1
11-05 11:17:38.630 W/NetworkManagementSocketTagger(  422): setKernelCountSet(10031, 0) failed with errno -1
11-05 11:17:38.640 D/SurfaceFlinger(  107): Screen released, type=0 flinger=0x40c87318
11-05 11:17:39.170 D/PowerManagerService-JNI(  422): Excessive delay in autosuspend_enable() while turning screen off: 522ms
11-05 11:17:39.250 I/PowerManagerService(  422): Waking up from sleep...
11-05 11:17:39.310 D/SurfaceFlinger(  107): Screen acquired, type=0 flinger=0x40c87318
11-05 11:17:39.360 V/audio_hw_primary(  110): adev_set_parameters, screen_state=on
11-05 11:17:39.380 I/qtaguid (  422): Failed write_ctrl(s 1 10031) res=-1 errno=1
11-05 11:17:39.380 W/NetworkManagementSocketTagger(  422): setKernelCountSet(10031, 1) failed with errno -1
11-05 11:17:39.550 I/WindowManager(  422): Lock screen displayed!
11-05 11:17:40.060 D/dalvikvm(  422): GC_CONCURRENT freed 943K, 16% free 9892K/11712K, paused 3ms+34ms, total 299ms
11-05 11:17:40.400 V/audio_hw_primary(  110): start_output_stream, line: 728
11-05 11:17:40.400 V/codec_audio_pad(  110): in normal mode, headset or speaker on,****LINE:81,FUNC:set_normal_path
11-05 11:17:40.420 D/PhoneStatusBar(  649): disable: < expand icons alerts ticker system_info BACK HOME recent* CLOCK search >
11-05 11:17:40.520 W/InputMethodManagerService(  422): Window already focused, ignoring focus gain of: com.android.internal.view.IInputMethodClient$Stub$Proxy@41895cb0 attribute=android.view.inputmethod.EditorInfo@417b72c8, token = android.os.BinderProxy@419627e0
11-05 11:17:40.540 V/audio_hw_primary(  110): normal mode , speaker,****LINE:653,FUNC:select_output_device
11-05 11:17:40.540 V/audio_hw_primary(  110): start_output_stream: card:0, port:0, rate:44100
11-05 11:17:40.540 D/alsa_pcm(  110): pcm_open:,sparams.stop_threshold:1540, config->stop_threshold:0
11-05 11:17:40.540 V/audio_hw_primary(  110): do not use out resampler
11-05 11:17:40.540 D/PhoneStatusBar(  649): disable: < expand icons alerts ticker system_info back* home* recent clock* search >
11-05 11:17:40.930 V/TAG     (  422): bug 7643792: fitSystemWindows([0,25][0,0])
11-05 11:17:41.620 D/gralloc (  107): use system buffer 
11-05 11:17:41.640 W/BufferQueue(  107): freeAllBuffersLocked called but mQueue is not empty
11-05 11:17:41.640 D/gralloc (  107): use system buffer 
11-05 11:17:41.750 D/PhoneStatusBar(  649): disable: < expand ICONS* alerts TICKER* system_info back home recent CLOCK* search >
11-05 11:17:41.770 D/gralloc (  107): use system buffer 
11-05 11:17:41.800 D/gralloc (  107): use system buffer 
11-05 11:17:43.680 D/audio_hw_primary(  110): out_standby
11-05 11:17:48.280 I/ActivityManager(  422): Start proc com.google.process.location for service com.google.android.location/.GeocodeService: pid=26636 uid=10008 gids={50008, 3003, 1007, 1028, 1015, 2001, 3006}
11-05 11:17:48.310 E/Trace   (26636): error opening trace file: No such file or directory (2)
11-05 11:17:48.450 D/NetworkLocationClient(26636): binding to Intent { act=com.google.android.location.internal.ANDROID_NLP pkg=com.google.android.location }
11-05 11:17:48.560 I/gmmInternalNlpService(26636): internal NLP onStart(com.google.android.location.internal.ANDROID_NLP) com.google.android.location
11-05 11:17:48.570 D/NetworkLocationClient(26636): onServiceConnected to ComponentInfo{com.google.android.location/com.google.android.location.internal.server.NetworkLocationService}
11-05 11:17:48.650 D/dalvikvm(26636): GC_CONCURRENT freed 230K, 15% free 4393K/5112K, paused 3ms+2ms, total 52ms
11-05 11:17:48.650 D/dalvikvm(26636): WAIT_FOR_CONCURRENT_GC blocked 8ms
11-05 11:17:48.770 D/dalvikvm(26636): GC_CONCURRENT freed 156K, 12% free 4751K/5396K, paused 2ms+2ms, total 44ms
11-05 11:17:48.770 D/dalvikvm(26636): WAIT_FOR_CONCURRENT_GC blocked 4ms
11-05 11:17:48.850 W/WifiNormalizer(26636): No specific device detected. Offset set to -7.
11-05 11:17:48.880 I/ActivityManager(  422): Start proc com.google.android.apps.maps:FriendService for broadcast com.google.android.apps.maps/com.google.googlenav.friend.android.ServiceReceiver: pid=26660 uid=10026 gids={50026, 3003, 1015, 1028}
11-05 11:17:48.900 E/Trace   (26660): error opening trace file: No such file or directory (2)
11-05 11:17:48.970 I/ActivityManager(  422): Start proc com.google.android.apps.maps:LocationFriendService for broadcast com.google.android.apps.maps/com.google.googlenav.friend.reporting.LocationReportingIntentReceiver: pid=26673 uid=10026 gids={50026, 3003, 1015, 1028}
11-05 11:17:49.010 E/Trace   (26673): error opening trace file: No such file or directory (2)
11-05 11:17:49.180 D/dalvikvm(26636): GC_CONCURRENT freed 743K, 22% free 4515K/5752K, paused 19ms+12ms, total 63ms
11-05 11:17:49.180 D/dalvikvm(26636): WAIT_FOR_CONCURRENT_GC blocked 8ms
11-05 11:17:49.200 W/Settings(26636): Setting airplane_mode_on has moved from android.provider.Settings.System to android.provider.Settings.Global, returning read-only value.
11-05 11:17:50.910 D/dalvikvm(26636): GC_CONCURRENT freed 367K, 21% free 4547K/5752K, paused 1ms+2ms, total 27ms
11-05 11:18:28.260 I/ActivityManager(  422): Start proc com.android.location.fused for service com.android.location.fused/.FusedLocationService: pid=26697 uid=10018 gids={50018, 1028}
11-05 11:18:28.310 D/dalvikvm(  108): GC_EXPLICIT freed 39K, 12% free 4111K/4640K, paused 4ms+3ms, total 62ms
11-05 11:18:28.350 E/Trace   (26697): error opening trace file: No such file or directory (2)
11-05 11:18:28.350 D/dalvikvm(  108): GC_EXPLICIT freed <1K, 12% free 4111K/4640K, paused 2ms+9ms, total 43ms
11-05 11:18:28.390 D/dalvikvm(  108): GC_EXPLICIT freed <1K, 12% free 4111K/4640K, paused 2ms+9ms, total 40ms
11-05 11:18:28.400 I/FusedLocation(26697): engine started (com.android.location.fused)
11-05 11:18:41.440 I/PowerManagerService(  422): Going to sleep due to screen timeout...
11-05 11:18:41.960 D/SurfaceFlinger(  107): Screen released, type=0 flinger=0x40c87318
11-05 11:18:42.250 D/dalvikvm(  422): GC_FOR_ALLOC freed 1710K, 20% free 9464K/11812K, paused 74ms, total 76ms
11-05 11:18:42.270 V/audio_hw_primary(  110): adev_set_parameters, screen_state=off
11-05 11:18:42.330 I/qtaguid (  422): Failed write_ctrl(s 0 10031) res=-1 errno=1
11-05 11:18:42.330 W/NetworkManagementSocketTagger(  422): setKernelCountSet(10031, 0) failed with errno -1
11-05 11:18:42.340 W/InputMethodManagerService(  422): Window already focused, ignoring focus gain of: com.android.internal.view.IInputMethodClient$Stub$Proxy@41a6e2d0 attribute=android.view.inputmethod.EditorInfo@41ccad30, token = android.os.BinderProxy@419627e0
11-05 11:18:42.350 D/gralloc (  107): use system buffer 
11-05 11:18:42.350 W/BufferQueue(  107): freeAllBuffersLocked called but mQueue is not empty
11-05 11:18:42.350 D/gralloc (  107): use system buffer 
11-05 11:18:42.460 D/dalvikvm(  422): GC_FOR_ALLOC freed 170K, 21% free 9404K/11812K, paused 62ms, total 63ms
11-05 11:18:42.480 D/PowerManagerService-JNI(  422): Excessive delay in autosuspend_enable() while turning screen off: 519ms
11-05 11:18:42.540 D/dalvikvm(  422): GC_FOR_ALLOC freed 141K, 20% free 9455K/11812K, paused 61ms, total 61ms
11-05 11:18:42.610 D/dalvikvm(  422): GC_FOR_ALLOC freed 235K, 20% free 9563K/11812K, paused 50ms, total 51ms
11-05 11:18:42.660 D/PhoneStatusBar(  649): disable: < expand ICONS alerts TICKER system_info back home RECENT* CLOCK search >
11-05 11:18:42.690 D/PhoneStatusBar(  649): disable: < expand icons* alerts ticker* system_info back home RECENT clock* search >
11-05 11:58:01.550 D/Tethering(  422): InitialState.processMessage what=4
11-05 11:58:01.580 I/Choreographer(  422): Skipped 121 frames!  The application may be doing too much work on its main thread.
11-05 11:58:01.600 D/Tethering(  422): sendTetherStateChangedBroadcast 0, 0, 0
11-05 11:58:01.650 V/TAG     (  422): bug 7643792: fitSystemWindows([0,25][0,0])
11-05 11:58:01.650 D/gralloc (  107): use system buffer 
11-05 11:58:01.660 W/BufferQueue(  107): freeAllBuffersLocked called but mQueue is not empty
11-05 11:58:01.660 D/gralloc (  107): use system buffer 
11-05 11:58:01.670 I/PowerManagerService(  422): Waking up from sleep...
11-05 11:58:01.820 D/PowerManagerService-JNI(  422): Excessive delay in autosuspend_disable() while turning screen on: 143ms
11-05 11:58:01.820 D/gralloc (  107): use system buffer 
11-05 11:58:01.820 D/SurfaceFlinger(  107): Screen acquired, type=0 flinger=0x40c87318
11-05 11:58:02.000 V/audio_hw_primary(  110): adev_set_parameters, screen_state=on
11-05 11:58:02.050 I/qtaguid (  422): Failed write_ctrl(s 1 10031) res=-1 errno=1
11-05 11:58:02.050 W/NetworkManagementSocketTagger(  422): setKernelCountSet(10031, 1) failed with errno -1
11-05 11:58:02.180 D/dalvikvm(  649): GC_CONCURRENT freed 502K, 79% free 6146K/28548K, paused 3ms+5ms, total 124ms
11-05 11:58:02.280 I/Choreographer(  422): Skipped 32 frames!  The application may be doing too much work on its main thread.
11-05 11:58:02.370 D/gralloc (  107): use system buffer 
11-05 11:58:02.420 I/WindowManager(  422): Lock screen displayed!
11-05 11:58:02.430 D/gralloc (  107): use system buffer 
11-05 11:58:02.440 D/PhoneStatusBar(  649): disable: < expand icons alerts ticker system_info BACK* HOME* RECENT CLOCK* search >
11-05 11:58:02.450 D/gralloc (  107): use system buffer 
11-05 11:58:02.500 D/Tethering(  422): sendTetherStateChangedBroadcast 1, 0, 0
11-05 11:58:02.500 W/NetworkStats(  422): found non-monotonic values; saving to dropbox
11-05 11:58:02.760 D/dalvikvm(26465): GC_CONCURRENT freed 297K, 15% free 4636K/5424K, paused 7ms+64ms, total 193ms
11-05 11:58:02.910 W/ThrottleService(  422): unable to find stats for iface rmnet0
11-05 11:58:02.950 I/EventLogService(26465): Aggregate from 1383620797771 (log), 1383620797771 (data)
11-05 11:58:04.020 W/EventLogAggregator(26465): Unknown tag: faceunlock
11-05 11:58:04.020 W/EventLogAggregator(26465): Unknown tag: faceunlock_failure
11-05 11:58:04.020 W/EventLogAggregator(26465): Unknown tag: faceunlock_recognized
11-05 11:58:04.020 W/EventLogAggregator(26465): Unknown tag: faceunlock_rejected
11-05 11:58:05.220 I/PowerManagerService(  422): Going to sleep by user request...
11-05 11:58:05.660 D/SurfaceFlinger(  107): Screen released, type=0 flinger=0x40c87318
11-05 11:58:05.740 V/audio_hw_primary(  110): adev_set_parameters, screen_state=off
11-05 11:58:05.790 I/qtaguid (  422): Failed write_ctrl(s 0 10031) res=-1 errno=1
11-05 11:58:05.790 W/NetworkManagementSocketTagger(  422): setKernelCountSet(10031, 0) failed with errno -1
11-05 11:58:06.000 D/dalvikvm(  422): GC_CONCURRENT freed 1064K, 17% free 9867K/11812K, paused 5ms+13ms, total 198ms
11-05 11:58:06.000 D/dalvikvm(  422): WAIT_FOR_CONCURRENT_GC blocked 38ms
11-05 11:58:06.190 D/PowerManagerService-JNI(  422): Excessive delay in autosuspend_enable() while turning screen off: 528ms
11-05 13:08:15.540 D/Tethering(  422): InitialState.processMessage what=4
11-05 13:08:15.580 D/Tethering(  422): sendTetherStateChangedBroadcast 0, 0, 0
11-05 13:08:15.620 D/PowerManagerService(  422): mHoldBootFastWakeLock = false
11-05 13:08:15.650 D/AlarmManagerService(  422): Kernel timezone updated to -480 minutes west of GMT
11-05 13:08:15.660 I/DeviceInfoService(  422): wifi on
11-05 13:08:15.660 I/DeviceInfoService(  422): onReceive BroadcastReceiver
11-05 13:08:15.670 D/OtaService(  422): onreceive action = android.intent.action.DATE_CHANGED
11-05 13:08:15.670 I/OtaService(  422): onReceive BroadcastReceiver
11-05 13:08:15.710 I/ActivityManager(  422): Start proc com.android.calendar for broadcast com.android.calendar/.widget.CalendarAppWidgetService$CalendarFactory: pid=26724 uid=10005 gids={50005, 3003, 1028}
11-05 13:08:15.760 E/Trace   (26724): error opening trace file: No such file or directory (2)
11-05 13:08:15.790 I/PowerManagerService(  422): Waking up from sleep...
11-05 13:08:15.820 I/InputDispatcher(  422): Dropped event because input dispatch is disabled.
11-05 13:08:15.840 D/SurfaceFlinger(  107): Screen acquired, type=0 flinger=0x40c87318
11-05 13:08:15.840 I/InputDispatcher(  422): Dropped event because input dispatch is disabled.
11-05 13:08:16.060 D/PowerManagerService(  422): mHoldBootFastWakeLock = false
11-05 13:08:16.170 I/WindowManager(  422): Lock screen displayed!
11-05 13:08:16.200 V/audio_hw_primary(  110): adev_set_parameters, screen_state=on
11-05 13:08:16.240 I/qtaguid (  422): Failed write_ctrl(s 1 10031) res=-1 errno=1
11-05 13:08:16.240 W/NetworkManagementSocketTagger(  422): setKernelCountSet(10031, 1) failed with errno -1
11-05 13:08:16.540 D/dalvikvm(  649): GC_CONCURRENT freed 561K, 79% free 6155K/28548K, paused 6ms+15ms, total 185ms
11-05 13:08:16.680 D/Tethering(  422): sendTetherStateChangedBroadcast 1, 0, 0
11-05 13:08:16.690 W/NetworkStats(  422): found non-monotonic values; saving to dropbox
11-05 13:08:16.930 I/ActivityManager(  422): Start proc com.google.android.gms for broadcast com.google.android.gms/.recovery.AccountRecoveryService$Receiver: pid=26744 uid=10008 gids={50008, 3003, 1007, 1028, 1015, 2001, 3006}
