11-05 16:26:09.270 V/audio_hw_primary(  110): start_output_stream: card:0, port:0, rate:44100
11-05 16:26:09.270 D/alsa_pcm(  110): pcm_open:,sparams.stop_threshold:1540, config->stop_threshold:0
11-05 16:26:09.270 V/audio_hw_primary(  110): do not use out resampler
11-05 16:26:09.290 I/qtaguid (  422): Failed write_ctrl(s 1 10031) res=-1 errno=1
11-05 16:26:09.300 W/NetworkManagementSocketTagger(  422): setKernelCountSet(10031, 1) failed with errno -1
11-05 16:26:09.420 D/gralloc (  107): use system buffer 
11-05 16:26:09.470 W/BufferQueue(  107): freeAllBuffersLocked called but mQueue is not empty
11-05 16:26:09.470 D/gralloc (  107): use system buffer 
11-05 16:26:09.680 W/IInputConnectionWrapper(30003): showStatusIcon on inactive InputConnection
11-05 16:26:09.720 I/ActivityManager(  422): Process android.process.acore (pid 30023) has died.
11-05 16:26:09.910 D/gralloc (  107): use system buffer 
11-05 16:26:09.940 D/gralloc (  107): use system buffer 
11-05 16:26:10.430 I/ActivityManager(  422): START u0 {act=android.intent.action.MAIN cat=[android.intent.category.LAUNCHER] flg=0x10200000 cmp=com.android.settings/.Settings bnds=[440,900][510,970]} from pid 26405
11-05 16:26:10.870 D/dalvikvm(  422): GC_CONCURRENT freed 1206K, 22% free 9679K/12328K, paused 25ms+14ms, total 356ms
11-05 16:26:10.870 D/dalvikvm(  422): WAIT_FOR_CONCURRENT_GC blocked 285ms
11-05 16:26:10.900 I/Choreographer(26405): Skipped 30 frames!  The application may be doing too much work on its main thread.
11-05 16:26:11.020 I/ActivityManager(  422): Start proc com.android.settings for activity com.android.settings/.Settings: pid=30149 uid=1000 gids={41000, 1015, 1028, 3002, 3001, 3003, 3007}
11-05 16:26:11.090 D/webviewglue(30003): OnTrimMemory with EGL Context 0x58136be8
11-05 16:26:11.120 D/gralloc (  107): use system buffer 
11-05 16:26:11.330 E/Trace   (30149): error opening trace file: No such file or directory (2)
11-05 16:26:11.530 I/Choreographer(30003): Skipped 49 frames!  The application may be doing too much work on its main thread.
11-05 16:26:11.570 I/qtaguid (  422): Failed write_ctrl(s 0 10003) res=-1 errno=1
11-05 16:26:11.570 W/NetworkManagementSocketTagger(  422): setKernelCountSet(10003, 0) failed with errno -1
11-05 16:26:11.990 D/BluetoothManagerService(  422): Message: 20
11-05 16:26:11.990 D/BluetoothManagerService(  422): Added callback: android.bluetooth.IBluetoothManagerCallback$Stub$Proxy@419fb368:true
11-05 16:26:12.000 D/BluetoothAdapter(30149): 1098087944: getState() :  mService = null. Returning STATE_OFF
11-05 16:26:12.000 D/BluetoothManagerService(  422): Message: 30
11-05 16:26:12.030 W/ContextImpl(30149): Calling a method in the system process without a qualified user: android.app.ContextImpl.bindService:1406 android.content.ContextWrapper.bindService:473 android.bluetooth.BluetoothInputDevice.<init>:240 android.bluetooth.BluetoothAdapter.getProfileProxy:1161 com.android.settings.bluetooth.LocalBluetoothAdapter.getProfileProxy:94 
11-05 16:26:12.050 D/BluetoothManagerService(  422): Message: 30
11-05 16:26:12.050 D/BluetoothPan(30149): BluetoothPan() call bindService
11-05 16:26:12.050 D/BluetoothPan(30149): BluetoothPan(), bindService called
11-05 16:26:12.050 W/ContextImpl(30149): Calling a method in the system process without a qualified user: android.app.ContextImpl.bindService:1406 android.content.ContextWrapper.bindService:473 android.bluetooth.BluetoothPan.<init>:141 android.bluetooth.BluetoothAdapter.getProfileProxy:1164 com.android.settings.bluetooth.PanProfile.<init>:73 
11-05 16:26:12.060 D/BluetoothManagerService(  422): Message: 30
11-05 16:26:12.060 W/ContextImpl(30149): Calling a method in the system process without a qualified user: android.app.ContextImpl.bindService:1406 android.content.ContextWrapper.bindService:473 android.bluetooth.BluetoothPbap.<init>:161 com.android.settings.bluetooth.PbapServerProfile.<init>:68 com.android.settings.bluetooth.LocalBluetoothProfileManager.<init>:124 
11-05 16:26:12.070 D/dalvikvm(30149): GC_CONCURRENT freed 212K, 14% free 4325K/5028K, paused 8ms+1ms, total 39ms
11-05 16:26:12.070 D/LocalBluetoothProfileManager(30149): LocalBluetoothProfileManager construction complete
11-05 16:26:12.100 D/BluetoothAdapter(30149): 1098087944: getState() :  mService = null. Returning STATE_OFF
11-05 16:26:12.100 D/BluetoothAdapter(30149): 1098087944: getState() :  mService = null. Returning STATE_OFF
11-05 16:26:12.160 D/BluetoothInputDevice(30149): Proxy object connected
11-05 16:26:12.160 D/HidProfile(30149): Bluetooth service connected
11-05 16:26:12.160 D/BluetoothPan(30149): BluetoothPAN Proxy object connected
11-05 16:26:12.160 D/PanProfile(30149): Bluetooth service connected
11-05 16:26:12.280 D/libEGL  (30149): loaded /system/lib/egl/libEGL_mali.so
11-05 16:26:12.280 D/libEGL  (30149): loaded /system/lib/egl/libGLESv1_CM_mali.so
11-05 16:26:12.280 D/libEGL  (30149): loaded /system/lib/egl/libGLESv2_mali.so
11-05 16:26:12.300 D/gralloc (  107): use system buffer 
11-05 16:26:12.300 W/BufferQueue(  107): freeAllBuffersLocked called but mQueue is not empty
11-05 16:26:12.300 D/gralloc (  107): use system buffer 
11-05 16:26:12.310 D/OpenGLRenderer(30149): Enabling debug mode 0
11-05 16:26:12.340 D/WifiService(  422): setWifiEnabled: true pid=30149, uid=1000
11-05 16:26:12.390 D/dalvikvm(30149): GC_CONCURRENT freed 189K, 14% free 4523K/5204K, paused 3ms+2ms, total 17ms
11-05 16:26:12.550 D/dalvikvm(30149): GC_CONCURRENT freed 199K, 13% free 4747K/5436K, paused 3ms+2ms, total 28ms
11-05 16:26:12.780 I/ActivityManager(  422): Displayed com.android.settings/.Settings: +1s854ms
11-05 16:26:12.990 D/dalvikvm(30149): GC_CONCURRENT freed 151K, 12% free 4987K/5628K, paused 9ms+20ms, total 84ms
11-05 16:26:13.200 D/gralloc (  107): use system buffer 
11-05 16:26:13.400 D/gralloc (  107): use system buffer 
11-05 16:26:13.520 D/audio_hw_primary(  110): out_standby
11-05 16:26:13.600 I/ActivityManager(  422): Process android.process.media (pid 29098) has died.
11-05 16:26:13.610 I/WindowState(  422): WIN DEATH: Window{41778c38 u0 com.android.providers.downloads.ui/com.android.providers.downloads.ui.DownloadList}
11-05 16:26:13.610 W/ActivityManager(  422): Scheduling restart of crashed service com.android.providers.downloads/.DownloadService in 5000ms
11-05 16:26:13.730 I/qtaguid (  422): Failed write_ctrl(s 0 10031) res=-1 errno=1
11-05 16:26:13.730 W/NetworkManagementSocketTagger(  422): setKernelCountSet(10031, 0) failed with errno -1
11-05 16:26:14.380 D/dalvikvm(30149): GC_CONCURRENT freed 314K, 14% free 5096K/5900K, paused 3ms+11ms, total 55ms
11-05 16:26:14.710 V/audio_hw_primary(  110): start_output_stream, line: 728
11-05 16:26:14.710 V/codec_audio_pad(  110): in normal mode, headset or speaker on,****LINE:81,FUNC:set_normal_path
11-05 16:26:14.860 V/audio_hw_primary(  110): normal mode , speaker,****LINE:653,FUNC:select_output_device
11-05 16:26:14.860 V/audio_hw_primary(  110): start_output_stream: card:0, port:0, rate:44100
11-05 16:26:14.860 D/alsa_pcm(  110): pcm_open:,sparams.stop_threshold:1540, config->stop_threshold:0
11-05 16:26:14.860 V/audio_hw_primary(  110): do not use out resampler
11-05 16:26:14.930 W/ContextImpl(30149): Calling a method in the system process without a qualified user: android.app.ContextImpl.bindService:1406 android.content.ContextWrapper.bindService:473 com.android.settings.applications.ManageApplications.onCreate:846 android.app.Fragment.performCreate:1673 android.app.FragmentManagerImpl.moveToState:854 
11-05 16:26:14.950 I/ActivityManager(  422): Start proc com.android.defcontainer for service com.android.defcontainer/.DefaultContainerService: pid=30173 uid=10010 gids={50010, 1015, 2001, 1028}
11-05 16:26:15.010 E/Trace   (30173): error opening trace file: No such file or directory (2)
11-05 16:26:15.050 D/dalvikvm(30149): GC_CONCURRENT freed 427K, 16% free 5094K/6008K, paused 6ms+29ms, total 85ms
11-05 16:26:15.300 D/android.widget.GridLayout(30149): vertical constraints: y2-y0>=48, y2-y1<=19, y1-y0<=27 are inconsistent; permanently removing: y2-y1<=19. 
11-05 16:26:15.320 D/android.widget.GridLayout(30149): vertical constraints: y2-y0>=48, y2-y1<=19, y1-y0<=27 are inconsistent; permanently removing: y2-y1<=19. 
11-05 16:26:15.350 D/dalvikvm(30149): GC_FOR_ALLOC freed 180K, 14% free 5208K/6032K, paused 19ms, total 19ms
11-05 16:26:15.370 D/android.widget.GridLayout(30149): vertical constraints: y2-y0>=48, y2-y1<=19, y1-y0<=27 are inconsistent; permanently removing: y2-y1<=19. 
11-05 16:26:15.390 D/android.widget.GridLayout(30149): vertical constraints: y2-y0>=48, y2-y1<=19, y1-y0<=27 are inconsistent; permanently removing: y2-y1<=19. 
11-05 16:26:15.460 F/Environment(30149): Static storage paths aren't available from AID_SYSTEM
11-05 16:26:15.460 F/Environment(30149): java.lang.Throwable
11-05 16:26:15.460 F/Environment(30149): 	at android.os.Environment.throwIfSystem(Environment.java:637)
11-05 16:26:15.460 F/Environment(30149): 	at android.os.Environment.getExternalStorageDirectory(Environment.java:316)
11-05 16:26:15.460 F/Environment(30149): 	at com.android.settings.applications.ManageApplications$TabInfo.updateStorageUsage(ManageApplications.java:333)
11-05 16:26:15.460 F/Environment(30149): 	at com.android.settings.applications.ManageApplications$TabInfo.setContainerService(ManageApplications.java:234)
11-05 16:26:15.460 F/Environment(30149): 	at com.android.settings.applications.ManageApplications$2.onServiceConnected(ManageApplications.java:1227)
11-05 16:26:15.460 F/Environment(30149): 	at android.app.LoadedApk$ServiceDispatcher.doConnected(LoadedApk.java:1101)
11-05 16:26:15.460 F/Environment(30149): 	at android.app.LoadedApk$ServiceDispatcher$RunConnection.run(LoadedApk.java:1118)
11-05 16:26:15.460 F/Environment(30149): 	at android.os.Handler.handleCallback(Handler.java:725)
11-05 16:26:15.460 F/Environment(30149): 	at android.os.Handler.dispatchMessage(Handler.java:92)
11-05 16:26:15.460 F/Environment(30149): 	at android.os.Looper.loop(Looper.java:137)
11-05 16:26:15.460 F/Environment(30149): 	at android.app.ActivityThread.main(ActivityThread.java:5041)
11-05 16:26:15.460 F/Environment(30149): 	at java.lang.reflect.Method.invokeNative(Native Method)
11-05 16:26:15.460 F/Environment(30149): 	at java.lang.reflect.Method.invoke(Method.java:511)
11-05 16:26:15.460 F/Environment(30149): 	at com.android.internal.os.ZygoteInit$MethodAndArgsCaller.run(ZygoteInit.java:817)
11-05 16:26:15.460 F/Environment(30149): 	at com.android.internal.os.ZygoteInit.main(ZygoteInit.java:584)
11-05 16:26:15.460 F/Environment(30149): 	at dalvik.system.NativeStart.main(Native Method)
11-05 16:26:16.990 D/dalvikvm(30149): GC_CONCURRENT freed 509K, 17% free 5083K/6100K, paused 2ms+6ms, total 29ms
11-05 16:26:17.030 D/dalvikvm(30149): GC_FOR_ALLOC freed 77K, 18% free 5009K/6100K, paused 17ms, total 17ms
11-05 16:26:17.030 I/dalvikvm-heap(30149): Grow heap (frag case) to 5.386MB for 20752-byte allocation
11-05 16:26:17.050 D/dalvikvm(30149): GC_FOR_ALLOC freed 0K, 18% free 5029K/6124K, paused 19ms, total 19ms
11-05 16:26:17.080 D/dalvikvm(30149): GC_FOR_ALLOC freed 22K, 19% free 5019K/6124K, paused 18ms, total 18ms
11-05 16:26:17.110 D/dalvikvm(30149): GC_FOR_ALLOC freed 23K, 18% free 5029K/6124K, paused 16ms, total 16ms
11-05 16:26:17.140 D/dalvikvm(30149): GC_FOR_ALLOC freed 5K, 18% free 5049K/6124K, paused 16ms, total 16ms
11-05 16:26:17.150 I/dalvikvm-heap(30149): Grow heap (frag case) to 5.415MB for 9232-byte allocation
11-05 16:26:17.160 D/dalvikvm(30149): GC_FOR_ALLOC freed <1K, 18% free 5057K/6136K, paused 17ms, total 17ms
11-05 16:26:17.210 D/dalvikvm(30149): GC_FOR_ALLOC freed 3K, 18% free 5057K/6136K, paused 15ms, total 15ms
11-05 16:26:17.210 I/dalvikvm-heap(30149): Grow heap (frag case) to 5.423MB for 9232-byte allocation
11-05 16:26:17.220 D/dalvikvm(30149): GC_FOR_ALLOC freed <1K, 18% free 5066K/6148K, paused 18ms, total 18ms
11-05 16:26:17.260 D/dalvikvm(30149): GC_FOR_ALLOC freed 4K, 18% free 5078K/6148K, paused 16ms, total 16ms
11-05 16:26:17.260 I/dalvikvm-heap(30149): Grow heap (frag case) to 5.443MB for 9232-byte allocation
11-05 16:26:17.270 D/dalvikvm(30149): GC_FOR_ALLOC freed 0K, 18% free 5087K/6160K, paused 17ms, total 17ms
11-05 16:26:17.290 D/dalvikvm(30149): GC_FOR_ALLOC freed 3K, 18% free 5087K/6160K, paused 16ms, total 17ms
11-05 16:26:17.290 I/dalvikvm-heap(30149): Grow heap (frag case) to 5.452MB for 9232-byte allocation
11-05 16:26:17.310 D/dalvikvm(30149): GC_FOR_ALLOC freed 1K, 18% free 5095K/6172K, paused 16ms, total 16ms
11-05 16:26:17.340 D/dalvikvm(30149): GC_FOR_ALLOC freed 2K, 18% free 5096K/6172K, paused 15ms, total 16ms
11-05 16:26:17.340 I/dalvikvm-heap(30149): Grow heap (frag case) to 5.460MB for 9232-byte allocation
11-05 16:26:17.360 D/dalvikvm(30149): GC_FOR_ALLOC freed <1K, 18% free 5104K/6184K, paused 18ms, total 18ms
11-05 16:26:17.390 D/dalvikvm(30149): GC_FOR_ALLOC freed 4K, 18% free 5115K/6184K, paused 18ms, total 18ms
11-05 16:26:17.390 I/dalvikvm-heap(30149): Grow heap (frag case) to 5.480MB for 9232-byte allocation
11-05 16:26:17.410 D/dalvikvm(30149): GC_FOR_ALLOC freed 0K, 18% free 5124K/6196K, paused 18ms, total 18ms
11-05 16:26:17.430 D/dalvikvm(30149): GC_FOR_ALLOC freed 3K, 18% free 5124K/6196K, paused 16ms, total 17ms
11-05 16:26:17.430 I/dalvikvm-heap(30149): Grow heap (frag case) to 5.500MB for 20752-byte allocation
11-05 16:26:17.450 D/dalvikvm(30149): GC_FOR_ALLOC freed <1K, 18% free 5144K/6220K, paused 23ms, total 23ms
11-05 16:26:17.470 D/dalvikvm(30149): GC_FOR_ALLOC freed <1K, 18% free 5144K/6220K, paused 16ms, total 16ms
11-05 16:26:17.470 I/dalvikvm-heap(30149): Grow heap (frag case) to 5.507MB for 9232-byte allocation
11-05 16:26:17.490 D/dalvikvm(30149): GC_FOR_ALLOC freed 0K, 18% free 5153K/6232K, paused 16ms, total 16ms
11-05 16:26:17.530 D/dalvikvm(30149): GC_FOR_ALLOC freed 25K, 18% free 5144K/6232K, paused 16ms, total 16ms
11-05 16:26:17.560 D/dalvikvm(30149): GC_FOR_ALLOC freed 6K, 18% free 5164K/6232K, paused 16ms, total 16ms
11-05 16:26:17.560 I/dalvikvm-heap(30149): Grow heap (frag case) to 5.539MB for 20752-byte allocation
11-05 16:26:17.580 D/dalvikvm(30149): GC_FOR_ALLOC freed 1K, 18% free 5183K/6256K, paused 20ms, total 20ms
11-05 16:26:17.600 D/dalvikvm(30149): GC_FOR_ALLOC freed <1K, 18% free 5183K/6256K, paused 15ms, total 16ms
11-05 16:26:17.600 I/dalvikvm-heap(30149): Grow heap (frag case) to 5.545MB for 9232-byte allocation
11-05 16:26:17.620 D/dalvikvm(30149): GC_FOR_ALLOC freed 0K, 18% free 5192K/6268K, paused 23ms, total 23ms
11-05 16:26:17.650 D/dalvikvm(30149): GC_FOR_ALLOC freed 22K, 18% free 5173K/6268K, paused 25ms, total 25ms
11-05 16:26:17.670 D/dalvikvm(30149): GC_FOR_ALLOC freed 1K, 18% free 5193K/6268K, paused 16ms, total 16ms
11-05 16:26:17.670 I/dalvikvm-heap(30149): Grow heap (frag case) to 5.555MB for 9232-byte allocation
11-05 16:26:17.680 D/dalvikvm(30149): GC_FOR_ALLOC freed 0K, 18% free 5202K/6280K, paused 15ms, total 16ms
11-05 16:26:17.710 D/dalvikvm(30149): GC_FOR_ALLOC freed 22K, 18% free 5182K/6280K, paused 18ms, total 18ms
11-05 16:26:17.750 D/dalvikvm(30149): GC_FOR_ALLOC freed 23K, 18% free 5193K/6280K, paused 19ms, total 19ms
11-05 16:26:17.770 D/dalvikvm(30149): GC_FOR_ALLOC freed 0K, 17% free 5213K/6280K, paused 16ms, total 16ms
11-05 16:26:17.770 I/dalvikvm-heap(30149): Grow heap (frag case) to 5.575MB for 9232-byte allocation
11-05 16:26:17.790 D/dalvikvm(30149): GC_FOR_ALLOC freed <1K, 18% free 5221K/6292K, paused 19ms, total 19ms
11-05 16:26:17.830 D/dalvikvm(30149): GC_FOR_ALLOC freed 35K, 18% free 5207K/6292K, paused 26ms, total 26ms
11-05 16:26:17.860 D/dalvikvm(30149): GC_FOR_ALLOC freed 0K, 17% free 5227K/6292K, paused 23ms, total 23ms
11-05 16:26:17.860 I/dalvikvm-heap(30149): Grow heap (frag case) to 5.589MB for 9232-byte allocation
11-05 16:26:17.880 D/dalvikvm(30149): GC_FOR_ALLOC freed 2K, 17% free 5234K/6304K, paused 17ms, total 18ms
11-05 16:26:17.980 D/dalvikvm(30149): GC_FOR_ALLOC freed 43K, 18% free 5223K/6304K, paused 21ms, total 21ms
11-05 16:26:18.040 D/dalvikvm(30149): GC_FOR_ALLOC freed 22K, 17% free 5234K/6304K, paused 19ms, total 20ms
11-05 16:26:18.040 I/dalvikvm-heap(30149): Grow heap (frag case) to 5.603MB for 16400-byte allocation
11-05 16:26:18.060 D/dalvikvm(30149): GC_FOR_ALLOC freed 1K, 17% free 5249K/6324K, paused 20ms, total 20ms
11-05 16:26:18.080 D/dalvikvm(30149): GC_FOR_ALLOC freed <1K, 17% free 5249K/6324K, paused 20ms, total 20ms
11-05 16:26:18.080 I/dalvikvm-heap(30149): Grow heap (frag case) to 5.621MB for 20752-byte allocation
11-05 16:26:18.100 D/dalvikvm(30149): GC_FOR_ALLOC freed 0K, 17% free 5269K/6348K, paused 21ms, total 21ms
11-05 16:26:18.120 D/dalvikvm(30149): GC_FOR_ALLOC freed 22K, 18% free 5259K/6348K, paused 18ms, total 19ms
11-05 16:26:18.140 D/dalvikvm(30149): GC_FOR_ALLOC freed <1K, 17% free 5277K/6348K, paused 17ms, total 17ms
11-05 16:26:18.140 I/dalvikvm-heap(30149): Grow heap (frag case) to 5.648MB for 20752-byte allocation
11-05 16:26:18.160 D/dalvikvm(30149): GC_FOR_ALLOC freed 0K, 17% free 5297K/6372K, paused 17ms, total 17ms
11-05 16:26:18.210 D/dalvikvm(30149): GC_FOR_ALLOC freed 73K, 18% free 5266K/6372K, paused 20ms, total 20ms
11-05 16:26:18.250 W/DreamManagerService(  422): Dream ComponentInfo{com.google.android.deskclock/com.android.deskclock.Screensaver} does not exist
11-05 16:26:18.250 W/DreamManagerService(  422): Falling back to default dream ComponentInfo{com.google.android.deskclock/com.android.deskclock.Screensaver}
11-05 16:26:18.430 D/dalvikvm(30149): GC_FOR_ALLOC freed 44K, 16% free 5377K/6372K, paused 75ms, total 76ms
11-05 16:26:18.820 I/ActivityManager(  422): Start proc android.process.media for service com.android.providers.downloads/.DownloadService: pid=30192 uid=10013 gids={50013, 1015, 1023, 1024, 1028, 2001, 3003, 3007}
11-05 16:26:18.880 E/Trace   (30192): error opening trace file: No such file or directory (2)
11-05 16:26:19.000 I/ActivityManager(  422): Process com.google.android.apps.maps (pid 29653) has died.
11-05 16:26:19.000 W/ActivityManager(  422): Scheduling restart of crashed service com.google.android.apps.maps/com.google.googlenav.prefetch.android.PrefetcherService in 5000ms
11-05 16:26:19.150 D/dalvikvm(30149): GC_FOR_ALLOC freed 30K, 14% free 5503K/6372K, paused 37ms, total 47ms
11-05 16:26:19.160 I/DownloadManager(30192): in removeSpuriousFiles
11-05 16:26:19.170 I/WindowState(  422): WIN DEATH: Window{41887048 u0 com.android.browser/com.android.browser.BrowserActivity}
11-05 16:26:19.170 I/ActivityManager(  422): Process com.android.browser (pid 30003) has died.
11-05 16:26:19.280 I/dalvikvm-heap(30149): Grow heap (frag case) to 8.099MB for 2359312-byte allocation
11-05 16:26:19.300 D/dalvikvm(30149): GC_FOR_ALLOC freed 2K, 11% free 7805K/8680K, paused 22ms, total 22ms
11-05 16:26:19.330 D/dalvikvm(30149): GC_CONCURRENT freed 2K, 11% free 7802K/8680K, paused 3ms+3ms, total 29ms
11-05 16:26:19.770 I/Choreographer(30149): Skipped 89 frames!  The application may be doing too much work on its main thread.
11-05 16:26:20.700 I/ActivityManager(  422): Start proc android.process.acore for content provider com.android.providers.userdictionary/.UserDictionaryProvider: pid=30210 uid=10000 gids={50000, 3003, 1015, 1028}
11-05 16:26:20.740 E/Trace   (30210): error opening trace file: No such file or directory (2)
11-05 16:26:21.190 D/dalvikvm(30210): GC_CONCURRENT freed 182K, 14% free 4337K/5008K, paused 15ms+12ms, total 44ms
11-05 16:26:21.290 I/Choreographer(30149): Skipped 76 frames!  The application may be doing too much work on its main thread.
11-05 16:26:21.840 D/dalvikvm(30149): GC_CONCURRENT freed 677K, 13% free 8253K/9420K, paused 3ms+12ms, total 66ms
11-05 16:26:22.950 D/audio_hw_primary(  110): out_standby
11-05 16:26:24.020 I/ActivityManager(  422): Start proc com.google.android.apps.maps for service com.google.android.apps.maps/com.google.googlenav.prefetch.android.PrefetcherService: pid=30230 uid=10026 gids={50026, 3003, 1015, 1028}
11-05 16:26:24.050 E/Trace   (30230): error opening trace file: No such file or directory (2)
11-05 16:26:24.330 D/dalvikvm(  729): GC_EXPLICIT freed 6K, 19% free 4406K/5380K, paused 22ms+5ms, total 93ms
11-05 16:26:24.530 D/dalvikvm(30230): GC_CONCURRENT freed 208K, 14% free 4401K/5100K, paused 9ms+9ms, total 40ms
11-05 16:26:26.290 V/audio_hw_primary(  110): start_output_stream, line: 728
11-05 16:26:26.290 V/codec_audio_pad(  110): in normal mode, headset or speaker on,****LINE:81,FUNC:set_normal_path
11-05 16:26:26.430 V/audio_hw_primary(  110): normal mode , speaker,****LINE:653,FUNC:select_output_device
11-05 16:26:26.430 V/audio_hw_primary(  110): start_output_stream: card:0, port:0, rate:44100
11-05 16:26:26.430 D/alsa_pcm(  110): pcm_open:,sparams.stop_threshold:1540, config->stop_threshold:0
11-05 16:26:26.430 V/audio_hw_primary(  110): do not use out resampler
11-05 16:26:29.490 D/audio_hw_primary(  110): out_standby
11-05 16:26:29.680 D/dalvikvm(26357): GC_EXPLICIT freed 2K, 12% free 4120K/4672K, paused 2ms+5ms, total 62ms
11-05 16:26:34.670 D/dalvikvm(26405): GC_EXPLICIT freed 189K, 45% free 5436K/9816K, paused 2ms+19ms, total 52ms
11-05 16:26:37.500 V/audio_hw_primary(  110): start_output_stream, line: 728
11-05 16:26:37.500 V/codec_audio_pad(  110): in normal mode, headset or speaker on,****LINE:81,FUNC:set_normal_path
11-05 16:26:37.640 I/ActivityManager(  422): Config changes=3404 {1.0 ?mcc?mnc en_US ldltr sw768dp w768dp h951dp 160dpi xlrg port finger -keyb/v/h -nav/h s.10}
11-05 16:26:37.650 V/audio_hw_primary(  110): normal mode , speaker,****LINE:653,FUNC:select_output_device
11-05 16:26:37.650 V/audio_hw_primary(  110): start_output_stream: card:0, port:0, rate:44100
11-05 16:26:37.650 D/alsa_pcm(  110): pcm_open:,sparams.stop_threshold:1540, config->stop_threshold:0
11-05 16:26:37.650 V/audio_hw_primary(  110): do not use out resampler
11-05 16:26:37.820 D/dalvikvm(  422): GC_CONCURRENT freed 1467K, 23% free 9542K/12328K, paused 3ms+43ms, total 239ms
11-05 16:26:37.860 I/ActivityManager(  422): Start proc com.android.calendar for broadcast com.android.calendar/.alerts.AlertReceiver: pid=30271 uid=10005 gids={50005, 3003, 1028}
11-05 16:26:37.900 I/InputAttributes(26578): InputType.TYPE_NULL is specified
11-05 16:26:37.900 I/ActivityManager(  422): Start proc com.google.android.inputmethod.latin.dictionarypack for content provider com.google.android.inputmethod.latin.dictionarypack/.DictionaryProvider: pid=30275 uid=10029 gids={50029, 3003, 1015, 1028}
11-05 16:26:37.940 D/dalvikvm(  108): GC_EXPLICIT freed 38K, 12% free 4111K/4640K, paused 2ms+8ms, total 53ms
11-05 16:26:38.000 D/dalvikvm(  108): GC_EXPLICIT freed <1K, 12% free 4111K/4640K, paused 6ms+3ms, total 58ms
11-05 16:26:38.050 D/dalvikvm(  108): GC_EXPLICIT freed <1K, 12% free 4111K/4640K, paused 2ms+6ms, total 47ms
11-05 16:26:38.220 I/ActivityManager(  422): Start proc com.android.deskclock for broadcast com.android.deskclock/com.android.alarmclock.DigitalAppWidgetProvider: pid=30297 uid=10011 gids={50011, 1028}
11-05 16:26:38.280 W/ResourceType(  422): Failure getting entry for 0x7f060000 (t=5 e=0) in package 0 (error -75)
11-05 16:26:38.280 W/ResourceType(  422): Failure getting entry for 0x7f060000 (t=5 e=0) in package 0 (error -75)
11-05 16:26:38.280 W/InputMethodManagerService(  422): Found no subtypes in a system IME: com.android.inputmethod.pinyin
11-05 16:26:38.290 D/KeyguardUpdateMonitor(  422): +++++: ril.sw.modem.status is off
11-05 16:26:38.290 I/InputMethodManagerService(  422): Selected default: com.google.android.inputmethod.latin/com.android.inputmethod.latin.LatinIME
11-05 16:26:38.290 W/InputMethodManagerService(  422): Illegal subtype state: old subtype = null, new subtype = android.view.inputmethod.InputMethodSubtype@c9194f98
11-05 16:26:38.420 E/Trace   (30271): error opening trace file: No such file or directory (2)
11-05 16:26:38.420 E/Trace   (30275): error opening trace file: No such file or directory (2)
11-05 16:26:38.480 E/Trace   (30297): error opening trace file: No such file or directory (2)
11-05 16:26:38.720 W/ResourceType(30149): Failure getting entry for 0x7f060000 (t=5 e=0) in package 0 (error -75)
11-05 16:26:38.810 D/AlertReceiver(30271): onReceive: a=android.intent.action.LOCALE_CHANGED Intent { act=android.intent.action.LOCALE_CHANGED flg=0x10000010 cmp=com.android.calendar/.alerts.AlertReceiver }
11-05 16:26:38.830 D/AlertUtils(30271): Flushing old alerts from shared prefs table
11-05 16:26:39.020 W/ResourceType(30149): Failure getting entry for 0x7f060000 (t=5 e=0) in package 0 (error -75)
11-05 16:26:39.040 V/AlarmClock(30297): No next alarm
11-05 16:26:39.050 V/AlarmClock(30297): AlarmInitReceiver finished
11-05 16:26:39.060 I/ActivityManager(  422): Start proc com.android.vending for broadcast com.android.vending/com.google.android.finsky.receivers.ClearCacheReceiver: pid=30324 uid=10043 gids={50043, 3003, 1015, 1028}
11-05 16:26:39.110 E/Trace   (30324): error opening trace file: No such file or directory (2)
11-05 16:26:39.130 D/AlertService(30271): 0 Action = android.intent.action.LOCALE_CHANGED
11-05 16:26:39.140 I/ActivityManager(  422): Start proc com.android.providers.calendar for content provider com.android.providers.calendar/.CalendarProvider2: pid=30337 uid=10006 gids={50006, 3003, 1015, 1028}
11-05 16:26:39.150 D/AlertService(30271): Beginning updateAlertNotification
11-05 16:26:39.180 I/Launcher(26405): setLoadOnResume
11-05 16:26:39.220 E/Trace   (30337): error opening trace file: No such file or directory (2)
11-05 16:26:39.350 D/dalvikvm(30149): GC_CONCURRENT freed 1115K, 17% free 8403K/10008K, paused 4ms+11ms, total 96ms
11-05 16:26:39.430 D/BluetoothAdapter(30149): 1098087944: getState() :  mService = null. Returning STATE_OFF
11-05 16:26:39.610 I/Choreographer(30149): Skipped 100 frames!  The application may be doing too much work on its main thread.
11-05 16:26:39.700 D/gralloc (  107): use system buffer 
11-05 16:26:39.700 W/BufferQueue(  107): freeAllBuffersLocked called but mQueue is not empty
11-05 16:26:39.700 D/gralloc (  107): use system buffer 
11-05 16:26:39.750 D/WifiService(  422): setWifiEnabled: true pid=30149, uid=1000
11-05 16:26:39.930 D/Finsky  (30324): [1] FinskyApp.onCreate: Initializing network with DFE https://android.clients.google.com/fdfe/
11-05 16:26:40.150 I/Choreographer(30149): Skipped 30 frames!  The application may be doing too much work on its main thread.
11-05 16:26:40.350 D/Finsky  (30324): [1] DailyHygiene.goMakeHygieneIfDirty: Dirty, need more hygiene.
11-05 16:26:40.410 D/dalvikvm(30324): GC_CONCURRENT freed 241K, 15% free 4289K/5020K, paused 3ms+13ms, total 52ms
11-05 16:26:40.410 W/Settings(30324): Setting download_manager_max_bytes_over_mobile has moved from android.provider.Settings.Secure to android.provider.Settings.Global.
11-05 16:26:40.420 W/Settings(30324): Setting download_manager_recommended_max_bytes_over_mobile has moved from android.provider.Settings.Secure to android.provider.Settings.Global.
11-05 16:26:40.430 W/Finsky  (30324): [1] FinskyApp.getCurrentAccount: No account configured on this device.
11-05 16:26:40.430 W/Finsky  (30324): [1] FinskyApp.getDfeApi: No account configured on this device.
11-05 16:26:40.430 D/Finsky  (30324): [1] ClearCacheReceiver.onReceive: Received android.intent.action.LOCALE_CHANGED. Clearing cache and exiting.
11-05 16:26:40.450 I/ActivityManager(  422): Start proc com.google.android.googlequicksearchbox for broadcast com.google.android.googlequicksearchbox/com.google.android.searchcommon.GservicesBroadcastReceiver: pid=30371 uid=10046 gids={50046, 3003, 1028, 1007, 3002, 1015}
11-05 16:26:40.470 D/Volley  (30324): [1638] DiskBasedCache.clear: Cache cleared.
11-05 16:26:40.520 E/Trace   (30371): error opening trace file: No such file or directory (2)
11-05 16:26:40.710 D/audio_hw_primary(  110): out_standby
11-05 16:26:40.940 D/gralloc (  107): use system buffer 
11-05 16:26:41.120 D/Volley  (30324): [1642] DiskBasedCache.clear: Cache cleared.
11-05 16:26:41.150 D/gralloc (  107): use system buffer 
11-05 16:26:41.180 I/AndroidRuntime(30324): VM exiting with result code 0, cleanup skipped.
11-05 16:26:41.340 D/dalvikvm(30210): GC_CONCURRENT freed 254K, 15% free 4481K/5228K, paused 9ms+19ms, total 46ms
11-05 16:26:41.410 I/ActivityManager(  422): Start proc com.google.android.partnersetup for content provider com.google.android.partnersetup/.RlzAppProvider: pid=30391 uid=10024 gids={50024, 3003, 1028}
11-05 16:26:41.450 E/JavaBinder(  422): !!! FAILED BINDER TRANSACTION !!!
11-05 16:26:41.480 E/JavaBinder(  422): !!! FAILED BINDER TRANSACTION !!!
11-05 16:26:41.480 W/ActivityManager(  422): Scheduling restart of crashed service com.android.vending/com.google.android.finsky.services.DailyHygiene in 5000ms
11-05 16:26:41.510 W/ActivityManager(  422): Exception when starting service com.android.vending/com.google.android.finsky.services.DailyHygiene
11-05 16:26:41.510 W/ActivityManager(  422): android.os.TransactionTooLargeException
11-05 16:26:41.510 W/ActivityManager(  422): 	at android.os.BinderProxy.transact(Native Method)
11-05 16:26:41.510 W/ActivityManager(  422): 	at android.app.ApplicationThreadProxy.scheduleCreateService(ApplicationThreadNative.java:806)
11-05 16:26:41.510 W/ActivityManager(  422): 	at com.android.server.am.ActiveServices.realStartServiceLocked(ActiveServices.java:1099)
11-05 16:26:41.510 W/ActivityManager(  422): 	at com.android.server.am.ActiveServices.bringUpServiceLocked(ActiveServices.java:1022)
11-05 16:26:41.510 W/ActivityManager(  422): 	at com.android.server.am.ActiveServices.startServiceLocked(ActiveServices.java:251)
11-05 16:26:41.510 W/ActivityManager(  422): 	at com.android.server.am.ActivityManagerService.startServiceInPackage(ActivityManagerService.java:11072)
11-05 16:26:41.510 W/ActivityManager(  422): 	at com.android.server.am.PendingIntentRecord.sendInner(PendingIntentRecord.java:280)
11-05 16:26:41.510 W/ActivityManager(  422): 	at com.android.server.am.PendingIntentRecord.send(PendingIntentRecord.java:192)
11-05 16:26:41.510 W/ActivityManager(  422): 	at android.app.PendingIntent.send(PendingIntent.java:677)
11-05 16:26:41.510 W/ActivityManager(  422): 	at android.app.PendingIntent.send(PendingIntent.java:631)
11-05 16:26:41.510 W/ActivityManager(  422): 	at com.android.server.AlarmManagerService$AlarmThread.run(AlarmManagerService.java:865)
11-05 16:26:41.520 I/ActivityManager(  422): Process com.android.vending (pid 30324) has died.
11-05 16:26:41.560 E/Trace   (30391): error opening trace file: No such file or directory (2)
11-05 16:26:41.600 D/dalvikvm(30371): GC_CONCURRENT freed 226K, 15% free 4341K/5060K, paused 6ms+4ms, total 44ms
11-05 16:26:41.730 D/AlertService(30271): No fired or scheduled alerts
11-05 16:26:41.740 I/Choreographer(26405): Skipped 127 frames!  The application may be doing too much work on its main thread.
11-05 16:26:41.760 D/dalvikvm(30297): GC_CONCURRENT freed 250K, 15% free 4247K/4988K, paused 2ms+2ms, total 21ms
11-05 16:26:41.760 W/GAV2    (30371): Thread[main,5,main]: Need to call initialize() and be in fallback mode to start dispatch.
11-05 16:26:41.820 I/ContactsDatabaseHelper(30210): Switching to locale en_US
11-05 16:26:42.170 D/dalvikvm(30210): GC_CONCURRENT freed 416K, 17% free 4453K/5360K, paused 2ms+2ms, total 20ms
11-05 16:26:42.230 I/ContactsDatabaseHelper(30210): Locale change completed in 411ms
11-05 16:26:42.230 I/ContactsDatabaseHelper(30210): Switching to locale en_US
11-05 16:26:42.460 I/ContactsDatabaseHelper(30210): Locale change completed in 227ms
11-05 16:26:42.520 I/ContactsFTS(30210): Rebuild contact search index in 56ms, 0 contacts
11-05 16:26:42.630 I/ActivityManager(  422): START u0 {act=android.intent.action.MAIN cat=[android.intent.category.HOME] flg=0x10200000 cmp=com.android.launcher/com.android.launcher2.Launcher} from pid 422
11-05 16:26:42.640 V/audio_hw_primary(  110): start_output_stream, line: 728
11-05 16:26:42.640 V/codec_audio_pad(  110): in normal mode, headset or speaker on,****LINE:81,FUNC:set_normal_path
11-05 16:26:42.640 I/CalendarProvider2(30337): Sending notification intent: Intent { act=android.intent.action.PROVIDER_CHANGED dat=content://com.android.calendar }
11-05 16:26:42.700 D/dalvikvm(30210): GC_CONCURRENT freed 348K, 17% free 4497K/5360K, paused 3ms+1ms, total 155ms
11-05 16:26:42.750 W/ResourceType(30149): Failure getting entry for 0x7f060000 (t=5 e=0) in package 0 (error -75)
11-05 16:26:42.780 V/audio_hw_primary(  110): normal mode , speaker,****LINE:653,FUNC:select_output_device
11-05 16:26:42.780 V/audio_hw_primary(  110): start_output_stream: card:0, port:0, rate:44100
11-05 16:26:42.780 D/alsa_pcm(  110): pcm_open:,sparams.stop_threshold:1540, config->stop_threshold:0
11-05 16:26:42.780 V/audio_hw_primary(  110): do not use out resampler
11-05 16:26:42.830 I/qtaguid (  422): Failed write_ctrl(s 1 10031) res=-1 errno=1
11-05 16:26:42.830 W/NetworkManagementSocketTagger(  422): setKernelCountSet(10031, 1) failed with errno -1
11-05 16:26:42.830 W/ContentResolver(30337): Failed to get type for: content://com.android.calendar (Unknown URL content://com.android.calendar)
11-05 16:26:42.850 D/dalvikvm(  422): JIT code cache reset in 3 ms (1048560 bytes 9/0)
11-05 16:26:42.860 D/dalvikvm(  422): GC_EXPLICIT freed 953K, 22% free 9641K/12328K, paused 4ms+19ms, total 285ms
11-05 16:26:42.950 D/AlertReceiver(30271): onReceive: a=android.intent.action.PROVIDER_CHANGED Intent { act=android.intent.action.PROVIDER_CHANGED dat=content://com.android.calendar flg=0x10 cmp=com.android.calendar/.alerts.AlertReceiver }
11-05 16:26:43.180 D/dalvikvm(26405): GC_CONCURRENT freed 260K, 43% free 5596K/9816K, paused 2ms+17ms, total 88ms
11-05 16:26:43.340 D/gralloc (  107): use system buffer 
11-05 16:26:43.420 W/BufferQueue(  107): freeAllBuffersLocked called but mQueue is not empty
11-05 16:26:43.420 D/gralloc (  107): use system buffer 
11-05 16:26:43.480 I/dalvikvm(30149): Jit: resizing JitTable from 4096 to 8192
11-05 16:26:43.550 D/dalvikvm(26405): GC_CONCURRENT freed 277K, 42% free 5738K/9816K, paused 5ms+3ms, total 53ms
11-05 16:26:43.610 I/Choreographer(30149): Skipped 35 frames!  The application may be doing too much work on its main thread.
11-05 16:26:43.650 D/AlertService(30271): 0 Action = android.intent.action.PROVIDER_CHANGED
11-05 16:26:43.650 D/AlertService(30271): Beginning updateAlertNotification
11-05 16:26:43.940 D/AlertService(30271): No fired or scheduled alerts
11-05 16:26:44.020 D/gralloc (  107): use system buffer 
11-05 16:26:44.100 D/gralloc (  107): use system buffer 
11-05 16:26:44.820 D/gralloc (  107): use system buffer 
11-05 16:26:45.040 I/ActivityManager(  422): Process com.google.android.inputmethod.latin.dictionarypack (pid 30275) has died.
11-05 16:26:45.200 W/BufferQueue(  107): freeAllBuffersLocked called but mQueue is not empty
11-05 16:26:45.200 D/gralloc (  107): use system buffer 
11-05 16:26:45.290 I/ActivityManager(  422): Process com.android.defcontainer (pid 30173) has died.
11-05 16:26:45.350 I/Choreographer(  649): Skipped 54 frames!  The application may be doing too much work on its main thread.
11-05 16:26:45.420 D/PhoneStatusBar(  649): disable: < expand ICONS* alerts TICKER* system_info back home recent CLOCK* search >
11-05 16:26:45.440 D/gralloc (  107): use system buffer 
11-05 16:26:45.540 D/gralloc (  107): use system buffer 
11-05 16:26:45.700 I/ActivityManager(  422): Process com.google.android.googlequicksearchbox (pid 30371) has died.
11-05 16:26:45.840 D/audio_hw_primary(  110): out_standby
11-05 16:26:45.890 D/dalvikvm(26405): GC_CONCURRENT freed 199K, 40% free 5970K/9816K, paused 7ms+22ms, total 68ms
11-05 16:26:46.180 D/dalvikvm(26405): GC_CONCURRENT freed 304K, 38% free 6172K/9816K, paused 3ms+6ms, total 42ms
11-05 16:26:46.500 I/ActivityManager(  422): Start proc com.android.vending for service com.android.vending/com.google.android.finsky.services.DailyHygiene: pid=30427 uid=10043 gids={50043, 3003, 1015, 1028}
11-05 16:26:46.570 E/Trace   (30427): error opening trace file: No such file or directory (2)
11-05 16:26:47.140 D/Finsky  (30427): [1] FinskyApp.onCreate: Initializing network with DFE https://android.clients.google.com/fdfe/
11-05 16:26:47.260 D/Finsky  (30427): [1] DailyHygiene.goMakeHygieneIfDirty: Dirty, need more hygiene.
11-05 16:26:47.290 D/dalvikvm(30427): GC_CONCURRENT freed 251K, 15% free 4270K/5012K, paused 7ms+1ms, total 52ms
11-05 16:26:47.320 W/Settings(30427): Setting download_manager_max_bytes_over_mobile has moved from android.provider.Settings.Secure to android.provider.Settings.Global.
11-05 16:26:47.320 W/Settings(30427): Setting download_manager_recommended_max_bytes_over_mobile has moved from android.provider.Settings.Secure to android.provider.Settings.Global.
11-05 16:26:47.330 W/Finsky  (30427): [1] FinskyApp.getCurrentAccount: No account configured on this device.
11-05 16:26:47.330 W/Finsky  (30427): [1] FinskyApp.getDfeApi: No account configured on this device.
11-05 16:26:48.320 V/audio_hw_primary(  110): start_output_stream, line: 728
11-05 16:26:48.320 V/codec_audio_pad(  110): in normal mode, headset or speaker on,****LINE:81,FUNC:set_normal_path
11-05 16:26:48.350 W/KeyguardViewMediator(  422): verifyUnlock called when not externally disabled
11-05 16:26:48.430 I/ActivityManager(  422): Start proc com.android.browser for broadcast com.android.browser/.OpenDownloadReceiver: pid=30462 uid=10003 gids={50003, 3003, 1015, 1028}
11-05 16:26:48.470 V/audio_hw_primary(  110): normal mode , speaker,****LINE:653,FUNC:select_output_device
11-05 16:26:48.470 V/audio_hw_primary(  110): start_output_stream: card:0, port:0, rate:44100
11-05 16:26:48.470 D/alsa_pcm(  110): pcm_open:,sparams.stop_threshold:1540, config->stop_threshold:0
11-05 16:26:48.470 V/audio_hw_primary(  110): do not use out resampler
11-05 16:26:48.530 E/Trace   (30462): error opening trace file: No such file or directory (2)
11-05 16:26:48.670 D/PhoneStatusBar(  649): disable: < expand icons* alerts ticker* system_info back home recent clock* search >
11-05 16:26:48.720 W/InputMethodManagerService(  422): Window already focused, ignoring focus gain of: com.android.internal.view.IInputMethodClient$Stub$Proxy@418880e0 attribute=null, token = android.os.BinderProxy@41a72478
11-05 16:26:48.730 D/gralloc (  107): use system buffer 
11-05 16:26:48.730 W/BufferQueue(  107): freeAllBuffersLocked called but mQueue is not empty
11-05 16:26:48.730 D/gralloc (  107): use system buffer 
11-05 16:26:48.770 D/gralloc (  107): use system buffer 
11-05 16:26:48.810 W/ContextImpl(30462): Unable to create external files directory
11-05 16:26:48.810 D/gralloc (  107): use system buffer 
11-05 16:26:48.960 I/ActivityManager(  422): START u0 {act=android.intent.action.VIEW_DOWNLOADS flg=0x10000000 cmp=com.android.providers.downloads.ui/.DownloadList} from pid 30462
11-05 16:26:49.120 I/qtaguid (  422): Failed write_ctrl(s 1 10013) res=-1 errno=1
11-05 16:26:49.120 W/NetworkManagementSocketTagger(  422): setKernelCountSet(10013, 1) failed with errno -1
11-05 16:26:49.200 D/dalvikvm(30192): GC_CONCURRENT freed 185K, 14% free 4325K/5000K, paused 3ms+6ms, total 42ms
11-05 16:26:49.430 D/libEGL  (30192): loaded /system/lib/egl/libEGL_mali.so
11-05 16:26:49.440 D/libEGL  (30192): loaded /system/lib/egl/libGLESv1_CM_mali.so
11-05 16:26:49.440 D/libEGL  (30192): loaded /system/lib/egl/libGLESv2_mali.so
11-05 16:26:49.450 D/gralloc (  107): use system buffer 
11-05 16:26:49.470 W/BufferQueue(  107): freeAllBuffersLocked called but mQueue is not empty
11-05 16:26:49.470 D/gralloc (  107): use system buffer 
11-05 16:26:49.470 D/OpenGLRenderer(30192): Enabling debug mode 0
11-05 16:26:49.680 D/dalvikvm(30192): GC_CONCURRENT freed 221K, 14% free 4504K/5216K, paused 3ms+16ms, total 35ms
11-05 16:26:49.770 I/ActivityManager(  422): Displayed com.android.providers.downloads.ui/.DownloadList: +720ms
11-05 16:26:49.960 D/gralloc (  107): use system buffer 
11-05 16:26:50.440 D/gralloc (  107): use system buffer 
11-05 16:26:50.620 I/ActivityManager(  422): Process com.android.calendar (pid 30271) has died.
11-05 16:26:51.540 D/audio_hw_primary(  110): out_standby
11-05 16:26:52.180 V/audio_hw_primary(  110): start_output_stream, line: 728
11-05 16:26:52.180 V/codec_audio_pad(  110): in normal mode, headset or speaker on,****LINE:81,FUNC:set_normal_path
11-05 16:26:52.290 D/gralloc (  107): use system buffer 
11-05 16:26:52.300 W/BufferQueue(  107): freeAllBuffersLocked called but mQueue is not empty
11-05 16:26:52.300 D/gralloc (  107): use system buffer 
11-05 16:26:52.330 V/audio_hw_primary(  110): normal mode , speaker,****LINE:653,FUNC:select_output_device
11-05 16:26:52.330 V/audio_hw_primary(  110): start_output_stream: card:0, port:0, rate:44100
11-05 16:26:52.330 D/alsa_pcm(  110): pcm_open:,sparams.stop_threshold:1540, config->stop_threshold:0
11-05 16:26:52.330 V/audio_hw_primary(  110): do not use out resampler
11-05 16:26:53.470 D/gralloc (  107): use system buffer 
11-05 16:26:53.480 D/gralloc (  107): use system buffer 
11-05 16:26:55.140 D/dalvikvm(  422): GC_EXPLICIT freed 731K, 22% free 9634K/12328K, paused 5ms+7ms, total 100ms
11-05 16:26:55.390 D/audio_hw_primary(  110): out_standby
11-05 16:26:59.350 V/audio_hw_primary(  110): start_output_stream, line: 728
11-05 16:26:59.350 V/codec_audio_pad(  110): in normal mode, headset or speaker on,****LINE:81,FUNC:set_normal_path
11-05 16:26:59.370 D/gralloc (  107): use system buffer 
11-05 16:26:59.500 V/audio_hw_primary(  110): normal mode , speaker,****LINE:653,FUNC:select_output_device
11-05 16:26:59.500 V/audio_hw_primary(  110): start_output_stream: card:0, port:0, rate:44100
11-05 16:26:59.500 D/alsa_pcm(  110): pcm_open:,sparams.stop_threshold:1540, config->stop_threshold:0
11-05 16:26:59.500 V/audio_hw_primary(  110): do not use out resampler
11-05 16:26:59.740 W/InputMethodManagerService(  422): Window already focused, ignoring focus gain of: com.android.internal.view.IInputMethodClient$Stub$Proxy@41b16fe8 attribute=null, token = android.os.BinderProxy@41805888
11-05 16:26:59.750 D/dalvikvm(30192): GC_CONCURRENT freed 263K, 14% free 4631K/5384K, paused 13ms+25ms, total 78ms
11-05 16:27:02.070 D/gralloc (  107): use system buffer 
11-05 16:27:02.080 W/BufferQueue(  107): freeAllBuffersLocked called but mQueue is not empty
11-05 16:27:02.080 D/gralloc (  107): use system buffer 
11-05 16:27:03.240 D/gralloc (  107): use system buffer 
11-05 16:27:03.260 D/gralloc (  107): use system buffer 
11-05 16:27:05.090 D/audio_hw_primary(  110): out_standby
11-05 16:27:05.110 D/dalvikvm(26697): GC_EXPLICIT freed 4K, 13% free 4139K/4720K, paused 2ms+4ms, total 33ms
11-05 16:27:06.940 V/audio_hw_primary(  110): start_output_stream, line: 728
11-05 16:27:06.950 V/codec_audio_pad(  110): in normal mode, headset or speaker on,****LINE:81,FUNC:set_normal_path
11-05 16:27:06.950 W/InputMethodManagerService(  422): Window already focused, ignoring focus gain of: com.android.internal.view.IInputMethodClient$Stub$Proxy@41ab8a18 attribute=null, token = android.os.BinderProxy@41805888
11-05 16:27:07.090 V/audio_hw_primary(  110): normal mode , speaker,****LINE:653,FUNC:select_output_device
11-05 16:27:07.090 V/audio_hw_primary(  110): start_output_stream: card:0, port:0, rate:44100
11-05 16:27:07.090 D/alsa_pcm(  110): pcm_open:,sparams.stop_threshold:1540, config->stop_threshold:0
11-05 16:27:07.090 V/audio_hw_primary(  110): do not use out resampler
11-05 16:27:07.680 I/qtaguid (  422): Failed write_ctrl(s 0 10013) res=-1 errno=1
11-05 16:27:07.680 W/NetworkManagementSocketTagger(  422): setKernelCountSet(10013, 0) failed with errno -1
11-05 16:27:10.660 D/audio_hw_primary(  110): out_standby
11-05 16:27:12.710 D/dalvikvm(26636): GC_EXPLICIT freed 39K, 22% free 4539K/5752K, paused 5ms+6ms, total 54ms
11-05 16:27:13.040 D/MDnsDS  (  104): MDnsSdListener::Monitor poll timed out
11-05 16:27:13.040 D/MDnsDS  (  104): Going to poll with pollCount 1
11-05 16:27:15.550 D/gralloc (  107): use system buffer 
11-05 16:27:15.660 W/BufferQueue(  107): freeAllBuffersLocked called but mQueue is not empty
11-05 16:27:15.660 D/gralloc (  107): use system buffer 
11-05 16:27:15.760 D/gralloc (  107): use system buffer 
11-05 16:27:15.850 D/PhoneStatusBar(  649): disable: < expand ICONS* alerts TICKER* system_info back home recent CLOCK* search >
11-05 16:27:15.860 D/gralloc (  107): use system buffer 
11-05 16:27:15.870 I/ActivityManager(  422): Process com.google.android.partnersetup (pid 30391) has died.
11-05 16:27:15.910 I/ActivityManager(  422): Process com.android.providers.calendar (pid 30337) has died.
11-05 16:27:16.240 W/CallerInfoCache(  729): Previous cache task is remaining.
11-05 16:27:18.320 V/audio_hw_primary(  110): start_output_stream, line: 728
11-05 16:27:18.320 V/codec_audio_pad(  110): in normal mode, headset or speaker on,****LINE:81,FUNC:set_normal_path
11-05 16:27:18.330 I/ActivityManager(  422): START u0 {flg=0x10000000 cmp=com.android.systemui/.usb.UsbStorageActivity bnds=[32,308][512,372]} from pid -1
11-05 16:27:18.470 V/audio_hw_primary(  110): normal mode , speaker,****LINE:653,FUNC:select_output_device
11-05 16:27:18.470 V/audio_hw_primary(  110): start_output_stream: card:0, port:0, rate:44100
11-05 16:27:18.470 D/alsa_pcm(  110): pcm_open:,sparams.stop_threshold:1540, config->stop_threshold:0
11-05 16:27:18.470 V/audio_hw_primary(  110): do not use out resampler
11-05 16:27:18.500 D/dalvikvm(  422): GC_FOR_ALLOC freed 770K, 23% free 9612K/12328K, paused 65ms, total 72ms
11-05 16:27:18.530 W/KeyguardViewMediator(  422): verifyUnlock called when not externally disabled
11-05 16:27:18.660 D/dalvikvm(  649): GC_CONCURRENT freed 1114K, 68% free 9220K/28548K, paused 3ms+10ms, total 60ms
11-05 16:27:18.660 D/dalvikvm(  649): WAIT_FOR_CONCURRENT_GC blocked 41ms
11-05 16:27:18.760 D/gralloc (  107): use system buffer 
11-05 16:27:18.810 W/BufferQueue(  107): freeAllBuffersLocked called but mQueue is not empty
11-05 16:27:18.810 D/gralloc (  107): use system buffer 
11-05 16:27:19.000 D/gralloc (  107): use system buffer 
11-05 16:27:19.040 D/PhoneStatusBar(  649): disable: < expand icons* alerts ticker* system_info back home recent clock* search >
11-05 16:27:19.090 D/gralloc (  107): use system buffer 
11-05 16:27:19.090 W/BufferQueue(  107): freeAllBuffersLocked called but mQueue is not empty
11-05 16:27:19.090 D/gralloc (  107): use system buffer 
11-05 16:27:19.110 D/gralloc (  107): use system buffer 
11-05 16:27:19.140 D/gralloc (  107): use system buffer 
11-05 16:27:19.330 D/gralloc (  107): use system buffer 
11-05 16:27:19.340 I/qtaguid (  422): Failed write_ctrl(s 0 10031) res=-1 errno=1
11-05 16:27:19.340 W/NetworkManagementSocketTagger(  422): setKernelCountSet(10031, 0) failed with errno -1
11-05 16:27:19.800 W/Vold    (  103): Volume::unshareVol
11-05 16:27:19.800 I/Vold    (  103): unshareVol: umslun '/sys/class/android_usb/android0/f_mass_storage/lun/file'
11-05 16:27:19.820 I/PackageManager(  422): Updating external media status from unmounted to unmounted
11-05 16:27:19.820 D/MediaScannerReceiver(30192): action: android.intent.action.MEDIA_UNMOUNTED path: /mnt/sdcard
11-05 16:27:19.820 D/Vold    (  103): Volume sdcard state changing 7 (Shared-Unmounted) -> 1 (Idle-Unmounted)
11-05 16:27:19.820 I/Vold    (  103): unshareVolume: lun = 0
11-05 16:27:19.820 D/MountService(  422): sendStorageIntent Intent { act=android.intent.action.MEDIA_UNSHARED dat=file:///mnt/sdcard (has extras) } to UserHandle{-1}
11-05 16:27:19.820 D/MountService(  422): volume state changed for /mnt/sdcard (shared -> unmounted)
11-05 16:27:19.820 D/MountService(  422): sendStorageIntent Intent { act=android.intent.action.MEDIA_UNMOUNTED dat=file:///mnt/sdcard (has extras) } to UserHandle{-1}
11-05 16:27:19.840 I/Vold    (  103): Volume::mountVol state : 1
11-05 16:27:19.840 I/Vold    (  103): Volume::mountVol: mMountpoint /mnt/sdcard
11-05 16:27:19.840 I/Vold    (  103): /dev/block/vold/93:72 being considered for volume sdcard
11-05 16:27:19.840 D/Vold    (  103): Volume sdcard state changing 1 (Idle-Unmounted) -> 3 (Checking)
11-05 16:27:19.840 I/Vold    (  103): Exfat::check
11-05 16:27:19.840 D/MountService(  422): volume state changed for /mnt/sdcard (unmounted -> checking)
11-05 16:27:19.850 D/MountService(  422): sendStorageIntent Intent { act=android.intent.action.MEDIA_CHECKING dat=file:///mnt/sdcard (has extras) } to UserHandle{-1}
11-05 16:27:20.040 I//system/bin/fsck.exfat(  103): exfatfsck 0.9.5
11-05 16:27:20.040 I//system/bin/fsck.exfat(  103): ERROR: exFAT file system is not found.
11-05 16:27:20.040 I/logwrapper(  103): /system/bin/fsck.exfat terminated by exit(1)
11-05 16:27:20.040 E/Vold    (  103): Filesystem check failed (unknown exit code 1)
11-05 16:27:20.060 I//system/bin/fsck_msdos(  103): ** /dev/block/vold/93:72
11-05 16:27:20.060 I//system/bin/fsck_msdos(  103): /dev/block/vold/93:72: FILESYSTEM CLEAN; SKIPPING CHECKS
11-05 16:27:20.070 I/Vold    (  103): Filesystem check completed OK
11-05 16:27:20.070 I/Vold    (  103): Device /dev/block/vold/93:72, target /mnt/sdcard mounted @ /mnt/secure/staging
11-05 16:27:20.070 D/Vold    (  103): Moved mount /mnt/secure/staging -> /mnt/sdcard sucessfully
11-05 16:27:20.070 D/Vold    (  103): Volume sdcard state changing 3 (Checking) -> 4 (Mounted)
11-05 16:27:20.080 I/PackageManager(  422): Updating external media status from unmounted to mounted
11-05 16:27:20.080 D/MountService(  422): volume state changed for /mnt/sdcard (checking -> mounted)
11-05 16:27:20.080 D/MountService(  422): sendStorageIntent Intent { act=android.intent.action.MEDIA_MOUNTED dat=file:///mnt/sdcard (has extras) } to UserHandle{-1}
11-05 16:27:20.120 D/MediaScannerReceiver(30192): action: android.intent.action.MEDIA_MOUNTED path: /mnt/sdcard
11-05 16:27:20.510 W/MediaProvider(30192): no database for scanned volume external
