11-20 11:16:57.791 W/Kernel  (    0): <4>[ 7181.136885] [sw_udc]: alloc request: ep(0xc072ad48, ep1out-bulk, 512), req(0xd678ebc0)
11-20 11:16:57.791 W/Kernel  (    0): <4>[ 7181.136900] [sw_udc]: alloc request: e
11-20 11:16:57.791 W/Kernel  (    0): p(0xc072acfc, ep1in-bulk, 512), req(0xd67f0740)
11-20 11:16:57.791 W/Kernel  (    0): <4>[ 7181.136915] [sw_udc]: alloc request: ep(0xc072ad48, ep1out-bulk, 512), req(0xe0d9bac0)
11-20 11:16:57.791 I/Kernel  (    0): <6>[ 7181.137017] adb_release
11-20 11:16:57.791 W/Kernel  (    0): <4>[ 7181.137026] [sw_udc]: sunxi_udc_pullup, is_on = 0
11-20 11:16:57.791 W/Kernel  (    0): <4>[ 7181.137045] [sw_udc]: ep disable: ep2(0xc072ad94, ep2in-bulk, 128, 200)
11-20 11:16:57.791 W/Kernel  (    0): <4>[ 7181.137059] [sw_udc]: ep disable: ep2(0xc072ade0, ep2out-bulk, 0, 200)
11-20 11:16:57.791 W/Kernel  (    0): <4>[ 7181.137079] [sw_udc]: usbd_stop_work
11-20 11:16:57.791 W/Kernel  (    0): <4>[ 7181.137089] [sw_udc]: dequeue: ep(0xc072ac98, 0), _req(0xee8b3848, 0, 0)
11-20 11:16:57.791 I/Kernel  (    0): <6>[ 718
11-20 11:16:57.792 I/Kernel  (    0): 1.137200] android_work: sent uevent USB_STATE=DISCONNECTED
11-20 11:16:57.792 W/Kernel  (    0): <4>[ 7181.137757] [sw_udc]: dequeue: ep(0xc072ad30, 1), _req(0xd678ebc8, 512, 0)
11-20 11:16:57.792 W/Kernel  (    0): <4>[ 7181.137782] [sw_udc]: free request: ep(0xc072acfc, ep1in-bulk, 512), req(0xd678e3c0)
11-20 11:16:57.792 W/Kernel  (    0): <4>[ 7181.137797] [sw_udc]: free request: ep(0xc072ad48, ep1out-bulk, 512), req(0xd678ebc0)
11-20 11:16:57.792 W/Kernel  (    0): <4>[ 7181.137812] [sw_udc]: free request: ep(0xc072acfc, ep1in-bulk, 512), req(0xd67f0740)
11-20 11:16:57.792 W/Kernel  (    0): <4>[ 7181.137826] [sw_udc]: free request: ep(0xc072ad48, ep1out-bulk, 512), req(0xe0d9bac0)
11-20 11:16:57.792 W/Kernel  (    0): <4>[ 7
11-20 11:16:57.792 W/Kernel  (    0): 181.137841] [sw_udc]: ep disable: ep1(0xc072acfc, ep1in-bulk, 128, 200)
11-20 11:16:57.792 W/Kernel  (    0): <4>[ 7181.137856] [sw_udc]: ep disable: ep1(0xc072ad48, ep1out-bulk, 0, 200)
11-20 11:16:57.792 W/Kernel  (    0): <4>[ 7181.137891] [sw_udc]: free request: ep(0xc072ade0, ep2out-bulk, 512), req(0xedbef6c0)
11-20 11:16:57.792 W/Kernel  (    0): <4>[ 7181.137908] [sw_udc]: free request: ep(0xc072ad94, ep2in-bulk, 512), req(0xedbef540)
11-20 11:16:57.792 W/Kernel  (    0): <4>[ 7181.137923] [sw_udc]: free request: ep(0xc072ad94, ep2in-bulk, 512), req(0xedbef5c0)
11-20 11:16:57.792 W/Kernel  (    0): <4>[ 7181.137938] [sw_udc]: free request: ep(0xc072ad94, ep2in-bulk, 512), req(0xedbef740
11-20 11:16:57.792 W/Kernel  (    0): )
11-20 11:16:57.792 W/Kernel  (    0): <4>[ 7181.137953] [sw_udc]: free request: ep(0xc072ad94, ep2in-bulk, 512), req(0xedbef7c0)
11-20 11:16:57.792 I/Kernel  (    0): <6>[ 7181.138147] adb_open
11-20 11:16:57.792 W/Kernel  (    0): <4>[ 7181.138173] ep_matches, wrn: endpoint already claimed, ep(0xc072acfc, 0xef18d080, ep1in-bulk)
11-20 11:16:57.792 I/Kernel  (    0): <6>[ 7181.138187] adb_bind_config
11-20 11:16:57.792 W/Kernel  (    0): <4>[ 7181.138197] ep_matches, wrn: endpoint already claimed, ep(0xc072acfc, 0xef18d080, ep1in-bulk)
11-20 11:16:57.792 W/Kernel  (    0): <4>[ 7181.138209] ep_matches, wrn: endpoint already claimed, ep(0xc072ad48, 0xef18d080, ep1out-bulk)
11-20 11:16:57.792 W/Kernel  (    0): <4>[ 7181.138223] ep_matches, wrn: endpoint already claim
11-20 11:16:57.793 W/Kernel  (    0): ed, ep(0xc072acfc, 0xef18d080, ep1in-bulk)
11-20 11:16:57.793 W/Kernel  (    0): <4>[ 7181.138235] ep_matches, wrn: endpoint already claimed, ep(0xc072ad48, 0xef18d080, ep1out-bulk)
11-20 11:16:57.793 W/Kernel  (    0): <4>[ 7181.138248] ep_matches, wrn: endpoint already claimed, ep(0xc072ad94, 0xef054540, ep2in-bulk)
11-20 11:16:57.793 W/Kernel  (    0): <4>[ 7181.138258] [sw_udc]: alloc request: ep(0xc072ade0, ep2out-bulk, 512), req(0xedbef740)
11-20 11:16:57.793 W/Kernel  (    0): <4>[ 7181.138274] [sw_udc]: alloc request: ep(0xc072ad94, ep2in-bulk, 512), req(0xedbef5c0)
11-20 11:16:57.793 W/Kernel  (    0): <4>[ 7181.138290] [sw_udc]: alloc request: ep(0xc072ad94, ep2in-bulk, 512), req(0xe
11-20 11:16:57.793 W/Kernel  (    0): dbef540)
11-20 11:16:57.793 W/Kernel  (    0): <4>[ 7181.138305] [sw_udc]: alloc request: ep(0xc072ad94, ep2in-bulk, 512), req(0xedbef6c0)
11-20 11:16:57.793 W/Kernel  (    0): <4>[ 7181.138320] [sw_udc]: alloc request: ep(0xc072ad94, ep2in-bulk, 512), req(0xedbef640)
11-20 11:16:57.793 W/Kernel  (    0): <4>[ 7181.138335] [sw_udc]: sunxi_udc_pullup, is_on = 1
11-20 11:16:57.793 W/Kernel  (    0): <4>[ 7181.138346] [sw_udc]: CONFIG_USB_GADGET_DUALSPEED: USBC_TS_MODE_HS
11-20 11:16:57.793 W/Kernel  (    0): <4>[ 7181.138358] [sw_udc]: usbd_start_work
11-20 11:16:57.793 W/Kernel  (    0): <4>[ 7181.193815] [sw_udc]: IRQ: suspend
11-20 11:16:57.793 W/Kernel  (    0): <4>[ 7181.193836] [sw_udc]: ERR: usb speed is unkown
11-20 11:16:57.793 W/Kernel  (    0): <4>[ 7181.345494] [sw_udc]: IRQ: reset
11-20 11:16:57.793 W/Kernel  (    0): <4>[ 7181.345
11-20 11:16:57.793 W/Kernel  (    0): 518] [sw_udc]: irq: reset happen, throw away all urb
11-20 11:16:57.793 W/Kernel  (    0): <4>[ 7181.416133] [sw_udc]: 
11-20 11:16:57.793 W/Kernel  (    0): <4>[ 7181.416150] +++++++++++++++++++++++++++++++++++++
11-20 11:16:57.793 W/Kernel  (    0): <4>[ 7181.416157] [sw_udc]:  usb enter high speed.
11-20 11:16:57.793 W/Kernel  (    0): <4>[ 7181.416166] [sw_udc]: 
11-20 11:16:57.793 W/Kernel  (    0): <4>[ 7181.416171] +++++++++++++++++++++++++++++++++++++
11-20 11:16:57.793 I/Kernel  (    0): <6>[ 7181.416329] android_work: sent uevent USB_STATE=CONNECTED
11-20 11:16:57.793 W/Kernel  (    0): <4>[ 7181.420969] [sw_udc]: IRQ: reset
11-20 11:16:57.794 W/Kernel  (    0): <4>[ 7181.420994] [sw_udc]: irq: reset happen, throw away all urb
11-20 11:16:57.794 W/Kernel  (    0): <4>[ 7181.487984] [sw_udc]: Set address 7
11-20 11:16:57.794 I/Kernel  (    0): <6>[ 7181.508950] android_u
11-20 11:16:57.794 I/Kernel  (    0): sb gadget: high-speed config #1: android
11-20 11:16:57.794 W/Kernel  (    0): <4>[ 7181.508982] [sw_udc]: ep enable: ep2(0xc072ad94, ep2in-bulk, 128, 512)
11-20 11:16:57.794 W/Kernel  (    0): <4>[ 7181.509000] [sw_udc]: ep enable: ep2(0xc072ad94, ep2in-bulk, 128, 512), fifo(2560, 1024, 1)
11-20 11:16:57.794 W/Kernel  (    0): <4>[ 7181.509023] [sw_udc]: ep enable: ep2(0xc072ade0, ep2out-bulk, 0, 512)
11-20 11:16:57.794 W/Kernel  (    0): <4>[ 7181.509037] [sw_udc]: ep enable: ep2(0xc072ade0, ep2out-bulk, 0, 512), fifo(3584, 1024, 1)
11-20 11:16:57.794 W/Kernel  (    0): <4>[ 7181.509095] [sw_udc]: ep enable: ep1(0xc072acfc, ep1in-bulk, 128, 512)
11-20 11:16:57.794 W/Kernel  (    0): <4>[ 7181.509110] [sw_udc]: ep enable: ep1(0xc
11-20 11:16:57.794 W/Kernel  (    0): 072acfc, ep1in-bulk, 128, 512), fifo(512, 1024, 1)
11-20 11:16:57.794 W/Kernel  (    0): <4>[ 7181.509129] [sw_udc]: ep enable: ep1(0xc072ad48, ep1out-bulk, 0, 512)
11-20 11:16:57.794 W/Kernel  (    0): <4>[ 7181.509143] [sw_udc]: ep enable: ep1(0xc072ad48, ep1out-bulk, 0, 512), fifo(1536, 1024, 1)
11-20 11:16:57.794 W/Kernel  (    0): <4>[ 7181.509163] [sw_udc]: alloc request: ep(0xc072acfc, ep1in-bulk, 512), req(0xe0d9bac0)
11-20 11:16:57.794 W/Kernel  (    0): <4>[ 7181.509178] [sw_udc]: alloc request: ep(0xc072ad48, ep1out-bulk, 512), req(0xd67f0740)
11-20 11:16:57.794 W/Kernel  (    0): <4>[ 7181.509200] [sw_udc]: alloc request: ep(0xc072acfc, ep1in-bulk, 512), req(0xd678ebc0)
11-20 11:16:57.794 W/Kernel  (    0): <4>[ 7181.5
11-20 11:16:57.794 W/Kernel  (    0): 09214] [sw_udc]: alloc request: ep(0xc072ad48, ep1out-bulk, 512), req(0xd678e3c0)
11-20 11:16:57.794 I/Kernel  (    0): <6>[ 7181.509345] android_work: sent uevent USB_STATE=CONFIGURED
11-20 11:16:57.794 W/Kernel  (    0): <4>[ 6948.550874] CPU1: Booted secondary processor
11-20 11:16:57.795 I/Kernel  (    0): <5>[ 7183.521414] CPU1: shutdown
11-20 11:16:57.795 I/Kernel  (    0): <6>[ 7183.521435] [hotplug]: cpu(0) try to kill cpu(1)
11-20 11:16:57.795 I/Kernel  (    0): <6>[ 7183.522485] [hotplug]: cpu1 is killed! .
11-20 11:16:57.795 W/Kernel  (    0): <4>[ 7186.505648] WRN:L1444(drivers/usb/sunxi_usb/udc/sunxi_udc.c):handle_ep0: ep0 setup end
11-20 11:16:57.795 W/Kernel  (    0): <4>[ 7186.505668] nuke: ep num is 0
11-20 11:16:57.795 I/Kernel  (    0): <6>[ 7315.917156] request_suspend_state: wakeup (3
11-20 11:16:57.795 I/Kernel  (    0): ->0) at 7315917132975 (2013-11-20 03:16:28.184134903 UTC)
11-20 11:16:57.795 W/Kernel  (    0): <4>[ 7315.917215] [vans] usb already in, do not need late resume
11-20 11:16:57.795 E/Kernel  (    0): <3>[ 7315.917254] mali_platform_adjust_gpu_freq(424): set pll8 clock rate success,freq = 408 Mhz!
11-20 11:16:57.795 I/Kernel  (    0): <5>[ 7315.934396] [VFE]vfe_resume
11-20 11:16:57.795 I/Kernel  (    0): <5>[ 7315.934485] [VFE]vfe resume work start!
11-20 11:16:57.795 I/Kernel  (    0): <6>[ 7315.934531] sunxi pmx set pin [PE15] to 1
11-20 11:16:57.795 I/Kernel  (    0): <6>[ 7315.934547] sunxi pmx set pin [PE14] to 1
11-20 11:16:57.795 W/Kernel  (    0): <4>[ 7315.934952] axp pconf set pin [GPIO2] data to [1]
11-20 11:16:57.795 I/Kernel  (    0): <5>[ 7315.935811] [VFE]mclk on
11-20 11:16:57.795 W/Kernel  (    0): <4>[ 7315.947879] [VFE_WARN]
11-20 11:16:57.795 W/Kernel  (    0): os_gpio_write, hdl is NULL
11-20 11:16:57.795 I/Kernel  (    0): <6>[ 7315.970190] sunxi pconf set pin [PH7] func to [1]
11-20 11:16:57.795 I/Kernel  (    0): <6>[ 7315.970218] sunxi pconf set pin [PH7] pull to [0]
11-20 11:16:57.795 I/Kernel  (    0): <6>[ 7315.970240] sunxi pconf set pin [PH7] data to [0]
11-20 11:16:57.795 I/Kernel  (    0): <6>[ 7315.976780] qtaguid: ctrl_counterset(s 1 10031): insufficient priv from pid=432 tgid=375 uid=1000
11-20 11:16:57.795 W/Kernel  (    0): <4>[ 7315.991813] [CSI][GC2035]V4L2_IDENT_SENSOR=2035
11-20 11:16:57.795 I/Kernel  (    0): <6>[ 7316.210183] sunxi pconf set pin [PH0] func to [2]
11-20 11:16:57.795 I/Kernel  (    0): <6>[ 7316.210224] sunxi pconf set pin [PH6] func to [1]
11-20 11:16:57.795 I/Kernel  (    0): <6>[ 7316.210243] sunxi pconf set pin [PH6] pul
11-20 11:16:57.796 I/Kernel  (    0): l to [0]
11-20 11:16:57.796 I/Kernel  (    0): <6>[ 7316.210261] sunxi pconf set pin [PH6] data to [1]
11-20 11:16:57.796 I/Kernel  (    0): <6>[ 7316.220510] [DISP]display late resume done
11-20 11:16:57.796 W/Kernel  (    0): <4>[ 7183.530851] CPU1: Booted secondary processor
11-20 11:16:57.796 I/Kernel  (    0): <6>[ 7316.270133] sunxi pconf get pin [PB5] func [1]
11-20 11:16:57.796 I/Kernel  (    0): <6>[ 7316.330145] sunxi pconf get pin [PB5] func [1]
11-20 11:16:57.796 I/Kernel  (    0): <6>[ 7316.330162] sunxi pconf set pin [PB5] func to [4]
11-20 11:16:57.796 W/Kernel  (    0): <4>[ 7316.520089] [CSI][GC2035]disalbe oe!
11-20 11:16:57.796 I/Kernel  (    0): <5>[ 7316.532152] [VFE]mclk off
11-20 11:16:57.796 I/Kernel  (    0): <6>[ 7316.532211] sunxi pmx set pin [PE17] to 1
11-20 11:16:57.796 I/Kernel  (    0): <6>[ 7316.532228] sunxi pmx set pin [PE16] to 1
11-20 11:16:57.796 I/Kernel  (    0): <5>[ 7316.5334
11-20 11:16:57.796 I/Kernel  (    0): 65] [VFE]mclk on
11-20 11:16:57.796 W/Kernel  (    0): <4>[ 7316.545500] [VFE_WARN]os_gpio_write, hdl is NULL
11-20 11:16:57.796 W/Kernel  (    0): <4>[ 7316.733132] [CSI][GC0307]disalbe oe!
11-20 11:16:57.796 I/Kernel  (    0): <5>[ 7316.840125] [VFE]mclk off
11-20 11:16:57.796 I/Kernel  (    0): <5>[ 7316.840167] [VFE]vfe resume work end!
11-20 11:16:57.796 I/Kernel  (    0): <5>[ 7319.211503] CPU1: shutdown
11-20 11:16:57.796 I/Kernel  (    0): <6>[ 7319.211526] [hotplug]: cpu(0) try to kill cpu(1)
11-20 11:16:57.796 I/Kernel  (    0): <6>[ 7319.212578] [hotplug]: cpu1 is killed! .
11-20 11:16:57.796 W/Kernel  (    0): <4>[ 7319.220871] CPU1: Booted secondary processor
11-20 11:16:57.796 I/Kernel  (    0): <5>[ 7341.041496] CPU1: shutdown
11-20 11:16:57.796 I/Kernel  (    0): <6>[ 7341.041518] [hotplug]: cpu(0) try to kill cpu(1)
11-20 11:16:57.796 I/Kernel  (    0): <6>[ 7341.042606] [hotplug]: cpu1 is killed! .
--------- beginning of /dev/log/main
11-20 11:16:57.679 V/audio_hw_primary(  111): start_output_stream, line: 728
11-20 11:16:57.679 V/codec_audio_pad(  111): in normal mode, headset or speaker on,****LINE:81,FUNC:set_normal_path
--------- beginning of /dev/log/system
11-20 11:16:57.699 I/ActivityManager(  375): START u0 {act=android.intent.action.MAIN cat=[android.intent.category.LAUNCHER] flg=0x10200000 cmp=com.android.soundrecorder/.SoundRecorder} from pid 555
11-20 11:16:57.829 V/audio_hw_primary(  111): normal mode , speaker,****LINE:653,FUNC:select_output_device
11-20 11:16:57.829 V/audio_hw_primary(  111): start_output_stream: card:0, port:0, rate:44100
11-20 11:16:57.829 D/alsa_pcm(  111): pcm_open:,sparams.stop_threshold:1540, config->stop_threshold:0
11-20 11:16:57.829 V/audio_hw_primary(  111): do not use out resampler
11-20 11:16:57.895 I/Kernel  (    0): <6>[ 7345.628745] qtaguid: ctrl_counterset(s 1 10049): insufficient priv from pid=432 tgid=375 uid=1000
11-20 11:16:57.879 I/qtaguid (  375): Failed write_ctrl(s 1 10049) res=-1 errno=1
11-20 11:16:57.879 W/NetworkManagementSocketTagger(  375): setKernelCountSet(10049, 1) failed with errno -1
11-20 11:16:57.942 W/Kernel  (    0): <4>[ 7341.050896] CPU1: Booted secondary processor
11-20 11:16:57.929 D/webviewglue( 1547): OnTrimMemory with EGL Context 0x0
11-20 11:16:57.959 D/gralloc (  108): use system buffer 
11-20 11:16:57.969 W/BufferQueue(  108): freeAllBuffersLocked called but mQueue is not empty
11-20 11:16:57.969 D/gralloc (  108): use system buffer 
11-20 11:16:58.099 I/ActivityManager(  375): Displayed com.android.soundrecorder/.SoundRecorder: +250ms
11-20 11:16:59.549 D/gralloc (  108): use system buffer 
11-20 11:16:59.619 D/CedarXRecorder(  111): Calling process is: com.android.soundrecorder !
11-20 11:16:59.619 W/StagefrightRecorder(  111): Intended audio encoding bit rate (128000) is too large and will be set to (51200)
11-20 11:16:59.619 V/audio_hw_primary(  111): to malloc in-buffer: period_size: 1024, frame_size: 2
11-20 11:16:59.629 I/MPEG4Writer(  111): limits: 2147483647/0 bytes/us, bit rate: 51200 bps and the estimated moov size 3072 bytes
11-20 11:16:59.629 V/audio_hw_primary(  111): in_set_parameters: input_source=1;routing=-2147483644
11-20 11:16:59.639 V/audio_hw_primary(  111): start_input_stream, line: 1462
11-20 11:16:59.639 V/codec_audio_pad(  111): normal record mode 4,****LINE:91,FUNC:set_normal_record_enable
11-20 11:16:59.639 V/codec_audio_pad(  111): normal record mode 4,****LINE:97,FUNC:set_normal_record
11-20 11:16:59.639 V/audio_hw_primary(  111): normal record,****LINE:721,FUNC:select_input_device
11-20 11:16:59.639 V/audio_hw_primary(  111): do not use in resampler
11-20 11:16:59.904 I/Kernel  (    0): <5>[ 7347.421422] CPU1: shutdown
11-20 11:16:59.904 I/Kernel  (    0): <6>[ 7347.421444] [hotplug]: cpu(0) try to kill cpu(1)
11-20 11:16:59.904 I/Kernel  (    0): <6>[ 7347.422482] [hotplug]: cpu1 is killed! .
11-20 11:16:59.889 D/gralloc (  108): use system buffer 
11-20 11:16:59.969 I/MPEG4Writer(  111): setStartTimestampUs: 238552
11-20 11:16:59.969 I/MPEG4Writer(  111): Earliest track starting time: 238552
11-20 11:17:01.029 D/dalvikvm(  375): GC_FOR_ALLOC freed 1793K, 28% free 8826K/12124K, paused 70ms, total 74ms
11-20 11:17:01.049 D/MPEG4Writer(  111): Stopping Audio track
11-20 11:17:01.049 I/MPEG4Writer(  111): Received total/0-length (49/0) buffers and encoded 48 frames. - audio
11-20 11:17:01.049 I/MPEG4Writer(  111): Audio track drift time: 0 us
11-20 11:17:01.049 D/MPEG4Writer(  111): Stopping Audio track source
11-20 11:17:01.229 V/codec_audio_pad(  111): normal record mode 4,****LINE:91,FUNC:set_normal_record_enable
11-20 11:17:01.229 V/codec_audio_pad(  111): normal record mode 4,****LINE:97,FUNC:set_normal_record
11-20 11:17:01.229 V/audio_hw_primary(  111): normal record,****LINE:721,FUNC:select_input_device
11-20 11:17:01.239 D/MPEG4Writer(  111): Audio track stopped
11-20 11:17:01.239 D/MPEG4Writer(  111): Stopping writer thread
11-20 11:17:01.239 D/MPEG4Writer(  111): 0 chunks are written in the last batch
11-20 11:17:01.239 D/MPEG4Writer(  111): Writer thread stopped
11-20 11:17:01.239 I/MPEG4Writer(  111): The mp4 file will not be streamable.
11-20 11:17:01.239 D/MPEG4Writer(  111): Stopping Audio track
11-20 11:17:01.379 V/codec_audio_pad(  111): normal record mode 4,****LINE:91,FUNC:set_normal_record_enable
11-20 11:17:01.379 V/codec_audio_pad(  111): fm record mode 4,****LINE:184,FUNC:set_fm_record_enable
11-20 11:17:01.379 D/audio_hw_primary(  111): adev_close_input_stream set voice record status
11-20 11:17:01.479 W/MediaRecorder( 2588): mediarecorder went away with unhandled events
11-20 11:17:01.533 I/Kernel  (    0): <6>[ 7349.266003] qtaguid: ctrl_counterset(s 0 10049): insufficient priv from pid=432 tgid=375 uid=1000
11-20 11:17:01.519 I/qtaguid (  375): Failed write_ctrl(s 0 10049) res=-1 errno=1
11-20 11:17:01.519 W/NetworkManagementSocketTagger(  375): setKernelCountSet(10049, 0) failed with errno -1
11-20 11:17:02.728 W/Kernel  (    0): <4>[ 7347.430834] CPU1: Booted secondary processor
11-20 11:17:02.719 D/audio_hw_primary(  111): out_standby
